<!doctype html public "-//w3c//dtd html 4.0 transitional//en">
<html><head>
<title>Static Call Graph - [.\Output\WF-STM32F429.axf]</title></head>
<body><HR>
<H1>Static Call Graph for image .\Output\WF-STM32F429.axf</H1><HR>
<BR><P>#&#060CALLGRAPH&#062# ARM Linker, 5050106: Last Updated: Fri Jan 16 15:12:06 2026
<BR><P>
<H3>Maximum Stack Usage =        244 bytes + Unknown(Functions without stacksize, Cycles, Untraceable Function Pointers)</H3><H3>
Call chain for Maximum Stack Depth:</H3>
AppTaskStart &rArr; BSP_Init &rArr; eMBInit &rArr; eMBRTUInit &rArr; xMBPortSerialInit &rArr; USART_Init &rArr; RCC_GetClocksFreq
<P>
<H3>
Functions with no stack information
</H3><UL>
 <LI><a href="#[16d]">CPU_IntDis</a>
 <LI><a href="#[16e]">CPU_IntEn</a>
 <LI><a href="#[b7]">CPU_SR_Save</a>
 <LI><a href="#[b9]">CPU_SR_Restore</a>
 <LI><a href="#[16f]">CPU_WaitForInt</a>
 <LI><a href="#[170]">CPU_WaitForExcept</a>
 <LI><a href="#[119]">CPU_CntLeadZeros</a>
 <LI><a href="#[171]">CPU_CntTrailZeros</a>
 <LI><a href="#[172]">CPU_RevBits</a>
 <LI><a href="#[10a]">OS_CPU_FP_Reg_Push</a>
 <LI><a href="#[10b]">OS_CPU_FP_Reg_Pop</a>
 <LI><a href="#[f3]">OSStartHighRdy</a>
 <LI><a href="#[ed]">OSCtxSw</a>
 <LI><a href="#[dc]">OSIntCtxSw</a>
 <LI><a href="#[12]">OS_CPU_PendSVHandler</a>
</UL>
</UL>
<P>
<H3>
Mutually Recursive functions
</H3> <LI><a href="#[26]">ADC_IRQHandler</a>&nbsp;&nbsp;&nbsp;&rArr;&nbsp;&nbsp;&nbsp;<a href="#[26]">ADC_IRQHandler</a><BR>
</UL>
<P>
<H3>
Function Pointers
</H3><UL>
 <LI><a href="#[26]">ADC_IRQHandler</a> from startup_stm32f429_439xx.o(.text) referenced from startup_stm32f429_439xx.o(RESET)
 <LI><a href="#[72]">AppTaskLed1</a> from app.o(i.AppTaskLed1) referenced from app.o(i.AppTaskStart)
 <LI><a href="#[73]">AppTaskLed2</a> from app.o(i.AppTaskLed2) referenced from app.o(i.AppTaskStart)
 <LI><a href="#[81]">AppTaskStart</a> from app.o(i.AppTaskStart) referenced from app.o(i.main)
 <LI><a href="#[e]">BusFault_Handler</a> from stm32f4xx_it.o(i.BusFault_Handler) referenced from startup_stm32f429_439xx.o(RESET)
 <LI><a href="#[28]">CAN1_RX0_IRQHandler</a> from startup_stm32f429_439xx.o(.text) referenced from startup_stm32f429_439xx.o(RESET)
 <LI><a href="#[29]">CAN1_RX1_IRQHandler</a> from startup_stm32f429_439xx.o(.text) referenced from startup_stm32f429_439xx.o(RESET)
 <LI><a href="#[2a]">CAN1_SCE_IRQHandler</a> from startup_stm32f429_439xx.o(.text) referenced from startup_stm32f429_439xx.o(RESET)
 <LI><a href="#[27]">CAN1_TX_IRQHandler</a> from startup_stm32f429_439xx.o(.text) referenced from startup_stm32f429_439xx.o(RESET)
 <LI><a href="#[54]">CAN2_RX0_IRQHandler</a> from startup_stm32f429_439xx.o(.text) referenced from startup_stm32f429_439xx.o(RESET)
 <LI><a href="#[55]">CAN2_RX1_IRQHandler</a> from startup_stm32f429_439xx.o(.text) referenced from startup_stm32f429_439xx.o(RESET)
 <LI><a href="#[56]">CAN2_SCE_IRQHandler</a> from startup_stm32f429_439xx.o(.text) referenced from startup_stm32f429_439xx.o(RESET)
 <LI><a href="#[53]">CAN2_TX_IRQHandler</a> from startup_stm32f429_439xx.o(.text) referenced from startup_stm32f429_439xx.o(RESET)
 <LI><a href="#[63]">CRYP_IRQHandler</a> from startup_stm32f429_439xx.o(.text) referenced from startup_stm32f429_439xx.o(RESET)
 <LI><a href="#[62]">DCMI_IRQHandler</a> from startup_stm32f429_439xx.o(.text) referenced from startup_stm32f429_439xx.o(RESET)
 <LI><a href="#[1f]">DMA1_Stream0_IRQHandler</a> from startup_stm32f429_439xx.o(.text) referenced from startup_stm32f429_439xx.o(RESET)
 <LI><a href="#[20]">DMA1_Stream1_IRQHandler</a> from startup_stm32f429_439xx.o(.text) referenced from startup_stm32f429_439xx.o(RESET)
 <LI><a href="#[21]">DMA1_Stream2_IRQHandler</a> from startup_stm32f429_439xx.o(.text) referenced from startup_stm32f429_439xx.o(RESET)
 <LI><a href="#[22]">DMA1_Stream3_IRQHandler</a> from startup_stm32f429_439xx.o(.text) referenced from startup_stm32f429_439xx.o(RESET)
 <LI><a href="#[23]">DMA1_Stream4_IRQHandler</a> from startup_stm32f429_439xx.o(.text) referenced from startup_stm32f429_439xx.o(RESET)
 <LI><a href="#[24]">DMA1_Stream5_IRQHandler</a> from startup_stm32f429_439xx.o(.text) referenced from startup_stm32f429_439xx.o(RESET)
 <LI><a href="#[25]">DMA1_Stream6_IRQHandler</a> from startup_stm32f429_439xx.o(.text) referenced from startup_stm32f429_439xx.o(RESET)
 <LI><a href="#[43]">DMA1_Stream7_IRQHandler</a> from startup_stm32f429_439xx.o(.text) referenced from startup_stm32f429_439xx.o(RESET)
 <LI><a href="#[6e]">DMA2D_IRQHandler</a> from startup_stm32f429_439xx.o(.text) referenced from startup_stm32f429_439xx.o(RESET)
 <LI><a href="#[4c]">DMA2_Stream0_IRQHandler</a> from startup_stm32f429_439xx.o(.text) referenced from startup_stm32f429_439xx.o(RESET)
 <LI><a href="#[4d]">DMA2_Stream1_IRQHandler</a> from startup_stm32f429_439xx.o(.text) referenced from startup_stm32f429_439xx.o(RESET)
 <LI><a href="#[4e]">DMA2_Stream2_IRQHandler</a> from startup_stm32f429_439xx.o(.text) referenced from startup_stm32f429_439xx.o(RESET)
 <LI><a href="#[4f]">DMA2_Stream3_IRQHandler</a> from startup_stm32f429_439xx.o(.text) referenced from startup_stm32f429_439xx.o(RESET)
 <LI><a href="#[50]">DMA2_Stream4_IRQHandler</a> from startup_stm32f429_439xx.o(.text) referenced from startup_stm32f429_439xx.o(RESET)
 <LI><a href="#[58]">DMA2_Stream5_IRQHandler</a> from startup_stm32f429_439xx.o(.text) referenced from startup_stm32f429_439xx.o(RESET)
 <LI><a href="#[59]">DMA2_Stream6_IRQHandler</a> from startup_stm32f429_439xx.o(.text) referenced from startup_stm32f429_439xx.o(RESET)
 <LI><a href="#[5a]">DMA2_Stream7_IRQHandler</a> from startup_stm32f429_439xx.o(.text) referenced from startup_stm32f429_439xx.o(RESET)
 <LI><a href="#[11]">DebugMon_Handler</a> from stm32f4xx_it.o(i.DebugMon_Handler) referenced from startup_stm32f429_439xx.o(RESET)
 <LI><a href="#[51]">ETH_IRQHandler</a> from startup_stm32f429_439xx.o(.text) referenced from startup_stm32f429_439xx.o(RESET)
 <LI><a href="#[52]">ETH_WKUP_IRQHandler</a> from startup_stm32f429_439xx.o(.text) referenced from startup_stm32f429_439xx.o(RESET)
 <LI><a href="#[1a]">EXTI0_IRQHandler</a> from startup_stm32f429_439xx.o(.text) referenced from startup_stm32f429_439xx.o(RESET)
 <LI><a href="#[3c]">EXTI15_10_IRQHandler</a> from startup_stm32f429_439xx.o(.text) referenced from startup_stm32f429_439xx.o(RESET)
 <LI><a href="#[1b]">EXTI1_IRQHandler</a> from startup_stm32f429_439xx.o(.text) referenced from startup_stm32f429_439xx.o(RESET)
 <LI><a href="#[1c]">EXTI2_IRQHandler</a> from startup_stm32f429_439xx.o(.text) referenced from startup_stm32f429_439xx.o(RESET)
 <LI><a href="#[1d]">EXTI3_IRQHandler</a> from startup_stm32f429_439xx.o(.text) referenced from startup_stm32f429_439xx.o(RESET)
 <LI><a href="#[1e]">EXTI4_IRQHandler</a> from startup_stm32f429_439xx.o(.text) referenced from startup_stm32f429_439xx.o(RESET)
 <LI><a href="#[2b]">EXTI9_5_IRQHandler</a> from startup_stm32f429_439xx.o(.text) referenced from startup_stm32f429_439xx.o(RESET)
 <LI><a href="#[18]">FLASH_IRQHandler</a> from startup_stm32f429_439xx.o(.text) referenced from startup_stm32f429_439xx.o(RESET)
 <LI><a href="#[44]">FMC_IRQHandler</a> from startup_stm32f429_439xx.o(.text) referenced from startup_stm32f429_439xx.o(RESET)
 <LI><a href="#[65]">FPU_IRQHandler</a> from startup_stm32f429_439xx.o(.text) referenced from startup_stm32f429_439xx.o(RESET)
 <LI><a href="#[64]">HASH_RNG_IRQHandler</a> from startup_stm32f429_439xx.o(.text) referenced from startup_stm32f429_439xx.o(RESET)
 <LI><a href="#[c]">HardFault_Handler</a> from stm32f4xx_it.o(i.HardFault_Handler) referenced from startup_stm32f429_439xx.o(RESET)
 <LI><a href="#[34]">I2C1_ER_IRQHandler</a> from startup_stm32f429_439xx.o(.text) referenced from startup_stm32f429_439xx.o(RESET)
 <LI><a href="#[33]">I2C1_EV_IRQHandler</a> from startup_stm32f429_439xx.o(.text) referenced from startup_stm32f429_439xx.o(RESET)
 <LI><a href="#[36]">I2C2_ER_IRQHandler</a> from startup_stm32f429_439xx.o(.text) referenced from startup_stm32f429_439xx.o(RESET)
 <LI><a href="#[35]">I2C2_EV_IRQHandler</a> from startup_stm32f429_439xx.o(.text) referenced from startup_stm32f429_439xx.o(RESET)
 <LI><a href="#[5d]">I2C3_ER_IRQHandler</a> from startup_stm32f429_439xx.o(.text) referenced from startup_stm32f429_439xx.o(RESET)
 <LI><a href="#[5c]">I2C3_EV_IRQHandler</a> from startup_stm32f429_439xx.o(.text) referenced from startup_stm32f429_439xx.o(RESET)
 <LI><a href="#[6d]">LTDC_ER_IRQHandler</a> from startup_stm32f429_439xx.o(.text) referenced from startup_stm32f429_439xx.o(RESET)
 <LI><a href="#[6c]">LTDC_IRQHandler</a> from startup_stm32f429_439xx.o(.text) referenced from startup_stm32f429_439xx.o(RESET)
 <LI><a href="#[d]">MemManage_Handler</a> from stm32f4xx_it.o(i.MemManage_Handler) referenced from startup_stm32f429_439xx.o(RESET)
 <LI><a href="#[b]">NMI_Handler</a> from stm32f4xx_it.o(i.NMI_Handler) referenced from startup_stm32f429_439xx.o(RESET)
 <LI><a href="#[12]">OS_CPU_PendSVHandler</a> from os_cpu_a.o(CODE) referenced from startup_stm32f429_439xx.o(RESET)
 <LI><a href="#[13]">OS_CPU_SysTickHandler</a> from os_cpu_c.o(i.OS_CPU_SysTickHandler) referenced from startup_stm32f429_439xx.o(RESET)
 <LI><a href="#[75]">OS_IdleTask</a> from os_core.o(i.OS_IdleTask) referenced from os_core.o(i.OS_IdleTaskInit)
 <LI><a href="#[76]">OS_StatTask</a> from os_stat.o(i.OS_StatTask) referenced from os_stat.o(i.OS_StatTaskInit)
 <LI><a href="#[74]">OS_TaskReturn</a> from os_task.o(i.OS_TaskReturn) referenced from os_cpu_c.o(i.OSTaskStkInit)
 <LI><a href="#[77]">OS_TickTask</a> from os_tick.o(i.OS_TickTask) referenced from os_tick.o(i.OS_TickTaskInit)
 <LI><a href="#[78]">OS_TmrTask</a> from os_tmr.o(i.OS_TmrTask) referenced from os_tmr.o(i.OS_TmrInit)
 <LI><a href="#[57]">OTG_FS_IRQHandler</a> from startup_stm32f429_439xx.o(.text) referenced from startup_stm32f429_439xx.o(RESET)
 <LI><a href="#[3e]">OTG_FS_WKUP_IRQHandler</a> from startup_stm32f429_439xx.o(.text) referenced from startup_stm32f429_439xx.o(RESET)
 <LI><a href="#[5f]">OTG_HS_EP1_IN_IRQHandler</a> from startup_stm32f429_439xx.o(.text) referenced from startup_stm32f429_439xx.o(RESET)
 <LI><a href="#[5e]">OTG_HS_EP1_OUT_IRQHandler</a> from startup_stm32f429_439xx.o(.text) referenced from startup_stm32f429_439xx.o(RESET)
 <LI><a href="#[61]">OTG_HS_IRQHandler</a> from startup_stm32f429_439xx.o(.text) referenced from startup_stm32f429_439xx.o(RESET)
 <LI><a href="#[60]">OTG_HS_WKUP_IRQHandler</a> from startup_stm32f429_439xx.o(.text) referenced from startup_stm32f429_439xx.o(RESET)
 <LI><a href="#[15]">PVD_IRQHandler</a> from startup_stm32f429_439xx.o(.text) referenced from startup_stm32f429_439xx.o(RESET)
 <LI><a href="#[19]">RCC_IRQHandler</a> from startup_stm32f429_439xx.o(.text) referenced from startup_stm32f429_439xx.o(RESET)
 <LI><a href="#[3d]">RTC_Alarm_IRQHandler</a> from startup_stm32f429_439xx.o(.text) referenced from startup_stm32f429_439xx.o(RESET)
 <LI><a href="#[17]">RTC_WKUP_IRQHandler</a> from startup_stm32f429_439xx.o(.text) referenced from startup_stm32f429_439xx.o(RESET)
 <LI><a href="#[a]">Reset_Handler</a> from startup_stm32f429_439xx.o(.text) referenced from startup_stm32f429_439xx.o(RESET)
 <LI><a href="#[6b]">SAI1_IRQHandler</a> from startup_stm32f429_439xx.o(.text) referenced from startup_stm32f429_439xx.o(RESET)
 <LI><a href="#[45]">SDIO_IRQHandler</a> from startup_stm32f429_439xx.o(.text) referenced from startup_stm32f429_439xx.o(RESET)
 <LI><a href="#[37]">SPI1_IRQHandler</a> from startup_stm32f429_439xx.o(.text) referenced from startup_stm32f429_439xx.o(RESET)
 <LI><a href="#[38]">SPI2_IRQHandler</a> from startup_stm32f429_439xx.o(.text) referenced from startup_stm32f429_439xx.o(RESET)
 <LI><a href="#[47]">SPI3_IRQHandler</a> from startup_stm32f429_439xx.o(.text) referenced from startup_stm32f429_439xx.o(RESET)
 <LI><a href="#[68]">SPI4_IRQHandler</a> from startup_stm32f429_439xx.o(.text) referenced from startup_stm32f429_439xx.o(RESET)
 <LI><a href="#[69]">SPI5_IRQHandler</a> from startup_stm32f429_439xx.o(.text) referenced from startup_stm32f429_439xx.o(RESET)
 <LI><a href="#[6a]">SPI6_IRQHandler</a> from startup_stm32f429_439xx.o(.text) referenced from startup_stm32f429_439xx.o(RESET)
 <LI><a href="#[10]">SVC_Handler</a> from stm32f4xx_it.o(i.SVC_Handler) referenced from startup_stm32f429_439xx.o(RESET)
 <LI><a href="#[70]">SystemInit</a> from system_stm32f4xx.o(i.SystemInit) referenced from startup_stm32f429_439xx.o(.text)
 <LI><a href="#[16]">TAMP_STAMP_IRQHandler</a> from startup_stm32f429_439xx.o(.text) referenced from startup_stm32f429_439xx.o(RESET)
 <LI><a href="#[2c]">TIM1_BRK_TIM9_IRQHandler</a> from startup_stm32f429_439xx.o(.text) referenced from startup_stm32f429_439xx.o(RESET)
 <LI><a href="#[2f]">TIM1_CC_IRQHandler</a> from startup_stm32f429_439xx.o(.text) referenced from startup_stm32f429_439xx.o(RESET)
 <LI><a href="#[2e]">TIM1_TRG_COM_TIM11_IRQHandler</a> from startup_stm32f429_439xx.o(.text) referenced from startup_stm32f429_439xx.o(RESET)
 <LI><a href="#[2d]">TIM1_UP_TIM10_IRQHandler</a> from startup_stm32f429_439xx.o(.text) referenced from startup_stm32f429_439xx.o(RESET)
 <LI><a href="#[30]">TIM2_IRQHandler</a> from stm32f4xx_it.o(i.TIM2_IRQHandler) referenced from startup_stm32f429_439xx.o(RESET)
 <LI><a href="#[31]">TIM3_IRQHandler</a> from stm32f4xx_it.o(i.TIM3_IRQHandler) referenced from startup_stm32f429_439xx.o(RESET)
 <LI><a href="#[32]">TIM4_IRQHandler</a> from stm32f4xx_it.o(i.TIM4_IRQHandler) referenced from startup_stm32f429_439xx.o(RESET)
 <LI><a href="#[46]">TIM5_IRQHandler</a> from stm32f4xx_it.o(i.TIM5_IRQHandler) referenced from startup_stm32f429_439xx.o(RESET)
 <LI><a href="#[4a]">TIM6_DAC_IRQHandler</a> from startup_stm32f429_439xx.o(.text) referenced from startup_stm32f429_439xx.o(RESET)
 <LI><a href="#[4b]">TIM7_IRQHandler</a> from startup_stm32f429_439xx.o(.text) referenced from startup_stm32f429_439xx.o(RESET)
 <LI><a href="#[3f]">TIM8_BRK_TIM12_IRQHandler</a> from startup_stm32f429_439xx.o(.text) referenced from startup_stm32f429_439xx.o(RESET)
 <LI><a href="#[42]">TIM8_CC_IRQHandler</a> from startup_stm32f429_439xx.o(.text) referenced from startup_stm32f429_439xx.o(RESET)
 <LI><a href="#[41]">TIM8_TRG_COM_TIM14_IRQHandler</a> from startup_stm32f429_439xx.o(.text) referenced from startup_stm32f429_439xx.o(RESET)
 <LI><a href="#[40]">TIM8_UP_TIM13_IRQHandler</a> from startup_stm32f429_439xx.o(.text) referenced from startup_stm32f429_439xx.o(RESET)
 <LI><a href="#[48]">UART4_IRQHandler</a> from startup_stm32f429_439xx.o(.text) referenced from startup_stm32f429_439xx.o(RESET)
 <LI><a href="#[49]">UART5_IRQHandler</a> from startup_stm32f429_439xx.o(.text) referenced from startup_stm32f429_439xx.o(RESET)
 <LI><a href="#[66]">UART7_IRQHandler</a> from startup_stm32f429_439xx.o(.text) referenced from startup_stm32f429_439xx.o(RESET)
 <LI><a href="#[67]">UART8_IRQHandler</a> from startup_stm32f429_439xx.o(.text) referenced from startup_stm32f429_439xx.o(RESET)
 <LI><a href="#[39]">USART1_IRQHandler</a> from startup_stm32f429_439xx.o(.text) referenced from startup_stm32f429_439xx.o(RESET)
 <LI><a href="#[3a]">USART2_IRQHandler</a> from stm32f4xx_it.o(i.USART2_IRQHandler) referenced from startup_stm32f429_439xx.o(RESET)
 <LI><a href="#[3b]">USART3_IRQHandler</a> from startup_stm32f429_439xx.o(.text) referenced from startup_stm32f429_439xx.o(RESET)
 <LI><a href="#[5b]">USART6_IRQHandler</a> from startup_stm32f429_439xx.o(.text) referenced from startup_stm32f429_439xx.o(RESET)
 <LI><a href="#[f]">UsageFault_Handler</a> from stm32f4xx_it.o(i.UsageFault_Handler) referenced from startup_stm32f429_439xx.o(RESET)
 <LI><a href="#[14]">WWDG_IRQHandler</a> from startup_stm32f429_439xx.o(.text) referenced from startup_stm32f429_439xx.o(RESET)
 <LI><a href="#[71]">__main</a> from entry.o(.ARM.Collect$$$$00000000) referenced from startup_stm32f429_439xx.o(.text)
 <LI><a href="#[6]">eMBFuncReadCoils</a> from mbfunccoils.o(i.eMBFuncReadCoils) referenced 2 times from mb.o(.data)
 <LI><a href="#[9]">eMBFuncReadDiscreteInputs</a> from mbfuncdisc.o(i.eMBFuncReadDiscreteInputs) referenced 2 times from mb.o(.data)
 <LI><a href="#[2]">eMBFuncReadHoldingRegister</a> from mbfuncholding.o(i.eMBFuncReadHoldingRegister) referenced 2 times from mb.o(.data)
 <LI><a href="#[1]">eMBFuncReadInputRegister</a> from mbfuncinput.o(i.eMBFuncReadInputRegister) referenced 2 times from mb.o(.data)
 <LI><a href="#[5]">eMBFuncReadWriteMultipleHoldingRegister</a> from mbfuncholding.o(i.eMBFuncReadWriteMultipleHoldingRegister) referenced 2 times from mb.o(.data)
 <LI><a href="#[0]">eMBFuncReportSlaveID</a> from mbfuncother.o(i.eMBFuncReportSlaveID) referenced 2 times from mb.o(.data)
 <LI><a href="#[7]">eMBFuncWriteCoil</a> from mbfunccoils.o(i.eMBFuncWriteCoil) referenced 2 times from mb.o(.data)
 <LI><a href="#[4]">eMBFuncWriteHoldingRegister</a> from mbfuncholding.o(i.eMBFuncWriteHoldingRegister) referenced 2 times from mb.o(.data)
 <LI><a href="#[8]">eMBFuncWriteMultipleCoils</a> from mbfunccoils.o(i.eMBFuncWriteMultipleCoils) referenced 2 times from mb.o(.data)
 <LI><a href="#[3]">eMBFuncWriteMultipleHoldingRegister</a> from mbfuncholding.o(i.eMBFuncWriteMultipleHoldingRegister) referenced 2 times from mb.o(.data)
 <LI><a href="#[7d]">eMBRTUReceive</a> from mbrtu.o(i.eMBRTUReceive) referenced from mb.o(i.eMBInit)
 <LI><a href="#[7c]">eMBRTUSend</a> from mbrtu.o(i.eMBRTUSend) referenced from mb.o(i.eMBInit)
 <LI><a href="#[7a]">eMBRTUStart</a> from mbrtu.o(i.eMBRTUStart) referenced from mb.o(i.eMBInit)
 <LI><a href="#[7b]">eMBRTUStop</a> from mbrtu.o(i.eMBRTUStop) referenced from mb.o(i.eMBInit)
 <LI><a href="#[79]">fputc</a> from bsp_debug_usart.o(i.fputc) referenced from printfa.o(i.__0printf)
 <LI><a href="#[6f]">main</a> from app.o(i.main) referenced from entry9a.o(.ARM.Collect$$$$0000000B)
 <LI><a href="#[7e]">xMBRTUReceiveFSM</a> from mbrtu.o(i.xMBRTUReceiveFSM) referenced from mb.o(i.eMBInit)
 <LI><a href="#[80]">xMBRTUTimerT35Expired</a> from mbrtu.o(i.xMBRTUTimerT35Expired) referenced from mb.o(i.eMBInit)
 <LI><a href="#[7f]">xMBRTUTransmitFSM</a> from mbrtu.o(i.xMBRTUTransmitFSM) referenced from mb.o(i.eMBInit)
</UL>
<P>
<H3>
Global Symbols
</H3>
<P><STRONG><a name="[71]"></a>__main</STRONG> (Thumb, 0 bytes, Stack size unknown bytes, entry.o(.ARM.Collect$$$$00000000))
<BR>[Address Reference Count : 1]<UL><LI> startup_stm32f429_439xx.o(.text)
</UL>
<P><STRONG><a name="[167]"></a>_main_stk</STRONG> (Thumb, 0 bytes, Stack size unknown bytes, entry2.o(.ARM.Collect$$$$00000001))

<P><STRONG><a name="[82]"></a>_main_scatterload</STRONG> (Thumb, 0 bytes, Stack size unknown bytes, entry5.o(.ARM.Collect$$$$00000004))
<BR><BR>[Calls]<UL><LI><a href="#[83]">&gt;&gt;</a>&nbsp;&nbsp;&nbsp;__scatterload
</UL>

<P><STRONG><a name="[90]"></a>__main_after_scatterload</STRONG> (Thumb, 0 bytes, Stack size unknown bytes, entry5.o(.ARM.Collect$$$$00000004))
<BR><BR>[Called By]<UL><LI><a href="#[83]">&gt;&gt;</a>&nbsp;&nbsp;&nbsp;__scatterload
</UL>

<P><STRONG><a name="[168]"></a>_main_clock</STRONG> (Thumb, 0 bytes, Stack size unknown bytes, entry7b.o(.ARM.Collect$$$$00000008))

<P><STRONG><a name="[169]"></a>_main_cpp_init</STRONG> (Thumb, 0 bytes, Stack size unknown bytes, entry8b.o(.ARM.Collect$$$$0000000A))

<P><STRONG><a name="[16a]"></a>_main_init</STRONG> (Thumb, 0 bytes, Stack size unknown bytes, entry9a.o(.ARM.Collect$$$$0000000B))

<P><STRONG><a name="[16b]"></a>__rt_final_cpp</STRONG> (Thumb, 0 bytes, Stack size unknown bytes, entry10a.o(.ARM.Collect$$$$0000000D))

<P><STRONG><a name="[16c]"></a>__rt_final_exit</STRONG> (Thumb, 0 bytes, Stack size unknown bytes, entry11a.o(.ARM.Collect$$$$0000000F))

<P><STRONG><a name="[a]"></a>Reset_Handler</STRONG> (Thumb, 40 bytes, Stack size 0 bytes, startup_stm32f429_439xx.o(.text))
<BR>[Address Reference Count : 1]<UL><LI> startup_stm32f429_439xx.o(RESET)
</UL>
<P><STRONG><a name="[26]"></a>ADC_IRQHandler</STRONG> (Thumb, 0 bytes, Stack size 0 bytes, startup_stm32f429_439xx.o(.text))
<BR><BR>[Calls]<UL><LI><a href="#[26]">&gt;&gt;</a>&nbsp;&nbsp;&nbsp;ADC_IRQHandler
</UL>
<BR>[Called By]<UL><LI><a href="#[26]">&gt;&gt;</a>&nbsp;&nbsp;&nbsp;ADC_IRQHandler
</UL>
<BR>[Address Reference Count : 1]<UL><LI> startup_stm32f429_439xx.o(RESET)
</UL>
<P><STRONG><a name="[28]"></a>CAN1_RX0_IRQHandler</STRONG> (Thumb, 0 bytes, Stack size 0 bytes, startup_stm32f429_439xx.o(.text))
<BR>[Address Reference Count : 1]<UL><LI> startup_stm32f429_439xx.o(RESET)
</UL>
<P><STRONG><a name="[29]"></a>CAN1_RX1_IRQHandler</STRONG> (Thumb, 0 bytes, Stack size 0 bytes, startup_stm32f429_439xx.o(.text))
<BR>[Address Reference Count : 1]<UL><LI> startup_stm32f429_439xx.o(RESET)
</UL>
<P><STRONG><a name="[2a]"></a>CAN1_SCE_IRQHandler</STRONG> (Thumb, 0 bytes, Stack size 0 bytes, startup_stm32f429_439xx.o(.text))
<BR>[Address Reference Count : 1]<UL><LI> startup_stm32f429_439xx.o(RESET)
</UL>
<P><STRONG><a name="[27]"></a>CAN1_TX_IRQHandler</STRONG> (Thumb, 0 bytes, Stack size 0 bytes, startup_stm32f429_439xx.o(.text))
<BR>[Address Reference Count : 1]<UL><LI> startup_stm32f429_439xx.o(RESET)
</UL>
<P><STRONG><a name="[54]"></a>CAN2_RX0_IRQHandler</STRONG> (Thumb, 0 bytes, Stack size 0 bytes, startup_stm32f429_439xx.o(.text))
<BR>[Address Reference Count : 1]<UL><LI> startup_stm32f429_439xx.o(RESET)
</UL>
<P><STRONG><a name="[55]"></a>CAN2_RX1_IRQHandler</STRONG> (Thumb, 0 bytes, Stack size 0 bytes, startup_stm32f429_439xx.o(.text))
<BR>[Address Reference Count : 1]<UL><LI> startup_stm32f429_439xx.o(RESET)
</UL>
<P><STRONG><a name="[56]"></a>CAN2_SCE_IRQHandler</STRONG> (Thumb, 0 bytes, Stack size 0 bytes, startup_stm32f429_439xx.o(.text))
<BR>[Address Reference Count : 1]<UL><LI> startup_stm32f429_439xx.o(RESET)
</UL>
<P><STRONG><a name="[53]"></a>CAN2_TX_IRQHandler</STRONG> (Thumb, 0 bytes, Stack size 0 bytes, startup_stm32f429_439xx.o(.text))
<BR>[Address Reference Count : 1]<UL><LI> startup_stm32f429_439xx.o(RESET)
</UL>
<P><STRONG><a name="[63]"></a>CRYP_IRQHandler</STRONG> (Thumb, 0 bytes, Stack size 0 bytes, startup_stm32f429_439xx.o(.text))
<BR>[Address Reference Count : 1]<UL><LI> startup_stm32f429_439xx.o(RESET)
</UL>
<P><STRONG><a name="[62]"></a>DCMI_IRQHandler</STRONG> (Thumb, 0 bytes, Stack size 0 bytes, startup_stm32f429_439xx.o(.text))
<BR>[Address Reference Count : 1]<UL><LI> startup_stm32f429_439xx.o(RESET)
</UL>
<P><STRONG><a name="[1f]"></a>DMA1_Stream0_IRQHandler</STRONG> (Thumb, 0 bytes, Stack size 0 bytes, startup_stm32f429_439xx.o(.text))
<BR>[Address Reference Count : 1]<UL><LI> startup_stm32f429_439xx.o(RESET)
</UL>
<P><STRONG><a name="[20]"></a>DMA1_Stream1_IRQHandler</STRONG> (Thumb, 0 bytes, Stack size 0 bytes, startup_stm32f429_439xx.o(.text))
<BR>[Address Reference Count : 1]<UL><LI> startup_stm32f429_439xx.o(RESET)
</UL>
<P><STRONG><a name="[21]"></a>DMA1_Stream2_IRQHandler</STRONG> (Thumb, 0 bytes, Stack size 0 bytes, startup_stm32f429_439xx.o(.text))
<BR>[Address Reference Count : 1]<UL><LI> startup_stm32f429_439xx.o(RESET)
</UL>
<P><STRONG><a name="[22]"></a>DMA1_Stream3_IRQHandler</STRONG> (Thumb, 0 bytes, Stack size 0 bytes, startup_stm32f429_439xx.o(.text))
<BR>[Address Reference Count : 1]<UL><LI> startup_stm32f429_439xx.o(RESET)
</UL>
<P><STRONG><a name="[23]"></a>DMA1_Stream4_IRQHandler</STRONG> (Thumb, 0 bytes, Stack size 0 bytes, startup_stm32f429_439xx.o(.text))
<BR>[Address Reference Count : 1]<UL><LI> startup_stm32f429_439xx.o(RESET)
</UL>
<P><STRONG><a name="[24]"></a>DMA1_Stream5_IRQHandler</STRONG> (Thumb, 0 bytes, Stack size 0 bytes, startup_stm32f429_439xx.o(.text))
<BR>[Address Reference Count : 1]<UL><LI> startup_stm32f429_439xx.o(RESET)
</UL>
<P><STRONG><a name="[25]"></a>DMA1_Stream6_IRQHandler</STRONG> (Thumb, 0 bytes, Stack size 0 bytes, startup_stm32f429_439xx.o(.text))
<BR>[Address Reference Count : 1]<UL><LI> startup_stm32f429_439xx.o(RESET)
</UL>
<P><STRONG><a name="[43]"></a>DMA1_Stream7_IRQHandler</STRONG> (Thumb, 0 bytes, Stack size 0 bytes, startup_stm32f429_439xx.o(.text))
<BR>[Address Reference Count : 1]<UL><LI> startup_stm32f429_439xx.o(RESET)
</UL>
<P><STRONG><a name="[6e]"></a>DMA2D_IRQHandler</STRONG> (Thumb, 0 bytes, Stack size 0 bytes, startup_stm32f429_439xx.o(.text))
<BR>[Address Reference Count : 1]<UL><LI> startup_stm32f429_439xx.o(RESET)
</UL>
<P><STRONG><a name="[4c]"></a>DMA2_Stream0_IRQHandler</STRONG> (Thumb, 0 bytes, Stack size 0 bytes, startup_stm32f429_439xx.o(.text))
<BR>[Address Reference Count : 1]<UL><LI> startup_stm32f429_439xx.o(RESET)
</UL>
<P><STRONG><a name="[4d]"></a>DMA2_Stream1_IRQHandler</STRONG> (Thumb, 0 bytes, Stack size 0 bytes, startup_stm32f429_439xx.o(.text))
<BR>[Address Reference Count : 1]<UL><LI> startup_stm32f429_439xx.o(RESET)
</UL>
<P><STRONG><a name="[4e]"></a>DMA2_Stream2_IRQHandler</STRONG> (Thumb, 0 bytes, Stack size 0 bytes, startup_stm32f429_439xx.o(.text))
<BR>[Address Reference Count : 1]<UL><LI> startup_stm32f429_439xx.o(RESET)
</UL>
<P><STRONG><a name="[4f]"></a>DMA2_Stream3_IRQHandler</STRONG> (Thumb, 0 bytes, Stack size 0 bytes, startup_stm32f429_439xx.o(.text))
<BR>[Address Reference Count : 1]<UL><LI> startup_stm32f429_439xx.o(RESET)
</UL>
<P><STRONG><a name="[50]"></a>DMA2_Stream4_IRQHandler</STRONG> (Thumb, 0 bytes, Stack size 0 bytes, startup_stm32f429_439xx.o(.text))
<BR>[Address Reference Count : 1]<UL><LI> startup_stm32f429_439xx.o(RESET)
</UL>
<P><STRONG><a name="[58]"></a>DMA2_Stream5_IRQHandler</STRONG> (Thumb, 0 bytes, Stack size 0 bytes, startup_stm32f429_439xx.o(.text))
<BR>[Address Reference Count : 1]<UL><LI> startup_stm32f429_439xx.o(RESET)
</UL>
<P><STRONG><a name="[59]"></a>DMA2_Stream6_IRQHandler</STRONG> (Thumb, 0 bytes, Stack size 0 bytes, startup_stm32f429_439xx.o(.text))
<BR>[Address Reference Count : 1]<UL><LI> startup_stm32f429_439xx.o(RESET)
</UL>
<P><STRONG><a name="[5a]"></a>DMA2_Stream7_IRQHandler</STRONG> (Thumb, 0 bytes, Stack size 0 bytes, startup_stm32f429_439xx.o(.text))
<BR>[Address Reference Count : 1]<UL><LI> startup_stm32f429_439xx.o(RESET)
</UL>
<P><STRONG><a name="[51]"></a>ETH_IRQHandler</STRONG> (Thumb, 0 bytes, Stack size 0 bytes, startup_stm32f429_439xx.o(.text))
<BR>[Address Reference Count : 1]<UL><LI> startup_stm32f429_439xx.o(RESET)
</UL>
<P><STRONG><a name="[52]"></a>ETH_WKUP_IRQHandler</STRONG> (Thumb, 0 bytes, Stack size 0 bytes, startup_stm32f429_439xx.o(.text))
<BR>[Address Reference Count : 1]<UL><LI> startup_stm32f429_439xx.o(RESET)
</UL>
<P><STRONG><a name="[1a]"></a>EXTI0_IRQHandler</STRONG> (Thumb, 0 bytes, Stack size 0 bytes, startup_stm32f429_439xx.o(.text))
<BR>[Address Reference Count : 1]<UL><LI> startup_stm32f429_439xx.o(RESET)
</UL>
<P><STRONG><a name="[3c]"></a>EXTI15_10_IRQHandler</STRONG> (Thumb, 0 bytes, Stack size 0 bytes, startup_stm32f429_439xx.o(.text))
<BR>[Address Reference Count : 1]<UL><LI> startup_stm32f429_439xx.o(RESET)
</UL>
<P><STRONG><a name="[1b]"></a>EXTI1_IRQHandler</STRONG> (Thumb, 0 bytes, Stack size 0 bytes, startup_stm32f429_439xx.o(.text))
<BR>[Address Reference Count : 1]<UL><LI> startup_stm32f429_439xx.o(RESET)
</UL>
<P><STRONG><a name="[1c]"></a>EXTI2_IRQHandler</STRONG> (Thumb, 0 bytes, Stack size 0 bytes, startup_stm32f429_439xx.o(.text))
<BR>[Address Reference Count : 1]<UL><LI> startup_stm32f429_439xx.o(RESET)
</UL>
<P><STRONG><a name="[1d]"></a>EXTI3_IRQHandler</STRONG> (Thumb, 0 bytes, Stack size 0 bytes, startup_stm32f429_439xx.o(.text))
<BR>[Address Reference Count : 1]<UL><LI> startup_stm32f429_439xx.o(RESET)
</UL>
<P><STRONG><a name="[1e]"></a>EXTI4_IRQHandler</STRONG> (Thumb, 0 bytes, Stack size 0 bytes, startup_stm32f429_439xx.o(.text))
<BR>[Address Reference Count : 1]<UL><LI> startup_stm32f429_439xx.o(RESET)
</UL>
<P><STRONG><a name="[2b]"></a>EXTI9_5_IRQHandler</STRONG> (Thumb, 0 bytes, Stack size 0 bytes, startup_stm32f429_439xx.o(.text))
<BR>[Address Reference Count : 1]<UL><LI> startup_stm32f429_439xx.o(RESET)
</UL>
<P><STRONG><a name="[18]"></a>FLASH_IRQHandler</STRONG> (Thumb, 0 bytes, Stack size 0 bytes, startup_stm32f429_439xx.o(.text))
<BR>[Address Reference Count : 1]<UL><LI> startup_stm32f429_439xx.o(RESET)
</UL>
<P><STRONG><a name="[44]"></a>FMC_IRQHandler</STRONG> (Thumb, 0 bytes, Stack size 0 bytes, startup_stm32f429_439xx.o(.text))
<BR>[Address Reference Count : 1]<UL><LI> startup_stm32f429_439xx.o(RESET)
</UL>
<P><STRONG><a name="[65]"></a>FPU_IRQHandler</STRONG> (Thumb, 0 bytes, Stack size 0 bytes, startup_stm32f429_439xx.o(.text))
<BR>[Address Reference Count : 1]<UL><LI> startup_stm32f429_439xx.o(RESET)
</UL>
<P><STRONG><a name="[64]"></a>HASH_RNG_IRQHandler</STRONG> (Thumb, 0 bytes, Stack size 0 bytes, startup_stm32f429_439xx.o(.text))
<BR>[Address Reference Count : 1]<UL><LI> startup_stm32f429_439xx.o(RESET)
</UL>
<P><STRONG><a name="[34]"></a>I2C1_ER_IRQHandler</STRONG> (Thumb, 0 bytes, Stack size 0 bytes, startup_stm32f429_439xx.o(.text))
<BR>[Address Reference Count : 1]<UL><LI> startup_stm32f429_439xx.o(RESET)
</UL>
<P><STRONG><a name="[33]"></a>I2C1_EV_IRQHandler</STRONG> (Thumb, 0 bytes, Stack size 0 bytes, startup_stm32f429_439xx.o(.text))
<BR>[Address Reference Count : 1]<UL><LI> startup_stm32f429_439xx.o(RESET)
</UL>
<P><STRONG><a name="[36]"></a>I2C2_ER_IRQHandler</STRONG> (Thumb, 0 bytes, Stack size 0 bytes, startup_stm32f429_439xx.o(.text))
<BR>[Address Reference Count : 1]<UL><LI> startup_stm32f429_439xx.o(RESET)
</UL>
<P><STRONG><a name="[35]"></a>I2C2_EV_IRQHandler</STRONG> (Thumb, 0 bytes, Stack size 0 bytes, startup_stm32f429_439xx.o(.text))
<BR>[Address Reference Count : 1]<UL><LI> startup_stm32f429_439xx.o(RESET)
</UL>
<P><STRONG><a name="[5d]"></a>I2C3_ER_IRQHandler</STRONG> (Thumb, 0 bytes, Stack size 0 bytes, startup_stm32f429_439xx.o(.text))
<BR>[Address Reference Count : 1]<UL><LI> startup_stm32f429_439xx.o(RESET)
</UL>
<P><STRONG><a name="[5c]"></a>I2C3_EV_IRQHandler</STRONG> (Thumb, 0 bytes, Stack size 0 bytes, startup_stm32f429_439xx.o(.text))
<BR>[Address Reference Count : 1]<UL><LI> startup_stm32f429_439xx.o(RESET)
</UL>
<P><STRONG><a name="[6d]"></a>LTDC_ER_IRQHandler</STRONG> (Thumb, 0 bytes, Stack size 0 bytes, startup_stm32f429_439xx.o(.text))
<BR>[Address Reference Count : 1]<UL><LI> startup_stm32f429_439xx.o(RESET)
</UL>
<P><STRONG><a name="[6c]"></a>LTDC_IRQHandler</STRONG> (Thumb, 0 bytes, Stack size 0 bytes, startup_stm32f429_439xx.o(.text))
<BR>[Address Reference Count : 1]<UL><LI> startup_stm32f429_439xx.o(RESET)
</UL>
<P><STRONG><a name="[57]"></a>OTG_FS_IRQHandler</STRONG> (Thumb, 0 bytes, Stack size 0 bytes, startup_stm32f429_439xx.o(.text))
<BR>[Address Reference Count : 1]<UL><LI> startup_stm32f429_439xx.o(RESET)
</UL>
<P><STRONG><a name="[3e]"></a>OTG_FS_WKUP_IRQHandler</STRONG> (Thumb, 0 bytes, Stack size 0 bytes, startup_stm32f429_439xx.o(.text))
<BR>[Address Reference Count : 1]<UL><LI> startup_stm32f429_439xx.o(RESET)
</UL>
<P><STRONG><a name="[5f]"></a>OTG_HS_EP1_IN_IRQHandler</STRONG> (Thumb, 0 bytes, Stack size 0 bytes, startup_stm32f429_439xx.o(.text))
<BR>[Address Reference Count : 1]<UL><LI> startup_stm32f429_439xx.o(RESET)
</UL>
<P><STRONG><a name="[5e]"></a>OTG_HS_EP1_OUT_IRQHandler</STRONG> (Thumb, 0 bytes, Stack size 0 bytes, startup_stm32f429_439xx.o(.text))
<BR>[Address Reference Count : 1]<UL><LI> startup_stm32f429_439xx.o(RESET)
</UL>
<P><STRONG><a name="[61]"></a>OTG_HS_IRQHandler</STRONG> (Thumb, 0 bytes, Stack size 0 bytes, startup_stm32f429_439xx.o(.text))
<BR>[Address Reference Count : 1]<UL><LI> startup_stm32f429_439xx.o(RESET)
</UL>
<P><STRONG><a name="[60]"></a>OTG_HS_WKUP_IRQHandler</STRONG> (Thumb, 0 bytes, Stack size 0 bytes, startup_stm32f429_439xx.o(.text))
<BR>[Address Reference Count : 1]<UL><LI> startup_stm32f429_439xx.o(RESET)
</UL>
<P><STRONG><a name="[15]"></a>PVD_IRQHandler</STRONG> (Thumb, 0 bytes, Stack size 0 bytes, startup_stm32f429_439xx.o(.text))
<BR>[Address Reference Count : 1]<UL><LI> startup_stm32f429_439xx.o(RESET)
</UL>
<P><STRONG><a name="[19]"></a>RCC_IRQHandler</STRONG> (Thumb, 0 bytes, Stack size 0 bytes, startup_stm32f429_439xx.o(.text))
<BR>[Address Reference Count : 1]<UL><LI> startup_stm32f429_439xx.o(RESET)
</UL>
<P><STRONG><a name="[3d]"></a>RTC_Alarm_IRQHandler</STRONG> (Thumb, 0 bytes, Stack size 0 bytes, startup_stm32f429_439xx.o(.text))
<BR>[Address Reference Count : 1]<UL><LI> startup_stm32f429_439xx.o(RESET)
</UL>
<P><STRONG><a name="[17]"></a>RTC_WKUP_IRQHandler</STRONG> (Thumb, 0 bytes, Stack size 0 bytes, startup_stm32f429_439xx.o(.text))
<BR>[Address Reference Count : 1]<UL><LI> startup_stm32f429_439xx.o(RESET)
</UL>
<P><STRONG><a name="[6b]"></a>SAI1_IRQHandler</STRONG> (Thumb, 0 bytes, Stack size 0 bytes, startup_stm32f429_439xx.o(.text))
<BR>[Address Reference Count : 1]<UL><LI> startup_stm32f429_439xx.o(RESET)
</UL>
<P><STRONG><a name="[45]"></a>SDIO_IRQHandler</STRONG> (Thumb, 0 bytes, Stack size 0 bytes, startup_stm32f429_439xx.o(.text))
<BR>[Address Reference Count : 1]<UL><LI> startup_stm32f429_439xx.o(RESET)
</UL>
<P><STRONG><a name="[37]"></a>SPI1_IRQHandler</STRONG> (Thumb, 0 bytes, Stack size 0 bytes, startup_stm32f429_439xx.o(.text))
<BR>[Address Reference Count : 1]<UL><LI> startup_stm32f429_439xx.o(RESET)
</UL>
<P><STRONG><a name="[38]"></a>SPI2_IRQHandler</STRONG> (Thumb, 0 bytes, Stack size 0 bytes, startup_stm32f429_439xx.o(.text))
<BR>[Address Reference Count : 1]<UL><LI> startup_stm32f429_439xx.o(RESET)
</UL>
<P><STRONG><a name="[47]"></a>SPI3_IRQHandler</STRONG> (Thumb, 0 bytes, Stack size 0 bytes, startup_stm32f429_439xx.o(.text))
<BR>[Address Reference Count : 1]<UL><LI> startup_stm32f429_439xx.o(RESET)
</UL>
<P><STRONG><a name="[68]"></a>SPI4_IRQHandler</STRONG> (Thumb, 0 bytes, Stack size 0 bytes, startup_stm32f429_439xx.o(.text))
<BR>[Address Reference Count : 1]<UL><LI> startup_stm32f429_439xx.o(RESET)
</UL>
<P><STRONG><a name="[69]"></a>SPI5_IRQHandler</STRONG> (Thumb, 0 bytes, Stack size 0 bytes, startup_stm32f429_439xx.o(.text))
<BR>[Address Reference Count : 1]<UL><LI> startup_stm32f429_439xx.o(RESET)
</UL>
<P><STRONG><a name="[6a]"></a>SPI6_IRQHandler</STRONG> (Thumb, 0 bytes, Stack size 0 bytes, startup_stm32f429_439xx.o(.text))
<BR>[Address Reference Count : 1]<UL><LI> startup_stm32f429_439xx.o(RESET)
</UL>
<P><STRONG><a name="[16]"></a>TAMP_STAMP_IRQHandler</STRONG> (Thumb, 0 bytes, Stack size 0 bytes, startup_stm32f429_439xx.o(.text))
<BR>[Address Reference Count : 1]<UL><LI> startup_stm32f429_439xx.o(RESET)
</UL>
<P><STRONG><a name="[2c]"></a>TIM1_BRK_TIM9_IRQHandler</STRONG> (Thumb, 0 bytes, Stack size 0 bytes, startup_stm32f429_439xx.o(.text))
<BR>[Address Reference Count : 1]<UL><LI> startup_stm32f429_439xx.o(RESET)
</UL>
<P><STRONG><a name="[2f]"></a>TIM1_CC_IRQHandler</STRONG> (Thumb, 0 bytes, Stack size 0 bytes, startup_stm32f429_439xx.o(.text))
<BR>[Address Reference Count : 1]<UL><LI> startup_stm32f429_439xx.o(RESET)
</UL>
<P><STRONG><a name="[2e]"></a>TIM1_TRG_COM_TIM11_IRQHandler</STRONG> (Thumb, 0 bytes, Stack size 0 bytes, startup_stm32f429_439xx.o(.text))
<BR>[Address Reference Count : 1]<UL><LI> startup_stm32f429_439xx.o(RESET)
</UL>
<P><STRONG><a name="[2d]"></a>TIM1_UP_TIM10_IRQHandler</STRONG> (Thumb, 0 bytes, Stack size 0 bytes, startup_stm32f429_439xx.o(.text))
<BR>[Address Reference Count : 1]<UL><LI> startup_stm32f429_439xx.o(RESET)
</UL>
<P><STRONG><a name="[4a]"></a>TIM6_DAC_IRQHandler</STRONG> (Thumb, 0 bytes, Stack size 0 bytes, startup_stm32f429_439xx.o(.text))
<BR>[Address Reference Count : 1]<UL><LI> startup_stm32f429_439xx.o(RESET)
</UL>
<P><STRONG><a name="[4b]"></a>TIM7_IRQHandler</STRONG> (Thumb, 0 bytes, Stack size 0 bytes, startup_stm32f429_439xx.o(.text))
<BR>[Address Reference Count : 1]<UL><LI> startup_stm32f429_439xx.o(RESET)
</UL>
<P><STRONG><a name="[3f]"></a>TIM8_BRK_TIM12_IRQHandler</STRONG> (Thumb, 0 bytes, Stack size 0 bytes, startup_stm32f429_439xx.o(.text))
<BR>[Address Reference Count : 1]<UL><LI> startup_stm32f429_439xx.o(RESET)
</UL>
<P><STRONG><a name="[42]"></a>TIM8_CC_IRQHandler</STRONG> (Thumb, 0 bytes, Stack size 0 bytes, startup_stm32f429_439xx.o(.text))
<BR>[Address Reference Count : 1]<UL><LI> startup_stm32f429_439xx.o(RESET)
</UL>
<P><STRONG><a name="[41]"></a>TIM8_TRG_COM_TIM14_IRQHandler</STRONG> (Thumb, 0 bytes, Stack size 0 bytes, startup_stm32f429_439xx.o(.text))
<BR>[Address Reference Count : 1]<UL><LI> startup_stm32f429_439xx.o(RESET)
</UL>
<P><STRONG><a name="[40]"></a>TIM8_UP_TIM13_IRQHandler</STRONG> (Thumb, 0 bytes, Stack size 0 bytes, startup_stm32f429_439xx.o(.text))
<BR>[Address Reference Count : 1]<UL><LI> startup_stm32f429_439xx.o(RESET)
</UL>
<P><STRONG><a name="[48]"></a>UART4_IRQHandler</STRONG> (Thumb, 0 bytes, Stack size 0 bytes, startup_stm32f429_439xx.o(.text))
<BR>[Address Reference Count : 1]<UL><LI> startup_stm32f429_439xx.o(RESET)
</UL>
<P><STRONG><a name="[49]"></a>UART5_IRQHandler</STRONG> (Thumb, 0 bytes, Stack size 0 bytes, startup_stm32f429_439xx.o(.text))
<BR>[Address Reference Count : 1]<UL><LI> startup_stm32f429_439xx.o(RESET)
</UL>
<P><STRONG><a name="[66]"></a>UART7_IRQHandler</STRONG> (Thumb, 0 bytes, Stack size 0 bytes, startup_stm32f429_439xx.o(.text))
<BR>[Address Reference Count : 1]<UL><LI> startup_stm32f429_439xx.o(RESET)
</UL>
<P><STRONG><a name="[67]"></a>UART8_IRQHandler</STRONG> (Thumb, 0 bytes, Stack size 0 bytes, startup_stm32f429_439xx.o(.text))
<BR>[Address Reference Count : 1]<UL><LI> startup_stm32f429_439xx.o(RESET)
</UL>
<P><STRONG><a name="[39]"></a>USART1_IRQHandler</STRONG> (Thumb, 0 bytes, Stack size 0 bytes, startup_stm32f429_439xx.o(.text))
<BR>[Address Reference Count : 1]<UL><LI> startup_stm32f429_439xx.o(RESET)
</UL>
<P><STRONG><a name="[3b]"></a>USART3_IRQHandler</STRONG> (Thumb, 0 bytes, Stack size 0 bytes, startup_stm32f429_439xx.o(.text))
<BR>[Address Reference Count : 1]<UL><LI> startup_stm32f429_439xx.o(RESET)
</UL>
<P><STRONG><a name="[5b]"></a>USART6_IRQHandler</STRONG> (Thumb, 0 bytes, Stack size 0 bytes, startup_stm32f429_439xx.o(.text))
<BR>[Address Reference Count : 1]<UL><LI> startup_stm32f429_439xx.o(RESET)
</UL>
<P><STRONG><a name="[14]"></a>WWDG_IRQHandler</STRONG> (Thumb, 0 bytes, Stack size 0 bytes, startup_stm32f429_439xx.o(.text))
<BR>[Address Reference Count : 1]<UL><LI> startup_stm32f429_439xx.o(RESET)
</UL>
<P><STRONG><a name="[16d]"></a>CPU_IntDis</STRONG> (Thumb, 0 bytes, Stack size unknown bytes, cpu_a.o(.text), UNUSED)

<P><STRONG><a name="[16e]"></a>CPU_IntEn</STRONG> (Thumb, 0 bytes, Stack size unknown bytes, cpu_a.o(.text), UNUSED)

<P><STRONG><a name="[b7]"></a>CPU_SR_Save</STRONG> (Thumb, 0 bytes, Stack size unknown bytes, cpu_a.o(.text))
<BR><BR>[Called By]<UL><LI><a href="#[9b]">&gt;&gt;</a>&nbsp;&nbsp;&nbsp;OSTimeDly
<LI><a href="#[a9]">&gt;&gt;</a>&nbsp;&nbsp;&nbsp;OSTaskDel
<LI><a href="#[a8]">&gt;&gt;</a>&nbsp;&nbsp;&nbsp;OSTaskCreate
<LI><a href="#[a7]">&gt;&gt;</a>&nbsp;&nbsp;&nbsp;OSStatTaskCPUUsageInit
<LI><a href="#[da]">&gt;&gt;</a>&nbsp;&nbsp;&nbsp;OSIntExit
<LI><a href="#[32]">&gt;&gt;</a>&nbsp;&nbsp;&nbsp;TIM4_IRQHandler
<LI><a href="#[c6]">&gt;&gt;</a>&nbsp;&nbsp;&nbsp;Mem_SegCreate
<LI><a href="#[b6]">&gt;&gt;</a>&nbsp;&nbsp;&nbsp;CPU_NameClr
<LI><a href="#[108]">&gt;&gt;</a>&nbsp;&nbsp;&nbsp;OSTaskStkChk
<LI><a href="#[f8]">&gt;&gt;</a>&nbsp;&nbsp;&nbsp;OSTaskResume
<LI><a href="#[76]">&gt;&gt;</a>&nbsp;&nbsp;&nbsp;OS_StatTask
<LI><a href="#[f4]">&gt;&gt;</a>&nbsp;&nbsp;&nbsp;OSStatReset
<LI><a href="#[e5]">&gt;&gt;</a>&nbsp;&nbsp;&nbsp;OSMutexPost
<LI><a href="#[e0]">&gt;&gt;</a>&nbsp;&nbsp;&nbsp;OSMutexPend
<LI><a href="#[dd]">&gt;&gt;</a>&nbsp;&nbsp;&nbsp;OSMutexCreate
<LI><a href="#[75]">&gt;&gt;</a>&nbsp;&nbsp;&nbsp;OS_IdleTask
<LI><a href="#[f0]">&gt;&gt;</a>&nbsp;&nbsp;&nbsp;OSSchedUnlock
<LI><a href="#[ee]">&gt;&gt;</a>&nbsp;&nbsp;&nbsp;OSSchedLock
<LI><a href="#[e4]">&gt;&gt;</a>&nbsp;&nbsp;&nbsp;OSSched
<LI><a href="#[13]">&gt;&gt;</a>&nbsp;&nbsp;&nbsp;OS_CPU_SysTickHandler
<LI><a href="#[77]">&gt;&gt;</a>&nbsp;&nbsp;&nbsp;OS_TickTask
<LI><a href="#[120]">&gt;&gt;</a>&nbsp;&nbsp;&nbsp;OS_TickListUpdateTimeout
<LI><a href="#[11f]">&gt;&gt;</a>&nbsp;&nbsp;&nbsp;OS_TickListUpdateDly
<LI><a href="#[109]">&gt;&gt;</a>&nbsp;&nbsp;&nbsp;OS_TaskSuspend
<LI><a href="#[107]">&gt;&gt;</a>&nbsp;&nbsp;&nbsp;OS_TaskSemPost
<LI><a href="#[104]">&gt;&gt;</a>&nbsp;&nbsp;&nbsp;OS_TaskResume
<LI><a href="#[105]">&gt;&gt;</a>&nbsp;&nbsp;&nbsp;OSTaskSemPend
</UL>

<P><STRONG><a name="[b9]"></a>CPU_SR_Restore</STRONG> (Thumb, 0 bytes, Stack size unknown bytes, cpu_a.o(.text))
<BR><BR>[Called By]<UL><LI><a href="#[9b]">&gt;&gt;</a>&nbsp;&nbsp;&nbsp;OSTimeDly
<LI><a href="#[a9]">&gt;&gt;</a>&nbsp;&nbsp;&nbsp;OSTaskDel
<LI><a href="#[a8]">&gt;&gt;</a>&nbsp;&nbsp;&nbsp;OSTaskCreate
<LI><a href="#[a7]">&gt;&gt;</a>&nbsp;&nbsp;&nbsp;OSStatTaskCPUUsageInit
<LI><a href="#[da]">&gt;&gt;</a>&nbsp;&nbsp;&nbsp;OSIntExit
<LI><a href="#[32]">&gt;&gt;</a>&nbsp;&nbsp;&nbsp;TIM4_IRQHandler
<LI><a href="#[c6]">&gt;&gt;</a>&nbsp;&nbsp;&nbsp;Mem_SegCreate
<LI><a href="#[b6]">&gt;&gt;</a>&nbsp;&nbsp;&nbsp;CPU_NameClr
<LI><a href="#[108]">&gt;&gt;</a>&nbsp;&nbsp;&nbsp;OSTaskStkChk
<LI><a href="#[f8]">&gt;&gt;</a>&nbsp;&nbsp;&nbsp;OSTaskResume
<LI><a href="#[76]">&gt;&gt;</a>&nbsp;&nbsp;&nbsp;OS_StatTask
<LI><a href="#[f4]">&gt;&gt;</a>&nbsp;&nbsp;&nbsp;OSStatReset
<LI><a href="#[e5]">&gt;&gt;</a>&nbsp;&nbsp;&nbsp;OSMutexPost
<LI><a href="#[e0]">&gt;&gt;</a>&nbsp;&nbsp;&nbsp;OSMutexPend
<LI><a href="#[dd]">&gt;&gt;</a>&nbsp;&nbsp;&nbsp;OSMutexCreate
<LI><a href="#[75]">&gt;&gt;</a>&nbsp;&nbsp;&nbsp;OS_IdleTask
<LI><a href="#[f0]">&gt;&gt;</a>&nbsp;&nbsp;&nbsp;OSSchedUnlock
<LI><a href="#[ee]">&gt;&gt;</a>&nbsp;&nbsp;&nbsp;OSSchedLock
<LI><a href="#[e4]">&gt;&gt;</a>&nbsp;&nbsp;&nbsp;OSSched
<LI><a href="#[13]">&gt;&gt;</a>&nbsp;&nbsp;&nbsp;OS_CPU_SysTickHandler
<LI><a href="#[77]">&gt;&gt;</a>&nbsp;&nbsp;&nbsp;OS_TickTask
<LI><a href="#[120]">&gt;&gt;</a>&nbsp;&nbsp;&nbsp;OS_TickListUpdateTimeout
<LI><a href="#[11f]">&gt;&gt;</a>&nbsp;&nbsp;&nbsp;OS_TickListUpdateDly
<LI><a href="#[109]">&gt;&gt;</a>&nbsp;&nbsp;&nbsp;OS_TaskSuspend
<LI><a href="#[107]">&gt;&gt;</a>&nbsp;&nbsp;&nbsp;OS_TaskSemPost
<LI><a href="#[104]">&gt;&gt;</a>&nbsp;&nbsp;&nbsp;OS_TaskResume
<LI><a href="#[105]">&gt;&gt;</a>&nbsp;&nbsp;&nbsp;OSTaskSemPend
</UL>

<P><STRONG><a name="[16f]"></a>CPU_WaitForInt</STRONG> (Thumb, 0 bytes, Stack size unknown bytes, cpu_a.o(.text), UNUSED)

<P><STRONG><a name="[170]"></a>CPU_WaitForExcept</STRONG> (Thumb, 0 bytes, Stack size unknown bytes, cpu_a.o(.text), UNUSED)

<P><STRONG><a name="[119]"></a>CPU_CntLeadZeros</STRONG> (Thumb, 0 bytes, Stack size unknown bytes, cpu_a.o(.text))
<BR><BR>[Called By]<UL><LI><a href="#[db]">&gt;&gt;</a>&nbsp;&nbsp;&nbsp;OS_PrioGetHighest
</UL>

<P><STRONG><a name="[171]"></a>CPU_CntTrailZeros</STRONG> (Thumb, 0 bytes, Stack size unknown bytes, cpu_a.o(.text), UNUSED)

<P><STRONG><a name="[172]"></a>CPU_RevBits</STRONG> (Thumb, 0 bytes, Stack size unknown bytes, cpu_a.o(.text), UNUSED)

<P><STRONG><a name="[84]"></a>__aeabi_uldivmod</STRONG> (Thumb, 98 bytes, Stack size 40 bytes, uldiv.o(.text), UNUSED)
<BR><BR>[Calls]<UL><LI><a href="#[85]">&gt;&gt;</a>&nbsp;&nbsp;&nbsp;__aeabi_llsr
<LI><a href="#[86]">&gt;&gt;</a>&nbsp;&nbsp;&nbsp;__aeabi_llsl
</UL>
<BR>[Called By]<UL><LI><a href="#[142]">&gt;&gt;</a>&nbsp;&nbsp;&nbsp;_printf_core
<LI><a href="#[143]">&gt;&gt;</a>&nbsp;&nbsp;&nbsp;_fp_digits
</UL>

<P><STRONG><a name="[151]"></a>__aeabi_memcpy</STRONG> (Thumb, 36 bytes, Stack size 0 bytes, memcpya.o(.text))
<BR><BR>[Called By]<UL><LI><a href="#[0]">&gt;&gt;</a>&nbsp;&nbsp;&nbsp;eMBFuncReportSlaveID
</UL>

<P><STRONG><a name="[173]"></a>__aeabi_memcpy4</STRONG> (Thumb, 0 bytes, Stack size 0 bytes, memcpya.o(.text), UNUSED)

<P><STRONG><a name="[174]"></a>__aeabi_memcpy8</STRONG> (Thumb, 0 bytes, Stack size 0 bytes, memcpya.o(.text), UNUSED)

<P><STRONG><a name="[87]"></a>__aeabi_dadd</STRONG> (Thumb, 322 bytes, Stack size 48 bytes, dadd.o(.text), UNUSED)
<BR><BR>[Calls]<UL><LI><a href="#[88]">&gt;&gt;</a>&nbsp;&nbsp;&nbsp;__aeabi_lasr
<LI><a href="#[86]">&gt;&gt;</a>&nbsp;&nbsp;&nbsp;__aeabi_llsl
<LI><a href="#[8a]">&gt;&gt;</a>&nbsp;&nbsp;&nbsp;_double_round
<LI><a href="#[89]">&gt;&gt;</a>&nbsp;&nbsp;&nbsp;_double_epilogue
</UL>
<BR>[Called By]<UL><LI><a href="#[8c]">&gt;&gt;</a>&nbsp;&nbsp;&nbsp;__aeabi_drsub
<LI><a href="#[8b]">&gt;&gt;</a>&nbsp;&nbsp;&nbsp;__aeabi_dsub
<LI><a href="#[143]">&gt;&gt;</a>&nbsp;&nbsp;&nbsp;_fp_digits
</UL>

<P><STRONG><a name="[8b]"></a>__aeabi_dsub</STRONG> (Thumb, 6 bytes, Stack size 0 bytes, dadd.o(.text), UNUSED)
<BR><BR>[Calls]<UL><LI><a href="#[87]">&gt;&gt;</a>&nbsp;&nbsp;&nbsp;__aeabi_dadd
</UL>

<P><STRONG><a name="[8c]"></a>__aeabi_drsub</STRONG> (Thumb, 6 bytes, Stack size 0 bytes, dadd.o(.text), UNUSED)
<BR><BR>[Calls]<UL><LI><a href="#[87]">&gt;&gt;</a>&nbsp;&nbsp;&nbsp;__aeabi_dadd
</UL>

<P><STRONG><a name="[8d]"></a>__aeabi_dmul</STRONG> (Thumb, 228 bytes, Stack size 48 bytes, dmul.o(.text), UNUSED)
<BR><BR>[Calls]<UL><LI><a href="#[89]">&gt;&gt;</a>&nbsp;&nbsp;&nbsp;_double_epilogue
</UL>
<BR>[Called By]<UL><LI><a href="#[143]">&gt;&gt;</a>&nbsp;&nbsp;&nbsp;_fp_digits
</UL>

<P><STRONG><a name="[12d]"></a>__aeabi_f2d</STRONG> (Thumb, 38 bytes, Stack size 0 bytes, f2d.o(.text))
<BR><BR>[Called By]<UL><LI><a href="#[a0]">&gt;&gt;</a>&nbsp;&nbsp;&nbsp;caijitongdao
<LI><a href="#[9f]">&gt;&gt;</a>&nbsp;&nbsp;&nbsp;Step
<LI><a href="#[32]">&gt;&gt;</a>&nbsp;&nbsp;&nbsp;TIM4_IRQHandler
</UL>

<P><STRONG><a name="[175]"></a>__aeabi_uidiv</STRONG> (Thumb, 0 bytes, Stack size 12 bytes, uidiv.o(.text), UNUSED)

<P><STRONG><a name="[147]"></a>__aeabi_uidivmod</STRONG> (Thumb, 44 bytes, Stack size 12 bytes, uidiv.o(.text), UNUSED)
<BR><BR>[Called By]<UL><LI><a href="#[142]">&gt;&gt;</a>&nbsp;&nbsp;&nbsp;_printf_core
</UL>

<P><STRONG><a name="[86]"></a>__aeabi_llsl</STRONG> (Thumb, 30 bytes, Stack size 0 bytes, llshl.o(.text), UNUSED)
<BR><BR>[Called By]<UL><LI><a href="#[87]">&gt;&gt;</a>&nbsp;&nbsp;&nbsp;__aeabi_dadd
<LI><a href="#[84]">&gt;&gt;</a>&nbsp;&nbsp;&nbsp;__aeabi_uldivmod
<LI><a href="#[89]">&gt;&gt;</a>&nbsp;&nbsp;&nbsp;_double_epilogue
<LI><a href="#[8f]">&gt;&gt;</a>&nbsp;&nbsp;&nbsp;__aeabi_d2ulz
</UL>

<P><STRONG><a name="[176]"></a>_ll_shift_l</STRONG> (Thumb, 0 bytes, Stack size 0 bytes, llshl.o(.text), UNUSED)

<P><STRONG><a name="[85]"></a>__aeabi_llsr</STRONG> (Thumb, 32 bytes, Stack size 0 bytes, llushr.o(.text), UNUSED)
<BR><BR>[Called By]<UL><LI><a href="#[84]">&gt;&gt;</a>&nbsp;&nbsp;&nbsp;__aeabi_uldivmod
<LI><a href="#[89]">&gt;&gt;</a>&nbsp;&nbsp;&nbsp;_double_epilogue
<LI><a href="#[8f]">&gt;&gt;</a>&nbsp;&nbsp;&nbsp;__aeabi_d2ulz
</UL>

<P><STRONG><a name="[177]"></a>_ll_ushift_r</STRONG> (Thumb, 0 bytes, Stack size 0 bytes, llushr.o(.text), UNUSED)

<P><STRONG><a name="[88]"></a>__aeabi_lasr</STRONG> (Thumb, 36 bytes, Stack size 0 bytes, llsshr.o(.text), UNUSED)
<BR><BR>[Called By]<UL><LI><a href="#[87]">&gt;&gt;</a>&nbsp;&nbsp;&nbsp;__aeabi_dadd
</UL>

<P><STRONG><a name="[178]"></a>_ll_sshift_r</STRONG> (Thumb, 0 bytes, Stack size 0 bytes, llsshr.o(.text), UNUSED)

<P><STRONG><a name="[179]"></a>__I$use$fp</STRONG> (Thumb, 0 bytes, Stack size 8 bytes, iusefp.o(.text), UNUSED)

<P><STRONG><a name="[8a]"></a>_double_round</STRONG> (Thumb, 30 bytes, Stack size 8 bytes, depilogue.o(.text), UNUSED)
<BR><BR>[Called By]<UL><LI><a href="#[87]">&gt;&gt;</a>&nbsp;&nbsp;&nbsp;__aeabi_dadd
<LI><a href="#[89]">&gt;&gt;</a>&nbsp;&nbsp;&nbsp;_double_epilogue
<LI><a href="#[8e]">&gt;&gt;</a>&nbsp;&nbsp;&nbsp;__aeabi_ddiv
</UL>

<P><STRONG><a name="[89]"></a>_double_epilogue</STRONG> (Thumb, 156 bytes, Stack size 32 bytes, depilogue.o(.text), UNUSED)
<BR><BR>[Calls]<UL><LI><a href="#[85]">&gt;&gt;</a>&nbsp;&nbsp;&nbsp;__aeabi_llsr
<LI><a href="#[86]">&gt;&gt;</a>&nbsp;&nbsp;&nbsp;__aeabi_llsl
<LI><a href="#[8a]">&gt;&gt;</a>&nbsp;&nbsp;&nbsp;_double_round
</UL>
<BR>[Called By]<UL><LI><a href="#[8d]">&gt;&gt;</a>&nbsp;&nbsp;&nbsp;__aeabi_dmul
<LI><a href="#[87]">&gt;&gt;</a>&nbsp;&nbsp;&nbsp;__aeabi_dadd
</UL>

<P><STRONG><a name="[8e]"></a>__aeabi_ddiv</STRONG> (Thumb, 222 bytes, Stack size 32 bytes, ddiv.o(.text), UNUSED)
<BR><BR>[Calls]<UL><LI><a href="#[8a]">&gt;&gt;</a>&nbsp;&nbsp;&nbsp;_double_round
</UL>
<BR>[Called By]<UL><LI><a href="#[143]">&gt;&gt;</a>&nbsp;&nbsp;&nbsp;_fp_digits
</UL>

<P><STRONG><a name="[8f]"></a>__aeabi_d2ulz</STRONG> (Thumb, 48 bytes, Stack size 0 bytes, dfixul.o(.text), UNUSED)
<BR><BR>[Calls]<UL><LI><a href="#[85]">&gt;&gt;</a>&nbsp;&nbsp;&nbsp;__aeabi_llsr
<LI><a href="#[86]">&gt;&gt;</a>&nbsp;&nbsp;&nbsp;__aeabi_llsl
</UL>
<BR>[Called By]<UL><LI><a href="#[143]">&gt;&gt;</a>&nbsp;&nbsp;&nbsp;_fp_digits
</UL>

<P><STRONG><a name="[144]"></a>__aeabi_cdrcmple</STRONG> (Thumb, 48 bytes, Stack size 0 bytes, cdrcmple.o(.text), UNUSED)
<BR><BR>[Called By]<UL><LI><a href="#[143]">&gt;&gt;</a>&nbsp;&nbsp;&nbsp;_fp_digits
</UL>

<P><STRONG><a name="[83]"></a>__scatterload</STRONG> (Thumb, 28 bytes, Stack size 0 bytes, init.o(.text))
<BR><BR>[Calls]<UL><LI><a href="#[90]">&gt;&gt;</a>&nbsp;&nbsp;&nbsp;__main_after_scatterload
</UL>
<BR>[Called By]<UL><LI><a href="#[82]">&gt;&gt;</a>&nbsp;&nbsp;&nbsp;_main_scatterload
</UL>

<P><STRONG><a name="[17a]"></a>__scatterload_rt2</STRONG> (Thumb, 0 bytes, Stack size 0 bytes, init.o(.text), UNUSED)

<P><STRONG><a name="[17b]"></a>__decompress</STRONG> (Thumb, 0 bytes, Stack size unknown bytes, __dczerorl2.o(.text), UNUSED)

<P><STRONG><a name="[17c]"></a>__decompress1</STRONG> (Thumb, 86 bytes, Stack size unknown bytes, __dczerorl2.o(.text), UNUSED)

<P><STRONG><a name="[10a]"></a>OS_CPU_FP_Reg_Push</STRONG> (Thumb, 0 bytes, Stack size unknown bytes, os_cpu_a.o(CODE))
<BR><BR>[Called By]<UL><LI><a href="#[91]">&gt;&gt;</a>&nbsp;&nbsp;&nbsp;OSTaskSwHook
</UL>

<P><STRONG><a name="[10b]"></a>OS_CPU_FP_Reg_Pop</STRONG> (Thumb, 0 bytes, Stack size unknown bytes, os_cpu_a.o(CODE))
<BR><BR>[Called By]<UL><LI><a href="#[91]">&gt;&gt;</a>&nbsp;&nbsp;&nbsp;OSTaskSwHook
</UL>

<P><STRONG><a name="[f3]"></a>OSStartHighRdy</STRONG> (Thumb, 0 bytes, Stack size unknown bytes, os_cpu_a.o(CODE))
<BR><BR>[Called By]<UL><LI><a href="#[f2]">&gt;&gt;</a>&nbsp;&nbsp;&nbsp;OSStart
</UL>

<P><STRONG><a name="[ed]"></a>OSCtxSw</STRONG> (Thumb, 0 bytes, Stack size unknown bytes, os_cpu_a.o(CODE))
<BR><BR>[Called By]<UL><LI><a href="#[e4]">&gt;&gt;</a>&nbsp;&nbsp;&nbsp;OSSched
</UL>

<P><STRONG><a name="[dc]"></a>OSIntCtxSw</STRONG> (Thumb, 0 bytes, Stack size unknown bytes, os_cpu_a.o(CODE))
<BR><BR>[Called By]<UL><LI><a href="#[da]">&gt;&gt;</a>&nbsp;&nbsp;&nbsp;OSIntExit
</UL>

<P><STRONG><a name="[12]"></a>OS_CPU_PendSVHandler</STRONG> (Thumb, 0 bytes, Stack size unknown bytes, os_cpu_a.o(CODE))
<BR><BR>[Stack]<UL><LI>Max Depth = 8 + Unknown Stack Size
<LI>Call Chain = OS_CPU_PendSVHandler &rArr; OSTaskSwHook
</UL>
<BR>[Calls]<UL><LI><a href="#[91]">&gt;&gt;</a>&nbsp;&nbsp;&nbsp;OSTaskSwHook
</UL>
<BR>[Address Reference Count : 1]<UL><LI> startup_stm32f429_439xx.o(RESET)
</UL>
<P><STRONG><a name="[92]"></a>ADS1256ReadData</STRONG> (Thumb, 116 bytes, Stack size 16 bytes, ads1256.o(i.ADS1256ReadData))
<BR><BR>[Stack]<UL><LI>Max Depth = 48<LI>Call Chain = ADS1256ReadData &rArr; ADS1256WREG &rArr; SPI_WriteByte
</UL>
<BR>[Calls]<UL><LI><a href="#[96]">&gt;&gt;</a>&nbsp;&nbsp;&nbsp;GPIO_SetBits
<LI><a href="#[94]">&gt;&gt;</a>&nbsp;&nbsp;&nbsp;GPIO_ResetBits
<LI><a href="#[95]">&gt;&gt;</a>&nbsp;&nbsp;&nbsp;SPI_WriteByte
<LI><a href="#[93]">&gt;&gt;</a>&nbsp;&nbsp;&nbsp;ADS1256WREG
</UL>
<BR>[Called By]<UL><LI><a href="#[9a]">&gt;&gt;</a>&nbsp;&nbsp;&nbsp;set_zero
<LI><a href="#[a0]">&gt;&gt;</a>&nbsp;&nbsp;&nbsp;caijitongdao
<LI><a href="#[9d]">&gt;&gt;</a>&nbsp;&nbsp;&nbsp;Setzero_Init
</UL>

<P><STRONG><a name="[93]"></a>ADS1256WREG</STRONG> (Thumb, 62 bytes, Stack size 16 bytes, ads1256.o(i.ADS1256WREG))
<BR><BR>[Stack]<UL><LI>Max Depth = 32<LI>Call Chain = ADS1256WREG &rArr; SPI_WriteByte
</UL>
<BR>[Calls]<UL><LI><a href="#[96]">&gt;&gt;</a>&nbsp;&nbsp;&nbsp;GPIO_SetBits
<LI><a href="#[94]">&gt;&gt;</a>&nbsp;&nbsp;&nbsp;GPIO_ResetBits
<LI><a href="#[95]">&gt;&gt;</a>&nbsp;&nbsp;&nbsp;SPI_WriteByte
</UL>
<BR>[Called By]<UL><LI><a href="#[97]">&gt;&gt;</a>&nbsp;&nbsp;&nbsp;ADS1256_Init
<LI><a href="#[92]">&gt;&gt;</a>&nbsp;&nbsp;&nbsp;ADS1256ReadData
</UL>

<P><STRONG><a name="[97]"></a>ADS1256_Init</STRONG> (Thumb, 136 bytes, Stack size 8 bytes, ads1256.o(i.ADS1256_Init))
<BR><BR>[Stack]<UL><LI>Max Depth = 40<LI>Call Chain = ADS1256_Init &rArr; ADS1256WREG &rArr; SPI_WriteByte
</UL>
<BR>[Calls]<UL><LI><a href="#[96]">&gt;&gt;</a>&nbsp;&nbsp;&nbsp;GPIO_SetBits
<LI><a href="#[94]">&gt;&gt;</a>&nbsp;&nbsp;&nbsp;GPIO_ResetBits
<LI><a href="#[95]">&gt;&gt;</a>&nbsp;&nbsp;&nbsp;SPI_WriteByte
<LI><a href="#[93]">&gt;&gt;</a>&nbsp;&nbsp;&nbsp;ADS1256WREG
</UL>
<BR>[Called By]<UL><LI><a href="#[a2]">&gt;&gt;</a>&nbsp;&nbsp;&nbsp;BSP_Init
<LI><a href="#[73]">&gt;&gt;</a>&nbsp;&nbsp;&nbsp;AppTaskLed2
</UL>

<P><STRONG><a name="[148]"></a>AD_calibration_c1</STRONG> (Thumb, 314 bytes, Stack size 0 bytes, data_processing_ucos.o(i.AD_calibration_c1))
<BR><BR>[Called By]<UL><LI><a href="#[a0]">&gt;&gt;</a>&nbsp;&nbsp;&nbsp;caijitongdao
</UL>

<P><STRONG><a name="[149]"></a>AD_calibration_c2</STRONG> (Thumb, 326 bytes, Stack size 0 bytes, data_processing_ucos.o(i.AD_calibration_c2))
<BR><BR>[Called By]<UL><LI><a href="#[a0]">&gt;&gt;</a>&nbsp;&nbsp;&nbsp;caijitongdao
</UL>

<P><STRONG><a name="[14a]"></a>AD_calibration_c3</STRONG> (Thumb, 326 bytes, Stack size 0 bytes, data_processing_ucos.o(i.AD_calibration_c3))
<BR><BR>[Called By]<UL><LI><a href="#[a0]">&gt;&gt;</a>&nbsp;&nbsp;&nbsp;caijitongdao
</UL>

<P><STRONG><a name="[14b]"></a>AD_calibration_c4</STRONG> (Thumb, 326 bytes, Stack size 0 bytes, data_processing_ucos.o(i.AD_calibration_c4))
<BR><BR>[Called By]<UL><LI><a href="#[a0]">&gt;&gt;</a>&nbsp;&nbsp;&nbsp;caijitongdao
</UL>

<P><STRONG><a name="[a4]"></a>BSP_CPU_ClkFreq</STRONG> (Thumb, 14 bytes, Stack size 24 bytes, bsp.o(i.BSP_CPU_ClkFreq))
<BR><BR>[Stack]<UL><LI>Max Depth = 44<LI>Call Chain = BSP_CPU_ClkFreq &rArr; RCC_GetClocksFreq
</UL>
<BR>[Calls]<UL><LI><a href="#[aa]">&gt;&gt;</a>&nbsp;&nbsp;&nbsp;RCC_GetClocksFreq
</UL>
<BR>[Called By]<UL><LI><a href="#[81]">&gt;&gt;</a>&nbsp;&nbsp;&nbsp;AppTaskStart
<LI><a href="#[ba]">&gt;&gt;</a>&nbsp;&nbsp;&nbsp;CPU_TS_TmrInit
</UL>

<P><STRONG><a name="[a2]"></a>BSP_Init</STRONG> (Thumb, 56 bytes, Stack size 8 bytes, bsp.o(i.BSP_Init))
<BR><BR>[Stack]<UL><LI>Max Depth = 188<LI>Call Chain = BSP_Init &rArr; eMBInit &rArr; eMBRTUInit &rArr; xMBPortSerialInit &rArr; USART_Init &rArr; RCC_GetClocksFreq
</UL>
<BR>[Calls]<UL><LI><a href="#[97]">&gt;&gt;</a>&nbsp;&nbsp;&nbsp;ADS1256_Init
<LI><a href="#[b1]">&gt;&gt;</a>&nbsp;&nbsp;&nbsp;relay17_Config
<LI><a href="#[b2]">&gt;&gt;</a>&nbsp;&nbsp;&nbsp;eMBInit
<LI><a href="#[b3]">&gt;&gt;</a>&nbsp;&nbsp;&nbsp;eMBEnable
<LI><a href="#[af]">&gt;&gt;</a>&nbsp;&nbsp;&nbsp;TIMx_Configuration
<LI><a href="#[ad]">&gt;&gt;</a>&nbsp;&nbsp;&nbsp;Relay_Config
<LI><a href="#[ab]">&gt;&gt;</a>&nbsp;&nbsp;&nbsp;LED_Init
<LI><a href="#[ae]">&gt;&gt;</a>&nbsp;&nbsp;&nbsp;Key_GPIO_Config
<LI><a href="#[b0]">&gt;&gt;</a>&nbsp;&nbsp;&nbsp;Init_ADS1256_GPIO
<LI><a href="#[ac]">&gt;&gt;</a>&nbsp;&nbsp;&nbsp;DEBUG_USART_Config
</UL>
<BR>[Called By]<UL><LI><a href="#[81]">&gt;&gt;</a>&nbsp;&nbsp;&nbsp;AppTaskStart
</UL>

<P><STRONG><a name="[e]"></a>BusFault_Handler</STRONG> (Thumb, 4 bytes, Stack size 0 bytes, stm32f4xx_it.o(i.BusFault_Handler))
<BR>[Address Reference Count : 1]<UL><LI> startup_stm32f429_439xx.o(RESET)
</UL>
<P><STRONG><a name="[a3]"></a>CPU_Init</STRONG> (Thumb, 12 bytes, Stack size 8 bytes, cpu_core.o(i.CPU_Init))
<BR><BR>[Stack]<UL><LI>Max Depth = 68 + Unknown Stack Size
<LI>Call Chain = CPU_Init &rArr; CPU_TS_Init &rArr; CPU_TS_TmrInit &rArr; BSP_CPU_ClkFreq &rArr; RCC_GetClocksFreq
</UL>
<BR>[Calls]<UL><LI><a href="#[b4]">&gt;&gt;</a>&nbsp;&nbsp;&nbsp;CPU_TS_Init
<LI><a href="#[b5]">&gt;&gt;</a>&nbsp;&nbsp;&nbsp;CPU_NameInit
</UL>
<BR>[Called By]<UL><LI><a href="#[81]">&gt;&gt;</a>&nbsp;&nbsp;&nbsp;AppTaskStart
</UL>

<P><STRONG><a name="[b6]"></a>CPU_NameClr</STRONG> (Thumb, 42 bytes, Stack size 8 bytes, cpu_core.o(i.CPU_NameClr))
<BR><BR>[Stack]<UL><LI>Max Depth = 44 + Unknown Stack Size
<LI>Call Chain = CPU_NameClr &rArr; Mem_Clr &rArr; Mem_Set
</UL>
<BR>[Calls]<UL><LI><a href="#[b7]">&gt;&gt;</a>&nbsp;&nbsp;&nbsp;CPU_SR_Save
<LI><a href="#[b9]">&gt;&gt;</a>&nbsp;&nbsp;&nbsp;CPU_SR_Restore
<LI><a href="#[b8]">&gt;&gt;</a>&nbsp;&nbsp;&nbsp;Mem_Clr
</UL>
<BR>[Called By]<UL><LI><a href="#[b5]">&gt;&gt;</a>&nbsp;&nbsp;&nbsp;CPU_NameInit
</UL>

<P><STRONG><a name="[c7]"></a>CPU_SW_Exception</STRONG> (Thumb, 4 bytes, Stack size 0 bytes, cpu_core.o(i.CPU_SW_Exception))
<BR><BR>[Called By]<UL><LI><a href="#[a6]">&gt;&gt;</a>&nbsp;&nbsp;&nbsp;Mem_Init
</UL>

<P><STRONG><a name="[bb]"></a>CPU_TS_TmrFreqSet</STRONG> (Thumb, 6 bytes, Stack size 0 bytes, cpu_core.o(i.CPU_TS_TmrFreqSet))
<BR><BR>[Called By]<UL><LI><a href="#[ba]">&gt;&gt;</a>&nbsp;&nbsp;&nbsp;CPU_TS_TmrInit
</UL>

<P><STRONG><a name="[ba]"></a>CPU_TS_TmrInit</STRONG> (Thumb, 44 bytes, Stack size 8 bytes, bsp.o(i.CPU_TS_TmrInit))
<BR><BR>[Stack]<UL><LI>Max Depth = 52<LI>Call Chain = CPU_TS_TmrInit &rArr; BSP_CPU_ClkFreq &rArr; RCC_GetClocksFreq
</UL>
<BR>[Calls]<UL><LI><a href="#[a4]">&gt;&gt;</a>&nbsp;&nbsp;&nbsp;BSP_CPU_ClkFreq
<LI><a href="#[bb]">&gt;&gt;</a>&nbsp;&nbsp;&nbsp;CPU_TS_TmrFreqSet
</UL>
<BR>[Called By]<UL><LI><a href="#[b4]">&gt;&gt;</a>&nbsp;&nbsp;&nbsp;CPU_TS_Init
</UL>

<P><STRONG><a name="[e6]"></a>CPU_TS_TmrRd</STRONG> (Thumb, 6 bytes, Stack size 0 bytes, bsp.o(i.CPU_TS_TmrRd))
<BR><BR>[Called By]<UL><LI><a href="#[76]">&gt;&gt;</a>&nbsp;&nbsp;&nbsp;OS_StatTask
<LI><a href="#[f4]">&gt;&gt;</a>&nbsp;&nbsp;&nbsp;OSStatReset
<LI><a href="#[100]">&gt;&gt;</a>&nbsp;&nbsp;&nbsp;OS_MutexGrpPostAll
<LI><a href="#[e5]">&gt;&gt;</a>&nbsp;&nbsp;&nbsp;OSMutexPost
<LI><a href="#[f1]">&gt;&gt;</a>&nbsp;&nbsp;&nbsp;OS_SchedLockTimeMeasStop
<LI><a href="#[ef]">&gt;&gt;</a>&nbsp;&nbsp;&nbsp;OS_SchedLockTimeMeasStart
<LI><a href="#[91]">&gt;&gt;</a>&nbsp;&nbsp;&nbsp;OSTaskSwHook
<LI><a href="#[78]">&gt;&gt;</a>&nbsp;&nbsp;&nbsp;OS_TmrTask
<LI><a href="#[120]">&gt;&gt;</a>&nbsp;&nbsp;&nbsp;OS_TickListUpdateTimeout
<LI><a href="#[11f]">&gt;&gt;</a>&nbsp;&nbsp;&nbsp;OS_TickListUpdateDly
<LI><a href="#[f9]">&gt;&gt;</a>&nbsp;&nbsp;&nbsp;OS_TaskInitTCB
<LI><a href="#[106]">&gt;&gt;</a>&nbsp;&nbsp;&nbsp;OSTaskSemPost
<LI><a href="#[105]">&gt;&gt;</a>&nbsp;&nbsp;&nbsp;OSTaskSemPend
</UL>

<P><STRONG><a name="[ac]"></a>DEBUG_USART_Config</STRONG> (Thumb, 144 bytes, Stack size 32 bytes, bsp_debug_usart.o(i.DEBUG_USART_Config))
<BR><BR>[Stack]<UL><LI>Max Depth = 100<LI>Call Chain = DEBUG_USART_Config &rArr; USART_Init &rArr; RCC_GetClocksFreq
</UL>
<BR>[Calls]<UL><LI><a href="#[be]">&gt;&gt;</a>&nbsp;&nbsp;&nbsp;GPIO_PinAFConfig
<LI><a href="#[bf]">&gt;&gt;</a>&nbsp;&nbsp;&nbsp;GPIO_Init
<LI><a href="#[bd]">&gt;&gt;</a>&nbsp;&nbsp;&nbsp;RCC_APB2PeriphClockCmd
<LI><a href="#[bc]">&gt;&gt;</a>&nbsp;&nbsp;&nbsp;RCC_AHB1PeriphClockCmd
<LI><a href="#[c0]">&gt;&gt;</a>&nbsp;&nbsp;&nbsp;USART_Init
<LI><a href="#[c1]">&gt;&gt;</a>&nbsp;&nbsp;&nbsp;USART_Cmd
</UL>
<BR>[Called By]<UL><LI><a href="#[a2]">&gt;&gt;</a>&nbsp;&nbsp;&nbsp;BSP_Init
</UL>

<P><STRONG><a name="[11]"></a>DebugMon_Handler</STRONG> (Thumb, 2 bytes, Stack size 0 bytes, stm32f4xx_it.o(i.DebugMon_Handler))
<BR>[Address Reference Count : 1]<UL><LI> startup_stm32f429_439xx.o(RESET)
</UL>
<P><STRONG><a name="[129]"></a>Delays1</STRONG> (Thumb, 12 bytes, Stack size 0 bytes, data_processing_ucos.o(i.Delays1))
<BR><BR>[Called By]<UL><LI><a href="#[9a]">&gt;&gt;</a>&nbsp;&nbsp;&nbsp;set_zero
<LI><a href="#[9d]">&gt;&gt;</a>&nbsp;&nbsp;&nbsp;Setzero_Init
</UL>

<P><STRONG><a name="[158]"></a>EnterCriticalSection</STRONG> (Thumb, 4 bytes, Stack size 0 bytes, port.o(i.EnterCriticalSection))
<BR><BR>[Called By]<UL><LI><a href="#[156]">&gt;&gt;</a>&nbsp;&nbsp;&nbsp;xMBPortSerialInit
<LI><a href="#[7b]">&gt;&gt;</a>&nbsp;&nbsp;&nbsp;eMBRTUStop
<LI><a href="#[7a]">&gt;&gt;</a>&nbsp;&nbsp;&nbsp;eMBRTUStart
<LI><a href="#[7c]">&gt;&gt;</a>&nbsp;&nbsp;&nbsp;eMBRTUSend
<LI><a href="#[7d]">&gt;&gt;</a>&nbsp;&nbsp;&nbsp;eMBRTUReceive
</UL>

<P><STRONG><a name="[15a]"></a>ExitCriticalSection</STRONG> (Thumb, 4 bytes, Stack size 0 bytes, port.o(i.ExitCriticalSection))
<BR><BR>[Called By]<UL><LI><a href="#[156]">&gt;&gt;</a>&nbsp;&nbsp;&nbsp;xMBPortSerialInit
<LI><a href="#[7b]">&gt;&gt;</a>&nbsp;&nbsp;&nbsp;eMBRTUStop
<LI><a href="#[7a]">&gt;&gt;</a>&nbsp;&nbsp;&nbsp;eMBRTUStart
<LI><a href="#[7c]">&gt;&gt;</a>&nbsp;&nbsp;&nbsp;eMBRTUSend
<LI><a href="#[7d]">&gt;&gt;</a>&nbsp;&nbsp;&nbsp;eMBRTUReceive
</UL>

<P><STRONG><a name="[bf]"></a>GPIO_Init</STRONG> (Thumb, 144 bytes, Stack size 20 bytes, stm32f4xx_gpio.o(i.GPIO_Init))
<BR><BR>[Stack]<UL><LI>Max Depth = 20<LI>Call Chain = GPIO_Init
</UL>
<BR>[Called By]<UL><LI><a href="#[c4]">&gt;&gt;</a>&nbsp;&nbsp;&nbsp;LED_GPIO_Config
<LI><a href="#[b1]">&gt;&gt;</a>&nbsp;&nbsp;&nbsp;relay17_Config
<LI><a href="#[ad]">&gt;&gt;</a>&nbsp;&nbsp;&nbsp;Relay_Config
<LI><a href="#[ae]">&gt;&gt;</a>&nbsp;&nbsp;&nbsp;Key_GPIO_Config
<LI><a href="#[b0]">&gt;&gt;</a>&nbsp;&nbsp;&nbsp;Init_ADS1256_GPIO
<LI><a href="#[ac]">&gt;&gt;</a>&nbsp;&nbsp;&nbsp;DEBUG_USART_Config
<LI><a href="#[c2]">&gt;&gt;</a>&nbsp;&nbsp;&nbsp;SPI1_Init
<LI><a href="#[156]">&gt;&gt;</a>&nbsp;&nbsp;&nbsp;xMBPortSerialInit
</UL>

<P><STRONG><a name="[be]"></a>GPIO_PinAFConfig</STRONG> (Thumb, 70 bytes, Stack size 20 bytes, stm32f4xx_gpio.o(i.GPIO_PinAFConfig))
<BR><BR>[Stack]<UL><LI>Max Depth = 20<LI>Call Chain = GPIO_PinAFConfig
</UL>
<BR>[Called By]<UL><LI><a href="#[ac]">&gt;&gt;</a>&nbsp;&nbsp;&nbsp;DEBUG_USART_Config
<LI><a href="#[c2]">&gt;&gt;</a>&nbsp;&nbsp;&nbsp;SPI1_Init
<LI><a href="#[156]">&gt;&gt;</a>&nbsp;&nbsp;&nbsp;xMBPortSerialInit
</UL>

<P><STRONG><a name="[9e]"></a>GPIO_ReadInputDataBit</STRONG> (Thumb, 18 bytes, Stack size 0 bytes, stm32f4xx_gpio.o(i.GPIO_ReadInputDataBit))
<BR><BR>[Called By]<UL><LI><a href="#[9f]">&gt;&gt;</a>&nbsp;&nbsp;&nbsp;Step
<LI><a href="#[73]">&gt;&gt;</a>&nbsp;&nbsp;&nbsp;AppTaskLed2
<LI><a href="#[c3]">&gt;&gt;</a>&nbsp;&nbsp;&nbsp;Key_Scan
</UL>

<P><STRONG><a name="[94]"></a>GPIO_ResetBits</STRONG> (Thumb, 4 bytes, Stack size 0 bytes, stm32f4xx_gpio.o(i.GPIO_ResetBits))
<BR><BR>[Called By]<UL><LI><a href="#[9c]">&gt;&gt;</a>&nbsp;&nbsp;&nbsp;reset
<LI><a href="#[97]">&gt;&gt;</a>&nbsp;&nbsp;&nbsp;ADS1256_Init
<LI><a href="#[93]">&gt;&gt;</a>&nbsp;&nbsp;&nbsp;ADS1256WREG
<LI><a href="#[92]">&gt;&gt;</a>&nbsp;&nbsp;&nbsp;ADS1256ReadData
</UL>

<P><STRONG><a name="[96]"></a>GPIO_SetBits</STRONG> (Thumb, 4 bytes, Stack size 0 bytes, stm32f4xx_gpio.o(i.GPIO_SetBits))
<BR><BR>[Called By]<UL><LI><a href="#[9c]">&gt;&gt;</a>&nbsp;&nbsp;&nbsp;reset
<LI><a href="#[97]">&gt;&gt;</a>&nbsp;&nbsp;&nbsp;ADS1256_Init
<LI><a href="#[ab]">&gt;&gt;</a>&nbsp;&nbsp;&nbsp;LED_Init
<LI><a href="#[b0]">&gt;&gt;</a>&nbsp;&nbsp;&nbsp;Init_ADS1256_GPIO
<LI><a href="#[93]">&gt;&gt;</a>&nbsp;&nbsp;&nbsp;ADS1256WREG
<LI><a href="#[92]">&gt;&gt;</a>&nbsp;&nbsp;&nbsp;ADS1256ReadData
</UL>

<P><STRONG><a name="[c]"></a>HardFault_Handler</STRONG> (Thumb, 4 bytes, Stack size 0 bytes, stm32f4xx_it.o(i.HardFault_Handler))
<BR>[Address Reference Count : 1]<UL><LI> startup_stm32f429_439xx.o(RESET)
</UL>
<P><STRONG><a name="[b0]"></a>Init_ADS1256_GPIO</STRONG> (Thumb, 106 bytes, Stack size 16 bytes, ads1256.o(i.Init_ADS1256_GPIO))
<BR><BR>[Stack]<UL><LI>Max Depth = 68<LI>Call Chain = Init_ADS1256_GPIO &rArr; SPI1_Init &rArr; GPIO_PinAFConfig
</UL>
<BR>[Calls]<UL><LI><a href="#[96]">&gt;&gt;</a>&nbsp;&nbsp;&nbsp;GPIO_SetBits
<LI><a href="#[bf]">&gt;&gt;</a>&nbsp;&nbsp;&nbsp;GPIO_Init
<LI><a href="#[bc]">&gt;&gt;</a>&nbsp;&nbsp;&nbsp;RCC_AHB1PeriphClockCmd
<LI><a href="#[c2]">&gt;&gt;</a>&nbsp;&nbsp;&nbsp;SPI1_Init
</UL>
<BR>[Called By]<UL><LI><a href="#[a2]">&gt;&gt;</a>&nbsp;&nbsp;&nbsp;BSP_Init
</UL>

<P><STRONG><a name="[ae]"></a>Key_GPIO_Config</STRONG> (Thumb, 72 bytes, Stack size 16 bytes, relay.o(i.Key_GPIO_Config))
<BR><BR>[Stack]<UL><LI>Max Depth = 36<LI>Call Chain = Key_GPIO_Config &rArr; GPIO_Init
</UL>
<BR>[Calls]<UL><LI><a href="#[bf]">&gt;&gt;</a>&nbsp;&nbsp;&nbsp;GPIO_Init
<LI><a href="#[bc]">&gt;&gt;</a>&nbsp;&nbsp;&nbsp;RCC_AHB1PeriphClockCmd
</UL>
<BR>[Called By]<UL><LI><a href="#[a2]">&gt;&gt;</a>&nbsp;&nbsp;&nbsp;BSP_Init
</UL>

<P><STRONG><a name="[c3]"></a>Key_Scan</STRONG> (Thumb, 24 bytes, Stack size 16 bytes, relay.o(i.Key_Scan))
<BR><BR>[Stack]<UL><LI>Max Depth = 16<LI>Call Chain = Key_Scan
</UL>
<BR>[Calls]<UL><LI><a href="#[9e]">&gt;&gt;</a>&nbsp;&nbsp;&nbsp;GPIO_ReadInputDataBit
</UL>
<BR>[Called By]<UL><LI><a href="#[a1]">&gt;&gt;</a>&nbsp;&nbsp;&nbsp;out_start_stop
</UL>

<P><STRONG><a name="[ab]"></a>LED_Init</STRONG> (Thumb, 38 bytes, Stack size 8 bytes, bsp_led.o(i.LED_Init))
<BR><BR>[Stack]<UL><LI>Max Depth = 44<LI>Call Chain = LED_Init &rArr; LED_GPIO_Config &rArr; GPIO_Init
</UL>
<BR>[Calls]<UL><LI><a href="#[96]">&gt;&gt;</a>&nbsp;&nbsp;&nbsp;GPIO_SetBits
<LI><a href="#[c4]">&gt;&gt;</a>&nbsp;&nbsp;&nbsp;LED_GPIO_Config
</UL>
<BR>[Called By]<UL><LI><a href="#[a2]">&gt;&gt;</a>&nbsp;&nbsp;&nbsp;BSP_Init
</UL>

<P><STRONG><a name="[d]"></a>MemManage_Handler</STRONG> (Thumb, 4 bytes, Stack size 0 bytes, stm32f4xx_it.o(i.MemManage_Handler))
<BR>[Address Reference Count : 1]<UL><LI> startup_stm32f429_439xx.o(RESET)
</UL>
<P><STRONG><a name="[b8]"></a>Mem_Clr</STRONG> (Thumb, 18 bytes, Stack size 12 bytes, lib_mem.o(i.Mem_Clr))
<BR><BR>[Stack]<UL><LI>Max Depth = 36<LI>Call Chain = Mem_Clr &rArr; Mem_Set
</UL>
<BR>[Calls]<UL><LI><a href="#[c5]">&gt;&gt;</a>&nbsp;&nbsp;&nbsp;Mem_Set
</UL>
<BR>[Called By]<UL><LI><a href="#[b6]">&gt;&gt;</a>&nbsp;&nbsp;&nbsp;CPU_NameClr
</UL>

<P><STRONG><a name="[a6]"></a>Mem_Init</STRONG> (Thumb, 54 bytes, Stack size 24 bytes, lib_mem.o(i.Mem_Init))
<BR><BR>[Stack]<UL><LI>Max Depth = 76 + Unknown Stack Size
<LI>Call Chain = Mem_Init &rArr; Mem_SegCreate &rArr; Mem_SegCreateCritical
</UL>
<BR>[Calls]<UL><LI><a href="#[c6]">&gt;&gt;</a>&nbsp;&nbsp;&nbsp;Mem_SegCreate
<LI><a href="#[c7]">&gt;&gt;</a>&nbsp;&nbsp;&nbsp;CPU_SW_Exception
</UL>
<BR>[Called By]<UL><LI><a href="#[81]">&gt;&gt;</a>&nbsp;&nbsp;&nbsp;AppTaskStart
</UL>

<P><STRONG><a name="[c6]"></a>Mem_SegCreate</STRONG> (Thumb, 74 bytes, Stack size 40 bytes, lib_mem.o(i.Mem_SegCreate))
<BR><BR>[Stack]<UL><LI>Max Depth = 52 + Unknown Stack Size
<LI>Call Chain = Mem_SegCreate &rArr; Mem_SegCreateCritical
</UL>
<BR>[Calls]<UL><LI><a href="#[b7]">&gt;&gt;</a>&nbsp;&nbsp;&nbsp;CPU_SR_Save
<LI><a href="#[b9]">&gt;&gt;</a>&nbsp;&nbsp;&nbsp;CPU_SR_Restore
<LI><a href="#[c8]">&gt;&gt;</a>&nbsp;&nbsp;&nbsp;Mem_SegCreateCritical
</UL>
<BR>[Called By]<UL><LI><a href="#[a6]">&gt;&gt;</a>&nbsp;&nbsp;&nbsp;Mem_Init
</UL>

<P><STRONG><a name="[c5]"></a>Mem_Set</STRONG> (Thumb, 84 bytes, Stack size 24 bytes, lib_mem.o(i.Mem_Set))
<BR><BR>[Stack]<UL><LI>Max Depth = 24<LI>Call Chain = Mem_Set
</UL>
<BR>[Called By]<UL><LI><a href="#[b8]">&gt;&gt;</a>&nbsp;&nbsp;&nbsp;Mem_Clr
</UL>

<P><STRONG><a name="[b]"></a>NMI_Handler</STRONG> (Thumb, 2 bytes, Stack size 0 bytes, stm32f4xx_it.o(i.NMI_Handler))
<BR>[Address Reference Count : 1]<UL><LI> startup_stm32f429_439xx.o(RESET)
</UL>
<P><STRONG><a name="[13b]"></a>NVIC_Init</STRONG> (Thumb, 106 bytes, Stack size 16 bytes, misc.o(i.NVIC_Init))
<BR><BR>[Stack]<UL><LI>Max Depth = 16<LI>Call Chain = NVIC_Init
</UL>
<BR>[Called By]<UL><LI><a href="#[139]">&gt;&gt;</a>&nbsp;&nbsp;&nbsp;TIMx_NVIC_Configuration
<LI><a href="#[157]">&gt;&gt;</a>&nbsp;&nbsp;&nbsp;xMBPortTimersInit
<LI><a href="#[156]">&gt;&gt;</a>&nbsp;&nbsp;&nbsp;xMBPortSerialInit
</UL>

<P><STRONG><a name="[13a]"></a>NVIC_PriorityGroupConfig</STRONG> (Thumb, 10 bytes, Stack size 0 bytes, misc.o(i.NVIC_PriorityGroupConfig))
<BR><BR>[Called By]<UL><LI><a href="#[139]">&gt;&gt;</a>&nbsp;&nbsp;&nbsp;TIMx_NVIC_Configuration
<LI><a href="#[157]">&gt;&gt;</a>&nbsp;&nbsp;&nbsp;xMBPortTimersInit
<LI><a href="#[156]">&gt;&gt;</a>&nbsp;&nbsp;&nbsp;xMBPortSerialInit
</UL>

<P><STRONG><a name="[d9]"></a>OSCfg_Init</STRONG> (Thumb, 2 bytes, Stack size 0 bytes, os_cfg_app.o(i.OSCfg_Init))
<BR><BR>[Called By]<UL><LI><a href="#[c9]">&gt;&gt;</a>&nbsp;&nbsp;&nbsp;OSInit
</UL>

<P><STRONG><a name="[10f]"></a>OSIdleTaskHook</STRONG> (Thumb, 16 bytes, Stack size 8 bytes, os_cpu_c.o(i.OSIdleTaskHook))
<BR><BR>[Stack]<UL><LI>Max Depth = 8<LI>Call Chain = OSIdleTaskHook
</UL>
<BR>[Called By]<UL><LI><a href="#[75]">&gt;&gt;</a>&nbsp;&nbsp;&nbsp;OS_IdleTask
</UL>

<P><STRONG><a name="[c9]"></a>OSInit</STRONG> (Thumb, 270 bytes, Stack size 16 bytes, os_core.o(i.OSInit))
<BR><BR>[Stack]<UL><LI>Max Depth = 168 + Unknown Stack Size
<LI>Call Chain = OSInit &rArr; OS_TmrInit &rArr; OSTaskCreate &rArr; OSSched &rArr; OS_PrioGetHighest
</UL>
<BR>[Calls]<UL><LI><a href="#[d7]">&gt;&gt;</a>&nbsp;&nbsp;&nbsp;OS_TmrInit
<LI><a href="#[d5]">&gt;&gt;</a>&nbsp;&nbsp;&nbsp;OS_TickTaskInit
<LI><a href="#[d3]">&gt;&gt;</a>&nbsp;&nbsp;&nbsp;OS_TaskInit
<LI><a href="#[d6]">&gt;&gt;</a>&nbsp;&nbsp;&nbsp;OS_StatTaskInit
<LI><a href="#[d2]">&gt;&gt;</a>&nbsp;&nbsp;&nbsp;OS_SemInit
<LI><a href="#[d1]">&gt;&gt;</a>&nbsp;&nbsp;&nbsp;OS_QInit
<LI><a href="#[cb]">&gt;&gt;</a>&nbsp;&nbsp;&nbsp;OS_PrioInit
<LI><a href="#[d0]">&gt;&gt;</a>&nbsp;&nbsp;&nbsp;OS_MutexInit
<LI><a href="#[cf]">&gt;&gt;</a>&nbsp;&nbsp;&nbsp;OS_MsgPoolInit
<LI><a href="#[ce]">&gt;&gt;</a>&nbsp;&nbsp;&nbsp;OS_MemInit
<LI><a href="#[cd]">&gt;&gt;</a>&nbsp;&nbsp;&nbsp;OS_FlagInit
<LI><a href="#[d8]">&gt;&gt;</a>&nbsp;&nbsp;&nbsp;OS_Dbg_Init
<LI><a href="#[ca]">&gt;&gt;</a>&nbsp;&nbsp;&nbsp;OSInitHook
<LI><a href="#[cc]">&gt;&gt;</a>&nbsp;&nbsp;&nbsp;OS_RdyListInit
<LI><a href="#[d4]">&gt;&gt;</a>&nbsp;&nbsp;&nbsp;OS_IdleTaskInit
<LI><a href="#[d9]">&gt;&gt;</a>&nbsp;&nbsp;&nbsp;OSCfg_Init
</UL>
<BR>[Called By]<UL><LI><a href="#[6f]">&gt;&gt;</a>&nbsp;&nbsp;&nbsp;main
</UL>

<P><STRONG><a name="[ca]"></a>OSInitHook</STRONG> (Thumb, 28 bytes, Stack size 0 bytes, os_cpu_c.o(i.OSInitHook))
<BR><BR>[Called By]<UL><LI><a href="#[c9]">&gt;&gt;</a>&nbsp;&nbsp;&nbsp;OSInit
</UL>

<P><STRONG><a name="[13c]"></a>OSIntEnter</STRONG> (Thumb, 34 bytes, Stack size 0 bytes, os_core.o(i.OSIntEnter))
<BR><BR>[Called By]<UL><LI><a href="#[3a]">&gt;&gt;</a>&nbsp;&nbsp;&nbsp;USART2_IRQHandler
</UL>

<P><STRONG><a name="[da]"></a>OSIntExit</STRONG> (Thumb, 188 bytes, Stack size 8 bytes, os_core.o(i.OSIntExit))
<BR><BR>[Stack]<UL><LI>Max Depth = 24 + Unknown Stack Size
<LI>Call Chain = OSIntExit &rArr; OS_PrioGetHighest
</UL>
<BR>[Calls]<UL><LI><a href="#[b7]">&gt;&gt;</a>&nbsp;&nbsp;&nbsp;CPU_SR_Save
<LI><a href="#[b9]">&gt;&gt;</a>&nbsp;&nbsp;&nbsp;CPU_SR_Restore
<LI><a href="#[db]">&gt;&gt;</a>&nbsp;&nbsp;&nbsp;OS_PrioGetHighest
<LI><a href="#[dc]">&gt;&gt;</a>&nbsp;&nbsp;&nbsp;OSIntCtxSw
</UL>
<BR>[Called By]<UL><LI><a href="#[3a]">&gt;&gt;</a>&nbsp;&nbsp;&nbsp;USART2_IRQHandler
<LI><a href="#[13]">&gt;&gt;</a>&nbsp;&nbsp;&nbsp;OS_CPU_SysTickHandler
</UL>

<P><STRONG><a name="[dd]"></a>OSMutexCreate</STRONG> (Thumb, 102 bytes, Stack size 24 bytes, os_mutex.o(i.OSMutexCreate))
<BR><BR>[Stack]<UL><LI>Max Depth = 24 + Unknown Stack Size
<LI>Call Chain = OSMutexCreate
</UL>
<BR>[Calls]<UL><LI><a href="#[b7]">&gt;&gt;</a>&nbsp;&nbsp;&nbsp;CPU_SR_Save
<LI><a href="#[b9]">&gt;&gt;</a>&nbsp;&nbsp;&nbsp;CPU_SR_Restore
<LI><a href="#[df]">&gt;&gt;</a>&nbsp;&nbsp;&nbsp;OS_MutexDbgListAdd
<LI><a href="#[de]">&gt;&gt;</a>&nbsp;&nbsp;&nbsp;OS_PendListInit
</UL>
<BR>[Called By]<UL><LI><a href="#[d7]">&gt;&gt;</a>&nbsp;&nbsp;&nbsp;OS_TmrInit
</UL>

<P><STRONG><a name="[e0]"></a>OSMutexPend</STRONG> (Thumb, 450 bytes, Stack size 64 bytes, os_mutex.o(i.OSMutexPend))
<BR><BR>[Stack]<UL><LI>Max Depth = 140 + Unknown Stack Size
<LI>Call Chain = OSMutexPend &rArr; OS_Pend &rArr; OS_TaskBlock &rArr; OS_RdyListRemove &rArr; OS_PrioRemove
</UL>
<BR>[Calls]<UL><LI><a href="#[b7]">&gt;&gt;</a>&nbsp;&nbsp;&nbsp;CPU_SR_Save
<LI><a href="#[b9]">&gt;&gt;</a>&nbsp;&nbsp;&nbsp;CPU_SR_Restore
<LI><a href="#[e2]">&gt;&gt;</a>&nbsp;&nbsp;&nbsp;OS_TaskChangePrio
<LI><a href="#[e1]">&gt;&gt;</a>&nbsp;&nbsp;&nbsp;OS_MutexGrpAdd
<LI><a href="#[e3]">&gt;&gt;</a>&nbsp;&nbsp;&nbsp;OS_Pend
<LI><a href="#[e4]">&gt;&gt;</a>&nbsp;&nbsp;&nbsp;OSSched
</UL>
<BR>[Called By]<UL><LI><a href="#[121]">&gt;&gt;</a>&nbsp;&nbsp;&nbsp;OS_TmrLock
</UL>

<P><STRONG><a name="[e5]"></a>OSMutexPost</STRONG> (Thumb, 384 bytes, Stack size 40 bytes, os_mutex.o(i.OSMutexPost))
<BR><BR>[Stack]<UL><LI>Max Depth = 104 + Unknown Stack Size
<LI>Call Chain = OSMutexPost &rArr; OS_Post &rArr; OS_PendListRemove &rArr; OS_PendListRemove1
</UL>
<BR>[Calls]<UL><LI><a href="#[b7]">&gt;&gt;</a>&nbsp;&nbsp;&nbsp;CPU_SR_Save
<LI><a href="#[b9]">&gt;&gt;</a>&nbsp;&nbsp;&nbsp;CPU_SR_Restore
<LI><a href="#[e6]">&gt;&gt;</a>&nbsp;&nbsp;&nbsp;CPU_TS_TmrRd
<LI><a href="#[e7]">&gt;&gt;</a>&nbsp;&nbsp;&nbsp;OS_MutexGrpRemove
<LI><a href="#[e8]">&gt;&gt;</a>&nbsp;&nbsp;&nbsp;OS_MutexGrpPrioFindHighest
<LI><a href="#[e1]">&gt;&gt;</a>&nbsp;&nbsp;&nbsp;OS_MutexGrpAdd
<LI><a href="#[ea]">&gt;&gt;</a>&nbsp;&nbsp;&nbsp;OS_PrioInsert
<LI><a href="#[e9]">&gt;&gt;</a>&nbsp;&nbsp;&nbsp;OS_RdyListRemove
<LI><a href="#[eb]">&gt;&gt;</a>&nbsp;&nbsp;&nbsp;OS_RdyListInsertTail
<LI><a href="#[ec]">&gt;&gt;</a>&nbsp;&nbsp;&nbsp;OS_Post
<LI><a href="#[e4]">&gt;&gt;</a>&nbsp;&nbsp;&nbsp;OSSched
</UL>
<BR>[Called By]<UL><LI><a href="#[123]">&gt;&gt;</a>&nbsp;&nbsp;&nbsp;OS_TmrUnlock
</UL>

<P><STRONG><a name="[e4]"></a>OSSched</STRONG> (Thumb, 134 bytes, Stack size 8 bytes, os_core.o(i.OSSched))
<BR><BR>[Stack]<UL><LI>Max Depth = 24 + Unknown Stack Size
<LI>Call Chain = OSSched &rArr; OS_PrioGetHighest
</UL>
<BR>[Calls]<UL><LI><a href="#[b7]">&gt;&gt;</a>&nbsp;&nbsp;&nbsp;CPU_SR_Save
<LI><a href="#[b9]">&gt;&gt;</a>&nbsp;&nbsp;&nbsp;CPU_SR_Restore
<LI><a href="#[db]">&gt;&gt;</a>&nbsp;&nbsp;&nbsp;OS_PrioGetHighest
<LI><a href="#[ed]">&gt;&gt;</a>&nbsp;&nbsp;&nbsp;OSCtxSw
</UL>
<BR>[Called By]<UL><LI><a href="#[9b]">&gt;&gt;</a>&nbsp;&nbsp;&nbsp;OSTimeDly
<LI><a href="#[a9]">&gt;&gt;</a>&nbsp;&nbsp;&nbsp;OSTaskDel
<LI><a href="#[a8]">&gt;&gt;</a>&nbsp;&nbsp;&nbsp;OSTaskCreate
<LI><a href="#[e5]">&gt;&gt;</a>&nbsp;&nbsp;&nbsp;OSMutexPost
<LI><a href="#[e0]">&gt;&gt;</a>&nbsp;&nbsp;&nbsp;OSMutexPend
<LI><a href="#[f0]">&gt;&gt;</a>&nbsp;&nbsp;&nbsp;OSSchedUnlock
<LI><a href="#[109]">&gt;&gt;</a>&nbsp;&nbsp;&nbsp;OS_TaskSuspend
<LI><a href="#[107]">&gt;&gt;</a>&nbsp;&nbsp;&nbsp;OS_TaskSemPost
<LI><a href="#[104]">&gt;&gt;</a>&nbsp;&nbsp;&nbsp;OS_TaskResume
<LI><a href="#[105]">&gt;&gt;</a>&nbsp;&nbsp;&nbsp;OSTaskSemPend
</UL>

<P><STRONG><a name="[ee]"></a>OSSchedLock</STRONG> (Thumb, 88 bytes, Stack size 16 bytes, os_core.o(i.OSSchedLock))
<BR><BR>[Stack]<UL><LI>Max Depth = 24 + Unknown Stack Size
<LI>Call Chain = OSSchedLock &rArr; OS_SchedLockTimeMeasStart
</UL>
<BR>[Calls]<UL><LI><a href="#[b7]">&gt;&gt;</a>&nbsp;&nbsp;&nbsp;CPU_SR_Save
<LI><a href="#[b9]">&gt;&gt;</a>&nbsp;&nbsp;&nbsp;CPU_SR_Restore
<LI><a href="#[ef]">&gt;&gt;</a>&nbsp;&nbsp;&nbsp;OS_SchedLockTimeMeasStart
</UL>
<BR>[Called By]<UL><LI><a href="#[78]">&gt;&gt;</a>&nbsp;&nbsp;&nbsp;OS_TmrTask
</UL>

<P><STRONG><a name="[f0]"></a>OSSchedUnlock</STRONG> (Thumb, 120 bytes, Stack size 16 bytes, os_core.o(i.OSSchedUnlock))
<BR><BR>[Stack]<UL><LI>Max Depth = 40 + Unknown Stack Size
<LI>Call Chain = OSSchedUnlock &rArr; OSSched &rArr; OS_PrioGetHighest
</UL>
<BR>[Calls]<UL><LI><a href="#[b7]">&gt;&gt;</a>&nbsp;&nbsp;&nbsp;CPU_SR_Save
<LI><a href="#[b9]">&gt;&gt;</a>&nbsp;&nbsp;&nbsp;CPU_SR_Restore
<LI><a href="#[f1]">&gt;&gt;</a>&nbsp;&nbsp;&nbsp;OS_SchedLockTimeMeasStop
<LI><a href="#[e4]">&gt;&gt;</a>&nbsp;&nbsp;&nbsp;OSSched
</UL>
<BR>[Called By]<UL><LI><a href="#[78]">&gt;&gt;</a>&nbsp;&nbsp;&nbsp;OS_TmrTask
</UL>

<P><STRONG><a name="[f2]"></a>OSStart</STRONG> (Thumb, 78 bytes, Stack size 8 bytes, os_core.o(i.OSStart))
<BR><BR>[Stack]<UL><LI>Max Depth = 24 + Unknown Stack Size
<LI>Call Chain = OSStart &rArr; OS_PrioGetHighest
</UL>
<BR>[Calls]<UL><LI><a href="#[db]">&gt;&gt;</a>&nbsp;&nbsp;&nbsp;OS_PrioGetHighest
<LI><a href="#[f3]">&gt;&gt;</a>&nbsp;&nbsp;&nbsp;OSStartHighRdy
</UL>
<BR>[Called By]<UL><LI><a href="#[6f]">&gt;&gt;</a>&nbsp;&nbsp;&nbsp;main
</UL>

<P><STRONG><a name="[f4]"></a>OSStatReset</STRONG> (Thumb, 262 bytes, Stack size 24 bytes, os_stat.o(i.OSStatReset))
<BR><BR>[Stack]<UL><LI>Max Depth = 24 + Unknown Stack Size
<LI>Call Chain = OSStatReset
</UL>
<BR>[Calls]<UL><LI><a href="#[b7]">&gt;&gt;</a>&nbsp;&nbsp;&nbsp;CPU_SR_Save
<LI><a href="#[b9]">&gt;&gt;</a>&nbsp;&nbsp;&nbsp;CPU_SR_Restore
<LI><a href="#[e6]">&gt;&gt;</a>&nbsp;&nbsp;&nbsp;CPU_TS_TmrRd
<LI><a href="#[f6]">&gt;&gt;</a>&nbsp;&nbsp;&nbsp;OS_TmrResetPeak
<LI><a href="#[f5]">&gt;&gt;</a>&nbsp;&nbsp;&nbsp;OS_TickListResetPeak
</UL>
<BR>[Called By]<UL><LI><a href="#[76]">&gt;&gt;</a>&nbsp;&nbsp;&nbsp;OS_StatTask
</UL>

<P><STRONG><a name="[a7]"></a>OSStatTaskCPUUsageInit</STRONG> (Thumb, 212 bytes, Stack size 24 bytes, os_stat.o(i.OSStatTaskCPUUsageInit))
<BR><BR>[Stack]<UL><LI>Max Depth = 92 + Unknown Stack Size
<LI>Call Chain = OSStatTaskCPUUsageInit &rArr; OSTaskSuspend &rArr; OS_TaskSuspend &rArr; OS_RdyListRemove &rArr; OS_PrioRemove
</UL>
<BR>[Calls]<UL><LI><a href="#[9b]">&gt;&gt;</a>&nbsp;&nbsp;&nbsp;OSTimeDly
<LI><a href="#[b7]">&gt;&gt;</a>&nbsp;&nbsp;&nbsp;CPU_SR_Save
<LI><a href="#[b9]">&gt;&gt;</a>&nbsp;&nbsp;&nbsp;CPU_SR_Restore
<LI><a href="#[f7]">&gt;&gt;</a>&nbsp;&nbsp;&nbsp;OSTaskSuspend
<LI><a href="#[f8]">&gt;&gt;</a>&nbsp;&nbsp;&nbsp;OSTaskResume
</UL>
<BR>[Called By]<UL><LI><a href="#[81]">&gt;&gt;</a>&nbsp;&nbsp;&nbsp;AppTaskStart
</UL>

<P><STRONG><a name="[11c]"></a>OSStatTaskHook</STRONG> (Thumb, 16 bytes, Stack size 8 bytes, os_cpu_c.o(i.OSStatTaskHook))
<BR><BR>[Stack]<UL><LI>Max Depth = 8<LI>Call Chain = OSStatTaskHook
</UL>
<BR>[Called By]<UL><LI><a href="#[76]">&gt;&gt;</a>&nbsp;&nbsp;&nbsp;OS_StatTask
</UL>

<P><STRONG><a name="[a8]"></a>OSTaskCreate</STRONG> (Thumb, 382 bytes, Stack size 80 bytes, os_task.o(i.OSTaskCreate))
<BR><BR>[Stack]<UL><LI>Max Depth = 104 + Unknown Stack Size
<LI>Call Chain = OSTaskCreate &rArr; OSSched &rArr; OS_PrioGetHighest
</UL>
<BR>[Calls]<UL><LI><a href="#[b7]">&gt;&gt;</a>&nbsp;&nbsp;&nbsp;CPU_SR_Save
<LI><a href="#[b9]">&gt;&gt;</a>&nbsp;&nbsp;&nbsp;CPU_SR_Restore
<LI><a href="#[fb]">&gt;&gt;</a>&nbsp;&nbsp;&nbsp;OS_MsgQInit
<LI><a href="#[ea]">&gt;&gt;</a>&nbsp;&nbsp;&nbsp;OS_PrioInsert
<LI><a href="#[eb]">&gt;&gt;</a>&nbsp;&nbsp;&nbsp;OS_RdyListInsertTail
<LI><a href="#[e4]">&gt;&gt;</a>&nbsp;&nbsp;&nbsp;OSSched
<LI><a href="#[fa]">&gt;&gt;</a>&nbsp;&nbsp;&nbsp;OSTaskStkInit
<LI><a href="#[fc]">&gt;&gt;</a>&nbsp;&nbsp;&nbsp;OSTaskCreateHook
<LI><a href="#[f9]">&gt;&gt;</a>&nbsp;&nbsp;&nbsp;OS_TaskInitTCB
<LI><a href="#[fd]">&gt;&gt;</a>&nbsp;&nbsp;&nbsp;OS_TaskDbgListAdd
</UL>
<BR>[Called By]<UL><LI><a href="#[6f]">&gt;&gt;</a>&nbsp;&nbsp;&nbsp;main
<LI><a href="#[81]">&gt;&gt;</a>&nbsp;&nbsp;&nbsp;AppTaskStart
<LI><a href="#[d7]">&gt;&gt;</a>&nbsp;&nbsp;&nbsp;OS_TmrInit
<LI><a href="#[d5]">&gt;&gt;</a>&nbsp;&nbsp;&nbsp;OS_TickTaskInit
<LI><a href="#[d6]">&gt;&gt;</a>&nbsp;&nbsp;&nbsp;OS_StatTaskInit
<LI><a href="#[d4]">&gt;&gt;</a>&nbsp;&nbsp;&nbsp;OS_IdleTaskInit
</UL>

<P><STRONG><a name="[fc]"></a>OSTaskCreateHook</STRONG> (Thumb, 20 bytes, Stack size 8 bytes, os_cpu_c.o(i.OSTaskCreateHook))
<BR><BR>[Stack]<UL><LI>Max Depth = 8<LI>Call Chain = OSTaskCreateHook
</UL>
<BR>[Called By]<UL><LI><a href="#[a8]">&gt;&gt;</a>&nbsp;&nbsp;&nbsp;OSTaskCreate
</UL>

<P><STRONG><a name="[a9]"></a>OSTaskDel</STRONG> (Thumb, 380 bytes, Stack size 24 bytes, os_task.o(i.OSTaskDel))
<BR><BR>[Stack]<UL><LI>Max Depth = 120 + Unknown Stack Size
<LI>Call Chain = OSTaskDel &rArr; OS_MutexGrpPostAll &rArr; OS_Post &rArr; OS_PendListRemove &rArr; OS_PendListRemove1
</UL>
[...]
<LI><a href="#[8]">&gt;&gt;</a>&nbsp;&nbsp;&nbsp;eMBFuncWriteMultipleCoils
<LI><a href="#[7]">&gt;&gt;</a>&nbsp;&nbsp;&nbsp;eMBFuncWriteCoil
<LI><a href="#[6]">&gt;&gt;</a>&nbsp;&nbsp;&nbsp;eMBFuncReadCoils
</UL>

<P><STRONG><a name="[13e]"></a>prvvUARTRxISR</STRONG> (Thumb, 10 bytes, Stack size 8 bytes, portserial.o(i.prvvUARTRxISR))
<BR><BR>[Stack]<UL><LI>Max Depth = 8<LI>Call Chain = prvvUARTRxISR
</UL>
<BR>[Called By]<UL><LI><a href="#[3a]">&gt;&gt;</a>&nbsp;&nbsp;&nbsp;USART2_IRQHandler
</UL>

<P><STRONG><a name="[140]"></a>prvvUARTTxReadyISR</STRONG> (Thumb, 10 bytes, Stack size 8 bytes, portserial.o(i.prvvUARTTxReadyISR))
<BR><BR>[Stack]<UL><LI>Max Depth = 8<LI>Call Chain = prvvUARTTxReadyISR
</UL>
<BR>[Called By]<UL><LI><a href="#[3a]">&gt;&gt;</a>&nbsp;&nbsp;&nbsp;USART2_IRQHandler
</UL>

<P><STRONG><a name="[b1]"></a>relay17_Config</STRONG> (Thumb, 84 bytes, Stack size 16 bytes, data_processing_ucos.o(i.relay17_Config))
<BR><BR>[Stack]<UL><LI>Max Depth = 36<LI>Call Chain = relay17_Config &rArr; GPIO_Init
</UL>
<BR>[Calls]<UL><LI><a href="#[bf]">&gt;&gt;</a>&nbsp;&nbsp;&nbsp;GPIO_Init
<LI><a href="#[bc]">&gt;&gt;</a>&nbsp;&nbsp;&nbsp;RCC_AHB1PeriphClockCmd
</UL>
<BR>[Called By]<UL><LI><a href="#[a2]">&gt;&gt;</a>&nbsp;&nbsp;&nbsp;BSP_Init
</UL>

<P><STRONG><a name="[9c]"></a>reset</STRONG> (Thumb, 54 bytes, Stack size 8 bytes, ads1256.o(i.reset))
<BR><BR>[Stack]<UL><LI>Max Depth = 24<LI>Call Chain = reset &rArr; SPI_WriteByte
</UL>
<BR>[Calls]<UL><LI><a href="#[96]">&gt;&gt;</a>&nbsp;&nbsp;&nbsp;GPIO_SetBits
<LI><a href="#[94]">&gt;&gt;</a>&nbsp;&nbsp;&nbsp;GPIO_ResetBits
<LI><a href="#[95]">&gt;&gt;</a>&nbsp;&nbsp;&nbsp;SPI_WriteByte
</UL>
<BR>[Called By]<UL><LI><a href="#[73]">&gt;&gt;</a>&nbsp;&nbsp;&nbsp;AppTaskLed2
</UL>

<P><STRONG><a name="[9a]"></a>set_zero</STRONG> (Thumb, 328 bytes, Stack size 32 bytes, data_processing_ucos.o(i.set_zero))
<BR><BR>[Stack]<UL><LI>Max Depth = 80<LI>Call Chain = set_zero &rArr; ADS1256ReadData &rArr; ADS1256WREG &rArr; SPI_WriteByte
</UL>
<BR>[Calls]<UL><LI><a href="#[129]">&gt;&gt;</a>&nbsp;&nbsp;&nbsp;Delays1
<LI><a href="#[92]">&gt;&gt;</a>&nbsp;&nbsp;&nbsp;ADS1256ReadData
</UL>
<BR>[Called By]<UL><LI><a href="#[72]">&gt;&gt;</a>&nbsp;&nbsp;&nbsp;AppTaskLed1
</UL>

<P><STRONG><a name="[159]"></a>usMBCRC16</STRONG> (Thumb, 48 bytes, Stack size 16 bytes, mbcrc.o(i.usMBCRC16))
<BR><BR>[Stack]<UL><LI>Max Depth = 16<LI>Call Chain = usMBCRC16
</UL>
<BR>[Called By]<UL><LI><a href="#[7c]">&gt;&gt;</a>&nbsp;&nbsp;&nbsp;eMBRTUSend
<LI><a href="#[7d]">&gt;&gt;</a>&nbsp;&nbsp;&nbsp;eMBRTUReceive
</UL>

<P><STRONG><a name="[15b]"></a>vMBPortSerialEnable</STRONG> (Thumb, 68 bytes, Stack size 16 bytes, portserial.o(i.vMBPortSerialEnable))
<BR><BR>[Stack]<UL><LI>Max Depth = 36<LI>Call Chain = vMBPortSerialEnable &rArr; USART_ITConfig
</UL>
<BR>[Calls]<UL><LI><a href="#[162]">&gt;&gt;</a>&nbsp;&nbsp;&nbsp;USART_ITConfig
</UL>
<BR>[Called By]<UL><LI><a href="#[7f]">&gt;&gt;</a>&nbsp;&nbsp;&nbsp;xMBRTUTransmitFSM
<LI><a href="#[7b]">&gt;&gt;</a>&nbsp;&nbsp;&nbsp;eMBRTUStop
<LI><a href="#[7a]">&gt;&gt;</a>&nbsp;&nbsp;&nbsp;eMBRTUStart
<LI><a href="#[7c]">&gt;&gt;</a>&nbsp;&nbsp;&nbsp;eMBRTUSend
</UL>

<P><STRONG><a name="[15d]"></a>vMBPortTimersDisable</STRONG> (Thumb, 32 bytes, Stack size 8 bytes, porttimer.o(i.vMBPortTimersDisable))
<BR><BR>[Stack]<UL><LI>Max Depth = 8<LI>Call Chain = vMBPortTimersDisable
</UL>
<BR>[Calls]<UL><LI><a href="#[12a]">&gt;&gt;</a>&nbsp;&nbsp;&nbsp;TIM_ClearITPendingBit
<LI><a href="#[12c]">&gt;&gt;</a>&nbsp;&nbsp;&nbsp;TIM_SetCounter
<LI><a href="#[12b]">&gt;&gt;</a>&nbsp;&nbsp;&nbsp;TIM_ITConfig
</UL>
<BR>[Called By]<UL><LI><a href="#[80]">&gt;&gt;</a>&nbsp;&nbsp;&nbsp;xMBRTUTimerT35Expired
<LI><a href="#[7b]">&gt;&gt;</a>&nbsp;&nbsp;&nbsp;eMBRTUStop
</UL>

<P><STRONG><a name="[15c]"></a>vMBPortTimersEnable</STRONG> (Thumb, 40 bytes, Stack size 8 bytes, porttimer.o(i.vMBPortTimersEnable))
<BR><BR>[Stack]<UL><LI>Max Depth = 8<LI>Call Chain = vMBPortTimersEnable
</UL>
<BR>[Calls]<UL><LI><a href="#[12a]">&gt;&gt;</a>&nbsp;&nbsp;&nbsp;TIM_ClearITPendingBit
<LI><a href="#[12c]">&gt;&gt;</a>&nbsp;&nbsp;&nbsp;TIM_SetCounter
<LI><a href="#[12b]">&gt;&gt;</a>&nbsp;&nbsp;&nbsp;TIM_ITConfig
<LI><a href="#[12f]">&gt;&gt;</a>&nbsp;&nbsp;&nbsp;TIM_Cmd
</UL>
<BR>[Called By]<UL><LI><a href="#[7e]">&gt;&gt;</a>&nbsp;&nbsp;&nbsp;xMBRTUReceiveFSM
<LI><a href="#[7a]">&gt;&gt;</a>&nbsp;&nbsp;&nbsp;eMBRTUStart
</UL>

<P><STRONG><a name="[154]"></a>xMBPortEventGet</STRONG> (Thumb, 26 bytes, Stack size 0 bytes, portevent.o(i.xMBPortEventGet))
<BR><BR>[Called By]<UL><LI><a href="#[98]">&gt;&gt;</a>&nbsp;&nbsp;&nbsp;eMBPoll
</UL>

<P><STRONG><a name="[153]"></a>xMBPortEventInit</STRONG> (Thumb, 10 bytes, Stack size 0 bytes, portevent.o(i.xMBPortEventInit))
<BR><BR>[Called By]<UL><LI><a href="#[b2]">&gt;&gt;</a>&nbsp;&nbsp;&nbsp;eMBInit
</UL>

<P><STRONG><a name="[155]"></a>xMBPortEventPost</STRONG> (Thumb, 16 bytes, Stack size 0 bytes, portevent.o(i.xMBPortEventPost))
<BR><BR>[Called By]<UL><LI><a href="#[98]">&gt;&gt;</a>&nbsp;&nbsp;&nbsp;eMBPoll
<LI><a href="#[7f]">&gt;&gt;</a>&nbsp;&nbsp;&nbsp;xMBRTUTransmitFSM
<LI><a href="#[80]">&gt;&gt;</a>&nbsp;&nbsp;&nbsp;xMBRTUTimerT35Expired
</UL>

<P><STRONG><a name="[163]"></a>xMBPortSerialGetByte</STRONG> (Thumb, 16 bytes, Stack size 8 bytes, portserial.o(i.xMBPortSerialGetByte))
<BR><BR>[Stack]<UL><LI>Max Depth = 8<LI>Call Chain = xMBPortSerialGetByte
</UL>
<BR>[Calls]<UL><LI><a href="#[164]">&gt;&gt;</a>&nbsp;&nbsp;&nbsp;USART_ReceiveData
</UL>
<BR>[Called By]<UL><LI><a href="#[7e]">&gt;&gt;</a>&nbsp;&nbsp;&nbsp;xMBRTUReceiveFSM
</UL>

<P><STRONG><a name="[156]"></a>xMBPortSerialInit</STRONG> (Thumb, 226 bytes, Stack size 48 bytes, portserial.o(i.xMBPortSerialInit))
<BR><BR>[Stack]<UL><LI>Max Depth = 116<LI>Call Chain = xMBPortSerialInit &rArr; USART_Init &rArr; RCC_GetClocksFreq
</UL>
<BR>[Calls]<UL><LI><a href="#[13a]">&gt;&gt;</a>&nbsp;&nbsp;&nbsp;NVIC_PriorityGroupConfig
<LI><a href="#[13b]">&gt;&gt;</a>&nbsp;&nbsp;&nbsp;NVIC_Init
<LI><a href="#[be]">&gt;&gt;</a>&nbsp;&nbsp;&nbsp;GPIO_PinAFConfig
<LI><a href="#[bf]">&gt;&gt;</a>&nbsp;&nbsp;&nbsp;GPIO_Init
<LI><a href="#[136]">&gt;&gt;</a>&nbsp;&nbsp;&nbsp;RCC_APB1PeriphClockCmd
<LI><a href="#[bc]">&gt;&gt;</a>&nbsp;&nbsp;&nbsp;RCC_AHB1PeriphClockCmd
<LI><a href="#[c0]">&gt;&gt;</a>&nbsp;&nbsp;&nbsp;USART_Init
<LI><a href="#[162]">&gt;&gt;</a>&nbsp;&nbsp;&nbsp;USART_ITConfig
<LI><a href="#[c1]">&gt;&gt;</a>&nbsp;&nbsp;&nbsp;USART_Cmd
<LI><a href="#[15a]">&gt;&gt;</a>&nbsp;&nbsp;&nbsp;ExitCriticalSection
<LI><a href="#[158]">&gt;&gt;</a>&nbsp;&nbsp;&nbsp;EnterCriticalSection
</UL>
<BR>[Called By]<UL><LI><a href="#[152]">&gt;&gt;</a>&nbsp;&nbsp;&nbsp;eMBRTUInit
</UL>

<P><STRONG><a name="[165]"></a>xMBPortSerialPutByte</STRONG> (Thumb, 16 bytes, Stack size 8 bytes, portserial.o(i.xMBPortSerialPutByte))
<BR><BR>[Stack]<UL><LI>Max Depth = 8<LI>Call Chain = xMBPortSerialPutByte
</UL>
<BR>[Calls]<UL><LI><a href="#[160]">&gt;&gt;</a>&nbsp;&nbsp;&nbsp;USART_SendData
</UL>
<BR>[Called By]<UL><LI><a href="#[7f]">&gt;&gt;</a>&nbsp;&nbsp;&nbsp;xMBRTUTransmitFSM
</UL>

<P><STRONG><a name="[157]"></a>xMBPortTimersInit</STRONG> (Thumb, 130 bytes, Stack size 24 bytes, porttimer.o(i.xMBPortTimersInit))
<BR><BR>[Stack]<UL><LI>Max Depth = 40<LI>Call Chain = xMBPortTimersInit &rArr; NVIC_Init
</UL>
<BR>[Calls]<UL><LI><a href="#[13a]">&gt;&gt;</a>&nbsp;&nbsp;&nbsp;NVIC_PriorityGroupConfig
<LI><a href="#[13b]">&gt;&gt;</a>&nbsp;&nbsp;&nbsp;NVIC_Init
<LI><a href="#[136]">&gt;&gt;</a>&nbsp;&nbsp;&nbsp;RCC_APB1PeriphClockCmd
<LI><a href="#[12a]">&gt;&gt;</a>&nbsp;&nbsp;&nbsp;TIM_ClearITPendingBit
<LI><a href="#[166]">&gt;&gt;</a>&nbsp;&nbsp;&nbsp;TIM_ARRPreloadConfig
<LI><a href="#[137]">&gt;&gt;</a>&nbsp;&nbsp;&nbsp;TIM_TimeBaseInit
<LI><a href="#[12b]">&gt;&gt;</a>&nbsp;&nbsp;&nbsp;TIM_ITConfig
<LI><a href="#[132]">&gt;&gt;</a>&nbsp;&nbsp;&nbsp;TIM_DeInit
<LI><a href="#[12f]">&gt;&gt;</a>&nbsp;&nbsp;&nbsp;TIM_Cmd
</UL>
<BR>[Called By]<UL><LI><a href="#[152]">&gt;&gt;</a>&nbsp;&nbsp;&nbsp;eMBRTUInit
</UL>

<P><STRONG><a name="[7e]"></a>xMBRTUReceiveFSM</STRONG> (Thumb, 122 bytes, Stack size 16 bytes, mbrtu.o(i.xMBRTUReceiveFSM))
<BR><BR>[Stack]<UL><LI>Max Depth = 24<LI>Call Chain = xMBRTUReceiveFSM &rArr; xMBPortSerialGetByte
</UL>
<BR>[Calls]<UL><LI><a href="#[163]">&gt;&gt;</a>&nbsp;&nbsp;&nbsp;xMBPortSerialGetByte
<LI><a href="#[15c]">&gt;&gt;</a>&nbsp;&nbsp;&nbsp;vMBPortTimersEnable
</UL>
<BR>[Address Reference Count : 1]<UL><LI> mb.o(i.eMBInit)
</UL>
<P><STRONG><a name="[80]"></a>xMBRTUTimerT35Expired</STRONG> (Thumb, 60 bytes, Stack size 8 bytes, mbrtu.o(i.xMBRTUTimerT35Expired))
<BR><BR>[Stack]<UL><LI>Max Depth = 16<LI>Call Chain = xMBRTUTimerT35Expired &rArr; vMBPortTimersDisable
</UL>
<BR>[Calls]<UL><LI><a href="#[155]">&gt;&gt;</a>&nbsp;&nbsp;&nbsp;xMBPortEventPost
<LI><a href="#[15d]">&gt;&gt;</a>&nbsp;&nbsp;&nbsp;vMBPortTimersDisable
</UL>
<BR>[Address Reference Count : 1]<UL><LI> mb.o(i.eMBInit)
</UL>
<P><STRONG><a name="[7f]"></a>xMBRTUTransmitFSM</STRONG> (Thumb, 94 bytes, Stack size 8 bytes, mbrtu.o(i.xMBRTUTransmitFSM))
<BR><BR>[Stack]<UL><LI>Max Depth = 44<LI>Call Chain = xMBRTUTransmitFSM &rArr; vMBPortSerialEnable &rArr; USART_ITConfig
</UL>
<BR>[Calls]<UL><LI><a href="#[165]">&gt;&gt;</a>&nbsp;&nbsp;&nbsp;xMBPortSerialPutByte
<LI><a href="#[155]">&gt;&gt;</a>&nbsp;&nbsp;&nbsp;xMBPortEventPost
<LI><a href="#[15b]">&gt;&gt;</a>&nbsp;&nbsp;&nbsp;vMBPortSerialEnable
</UL>
<BR>[Address Reference Count : 1]<UL><LI> mb.o(i.eMBInit)
</UL>
<P><STRONG><a name="[15e]"></a>xMBUtilGetBits</STRONG> (Thumb, 42 bytes, Stack size 20 bytes, mbutils.o(i.xMBUtilGetBits))
<BR><BR>[Stack]<UL><LI>Max Depth = 20<LI>Call Chain = xMBUtilGetBits
</UL>
<BR>[Called By]<UL><LI><a href="#[14e]">&gt;&gt;</a>&nbsp;&nbsp;&nbsp;eMBRegDiscreteCB
<LI><a href="#[14c]">&gt;&gt;</a>&nbsp;&nbsp;&nbsp;eMBRegCoilsCB
</UL>

<P><STRONG><a name="[15f]"></a>xMBUtilSetBits</STRONG> (Thumb, 96 bytes, Stack size 28 bytes, mbutils.o(i.xMBUtilSetBits))
<BR><BR>[Stack]<UL><LI>Max Depth = 28<LI>Call Chain = xMBUtilSetBits
</UL>
<BR>[Called By]<UL><LI><a href="#[14c]">&gt;&gt;</a>&nbsp;&nbsp;&nbsp;eMBRegCoilsCB
</UL>
<P>
<H3>
Local Symbols
</H3>
<P><STRONG><a name="[130]"></a>SetSysClock</STRONG> (Thumb, 272 bytes, Stack size 12 bytes, system_stm32f4xx.o(i.SetSysClock))
<BR><BR>[Stack]<UL><LI>Max Depth = 12<LI>Call Chain = SetSysClock
</UL>
<BR>[Called By]<UL><LI><a href="#[70]">&gt;&gt;</a>&nbsp;&nbsp;&nbsp;SystemInit
</UL>

<P><STRONG><a name="[72]"></a>AppTaskLed1</STRONG> (Thumb, 36 bytes, Stack size 8 bytes, app.o(i.AppTaskLed1))
<BR><BR>[Stack]<UL><LI>Max Depth = 88 + Unknown Stack Size
<LI>Call Chain = AppTaskLed1 &rArr; set_zero &rArr; ADS1256ReadData &rArr; ADS1256WREG &rArr; SPI_WriteByte
</UL>
<BR>[Calls]<UL><LI><a href="#[9a]">&gt;&gt;</a>&nbsp;&nbsp;&nbsp;set_zero
<LI><a href="#[98]">&gt;&gt;</a>&nbsp;&nbsp;&nbsp;eMBPoll
<LI><a href="#[99]">&gt;&gt;</a>&nbsp;&nbsp;&nbsp;Relay_control
<LI><a href="#[9b]">&gt;&gt;</a>&nbsp;&nbsp;&nbsp;OSTimeDly
</UL>
<BR>[Address Reference Count : 1]<UL><LI> app.o(i.AppTaskStart)
</UL>
<P><STRONG><a name="[73]"></a>AppTaskLed2</STRONG> (Thumb, 208 bytes, Stack size 8 bytes, app.o(i.AppTaskLed2))
<BR><BR>[Stack]<UL><LI>Max Depth = 112 + Unknown Stack Size
<LI>Call Chain = AppTaskLed2 &rArr; caijitongdao &rArr; ADS1256ReadData &rArr; ADS1256WREG &rArr; SPI_WriteByte
</UL>
<BR>[Calls]<UL><LI><a href="#[9e]">&gt;&gt;</a>&nbsp;&nbsp;&nbsp;GPIO_ReadInputDataBit
<LI><a href="#[9c]">&gt;&gt;</a>&nbsp;&nbsp;&nbsp;reset
<LI><a href="#[a1]">&gt;&gt;</a>&nbsp;&nbsp;&nbsp;out_start_stop
<LI><a href="#[a0]">&gt;&gt;</a>&nbsp;&nbsp;&nbsp;caijitongdao
<LI><a href="#[9f]">&gt;&gt;</a>&nbsp;&nbsp;&nbsp;Step
<LI><a href="#[9d]">&gt;&gt;</a>&nbsp;&nbsp;&nbsp;Setzero_Init
<LI><a href="#[9b]">&gt;&gt;</a>&nbsp;&nbsp;&nbsp;OSTimeDly
<LI><a href="#[97]">&gt;&gt;</a>&nbsp;&nbsp;&nbsp;ADS1256_Init
</UL>
<BR>[Address Reference Count : 1]<UL><LI> app.o(i.AppTaskStart)
</UL>
<P><STRONG><a name="[81]"></a>AppTaskStart</STRONG> (Thumb, 150 bytes, Stack size 56 bytes, app.o(i.AppTaskStart))
<BR><BR>[Stack]<UL><LI>Max Depth = 244 + Unknown Stack Size
<LI>Call Chain = AppTaskStart &rArr; BSP_Init &rArr; eMBInit &rArr; eMBRTUInit &rArr; xMBPortSerialInit &rArr; USART_Init &rArr; RCC_GetClocksFreq
</UL>
<BR>[Calls]<UL><LI><a href="#[a5]">&gt;&gt;</a>&nbsp;&nbsp;&nbsp;OS_CPU_SysTickInit
<LI><a href="#[a9]">&gt;&gt;</a>&nbsp;&nbsp;&nbsp;OSTaskDel
<LI><a href="#[a8]">&gt;&gt;</a>&nbsp;&nbsp;&nbsp;OSTaskCreate
<LI><a href="#[a7]">&gt;&gt;</a>&nbsp;&nbsp;&nbsp;OSStatTaskCPUUsageInit
<LI><a href="#[a6]">&gt;&gt;</a>&nbsp;&nbsp;&nbsp;Mem_Init
<LI><a href="#[a3]">&gt;&gt;</a>&nbsp;&nbsp;&nbsp;CPU_Init
<LI><a href="#[a2]">&gt;&gt;</a>&nbsp;&nbsp;&nbsp;BSP_Init
<LI><a href="#[a4]">&gt;&gt;</a>&nbsp;&nbsp;&nbsp;BSP_CPU_ClkFreq
</UL>
<BR>[Address Reference Count : 1]<UL><LI> app.o(i.main)
</UL>
<P><STRONG><a name="[c4]"></a>LED_GPIO_Config</STRONG> (Thumb, 94 bytes, Stack size 16 bytes, bsp_led.o(i.LED_GPIO_Config))
<BR><BR>[Stack]<UL><LI>Max Depth = 36<LI>Call Chain = LED_GPIO_Config &rArr; GPIO_Init
</UL>
<BR>[Calls]<UL><LI><a href="#[bf]">&gt;&gt;</a>&nbsp;&nbsp;&nbsp;GPIO_Init
<LI><a href="#[bc]">&gt;&gt;</a>&nbsp;&nbsp;&nbsp;RCC_AHB1PeriphClockCmd
</UL>
<BR>[Called By]<UL><LI><a href="#[ab]">&gt;&gt;</a>&nbsp;&nbsp;&nbsp;LED_Init
</UL>

<P><STRONG><a name="[b5]"></a>CPU_NameInit</STRONG> (Thumb, 8 bytes, Stack size 8 bytes, cpu_core.o(i.CPU_NameInit))
<BR><BR>[Stack]<UL><LI>Max Depth = 52 + Unknown Stack Size
<LI>Call Chain = CPU_NameInit &rArr; CPU_NameClr &rArr; Mem_Clr &rArr; Mem_Set
</UL>
<BR>[Calls]<UL><LI><a href="#[b6]">&gt;&gt;</a>&nbsp;&nbsp;&nbsp;CPU_NameClr
</UL>
<BR>[Called By]<UL><LI><a href="#[a3]">&gt;&gt;</a>&nbsp;&nbsp;&nbsp;CPU_Init
</UL>

<P><STRONG><a name="[b4]"></a>CPU_TS_Init</STRONG> (Thumb, 14 bytes, Stack size 8 bytes, cpu_core.o(i.CPU_TS_Init))
<BR><BR>[Stack]<UL><LI>Max Depth = 60<LI>Call Chain = CPU_TS_Init &rArr; CPU_TS_TmrInit &rArr; BSP_CPU_ClkFreq &rArr; RCC_GetClocksFreq
</UL>
<BR>[Calls]<UL><LI><a href="#[ba]">&gt;&gt;</a>&nbsp;&nbsp;&nbsp;CPU_TS_TmrInit
</UL>
<BR>[Called By]<UL><LI><a href="#[a3]">&gt;&gt;</a>&nbsp;&nbsp;&nbsp;CPU_Init
</UL>

<P><STRONG><a name="[c8]"></a>Mem_SegCreateCritical</STRONG> (Thumb, 28 bytes, Stack size 12 bytes, lib_mem.o(i.Mem_SegCreateCritical))
<BR><BR>[Stack]<UL><LI>Max Depth = 12<LI>Call Chain = Mem_SegCreateCritical
</UL>
<BR>[Called By]<UL><LI><a href="#[c6]">&gt;&gt;</a>&nbsp;&nbsp;&nbsp;Mem_SegCreate
</UL>

<P><STRONG><a name="[11f]"></a>OS_TickListUpdateDly</STRONG> (Thumb, 146 bytes, Stack size 32 bytes, os_tick.o(i.OS_TickListUpdateDly))
<BR><BR>[Stack]<UL><LI>Max Depth = 52 + Unknown Stack Size
<LI>Call Chain = OS_TickListUpdateDly &rArr; OS_RdyListInsert &rArr; OS_PrioInsert
</UL>
<BR>[Calls]<UL><LI><a href="#[b7]">&gt;&gt;</a>&nbsp;&nbsp;&nbsp;CPU_SR_Save
<LI><a href="#[b9]">&gt;&gt;</a>&nbsp;&nbsp;&nbsp;CPU_SR_Restore
<LI><a href="#[e6]">&gt;&gt;</a>&nbsp;&nbsp;&nbsp;CPU_TS_TmrRd
<LI><a href="#[118]">&gt;&gt;</a>&nbsp;&nbsp;&nbsp;OS_RdyListInsert
</UL>
<BR>[Called By]<UL><LI><a href="#[77]">&gt;&gt;</a>&nbsp;&nbsp;&nbsp;OS_TickTask
</UL>

<P><STRONG><a name="[120]"></a>OS_TickListUpdateTimeout</STRONG> (Thumb, 272 bytes, Stack size 40 bytes, os_tick.o(i.OS_TickListUpdateTimeout))
<BR><BR>[Stack]<UL><LI>Max Depth = 108 + Unknown Stack Size
<LI>Call Chain = OS_TickListUpdateTimeout &rArr; OS_TaskChangePrio &rArr; OS_PendListChangePrio &rArr; OS_PendListInsertPrio
</UL>
<BR>[Calls]<UL><LI><a href="#[b7]">&gt;&gt;</a>&nbsp;&nbsp;&nbsp;CPU_SR_Save
<LI><a href="#[b9]">&gt;&gt;</a>&nbsp;&nbsp;&nbsp;CPU_SR_Restore
<LI><a href="#[e6]">&gt;&gt;</a>&nbsp;&nbsp;&nbsp;CPU_TS_TmrRd
<LI><a href="#[e2]">&gt;&gt;</a>&nbsp;&nbsp;&nbsp;OS_TaskChangePrio
<LI><a href="#[e8]">&gt;&gt;</a>&nbsp;&nbsp;&nbsp;OS_MutexGrpPrioFindHighest
<LI><a href="#[118]">&gt;&gt;</a>&nbsp;&nbsp;&nbsp;OS_RdyListInsert
<LI><a href="#[ff]">&gt;&gt;</a>&nbsp;&nbsp;&nbsp;OS_PendListRemove
</UL>
<BR>[Called By]<UL><LI><a href="#[77]">&gt;&gt;</a>&nbsp;&nbsp;&nbsp;OS_TickTask
</UL>

<P><STRONG><a name="[121]"></a>OS_TmrLock</STRONG> (Thumb, 20 bytes, Stack size 16 bytes, os_tmr.o(i.OS_TmrLock))
<BR><BR>[Stack]<UL><LI>Max Depth = 156 + Unknown Stack Size
<LI>Call Chain = OS_TmrLock &rArr; OSMutexPend &rArr; OS_Pend &rArr; OS_TaskBlock &rArr; OS_RdyListRemove &rArr; OS_PrioRemove
</UL>
<BR>[Calls]<UL><LI><a href="#[e0]">&gt;&gt;</a>&nbsp;&nbsp;&nbsp;OSMutexPend
</UL>
<BR>[Called By]<UL><LI><a href="#[78]">&gt;&gt;</a>&nbsp;&nbsp;&nbsp;OS_TmrTask
</UL>

<P><STRONG><a name="[123]"></a>OS_TmrUnlock</STRONG> (Thumb, 14 bytes, Stack size 8 bytes, os_tmr.o(i.OS_TmrUnlock))
<BR><BR>[Stack]<UL><LI>Max Depth = 112 + Unknown Stack Size
<LI>Call Chain = OS_TmrUnlock &rArr; OSMutexPost &rArr; OS_Post &rArr; OS_PendListRemove &rArr; OS_PendListRemove1
</UL>
<BR>[Calls]<UL><LI><a href="#[e5]">&gt;&gt;</a>&nbsp;&nbsp;&nbsp;OSMutexPost
</UL>
<BR>[Called By]<UL><LI><a href="#[78]">&gt;&gt;</a>&nbsp;&nbsp;&nbsp;OS_TmrTask
</UL>

<P><STRONG><a name="[135]"></a>TIM_Mode_Config</STRONG> (Thumb, 70 bytes, Stack size 16 bytes, timer1.o(i.TIM_Mode_Config))
<BR><BR>[Stack]<UL><LI>Max Depth = 16<LI>Call Chain = TIM_Mode_Config
</UL>
<BR>[Calls]<UL><LI><a href="#[136]">&gt;&gt;</a>&nbsp;&nbsp;&nbsp;RCC_APB1PeriphClockCmd
<LI><a href="#[138]">&gt;&gt;</a>&nbsp;&nbsp;&nbsp;TIM_ClearFlag
<LI><a href="#[137]">&gt;&gt;</a>&nbsp;&nbsp;&nbsp;TIM_TimeBaseInit
<LI><a href="#[12b]">&gt;&gt;</a>&nbsp;&nbsp;&nbsp;TIM_ITConfig
<LI><a href="#[12f]">&gt;&gt;</a>&nbsp;&nbsp;&nbsp;TIM_Cmd
</UL>
<BR>[Called By]<UL><LI><a href="#[af]">&gt;&gt;</a>&nbsp;&nbsp;&nbsp;TIMx_Configuration
</UL>

<P><STRONG><a name="[139]"></a>TIMx_NVIC_Configuration</STRONG> (Thumb, 42 bytes, Stack size 8 bytes, timer1.o(i.TIMx_NVIC_Configuration))
<BR><BR>[Stack]<UL><LI>Max Depth = 24<LI>Call Chain = TIMx_NVIC_Configuration &rArr; NVIC_Init
</UL>
<BR>[Calls]<UL><LI><a href="#[13a]">&gt;&gt;</a>&nbsp;&nbsp;&nbsp;NVIC_PriorityGroupConfig
<LI><a href="#[13b]">&gt;&gt;</a>&nbsp;&nbsp;&nbsp;NVIC_Init
</UL>
<BR>[Called By]<UL><LI><a href="#[af]">&gt;&gt;</a>&nbsp;&nbsp;&nbsp;TIMx_Configuration
</UL>

<P><STRONG><a name="[143]"></a>_fp_digits</STRONG> (Thumb, 334 bytes, Stack size 56 bytes, printfa.o(i._fp_digits), UNUSED)
<BR><BR>[Calls]<UL><LI><a href="#[8d]">&gt;&gt;</a>&nbsp;&nbsp;&nbsp;__aeabi_dmul
<LI><a href="#[87]">&gt;&gt;</a>&nbsp;&nbsp;&nbsp;__aeabi_dadd
<LI><a href="#[84]">&gt;&gt;</a>&nbsp;&nbsp;&nbsp;__aeabi_uldivmod
<LI><a href="#[8e]">&gt;&gt;</a>&nbsp;&nbsp;&nbsp;__aeabi_ddiv
<LI><a href="#[8f]">&gt;&gt;</a>&nbsp;&nbsp;&nbsp;__aeabi_d2ulz
<LI><a href="#[144]">&gt;&gt;</a>&nbsp;&nbsp;&nbsp;__aeabi_cdrcmple
</UL>
<BR>[Called By]<UL><LI><a href="#[142]">&gt;&gt;</a>&nbsp;&nbsp;&nbsp;_printf_core
</UL>

<P><STRONG><a name="[142]"></a>_printf_core</STRONG> (Thumb, 1744 bytes, Stack size 136 bytes, printfa.o(i._printf_core), UNUSED)
<BR><BR>[Calls]<UL><LI><a href="#[84]">&gt;&gt;</a>&nbsp;&nbsp;&nbsp;__aeabi_uldivmod
<LI><a href="#[147]">&gt;&gt;</a>&nbsp;&nbsp;&nbsp;__aeabi_uidivmod
<LI><a href="#[145]">&gt;&gt;</a>&nbsp;&nbsp;&nbsp;_printf_pre_padding
<LI><a href="#[146]">&gt;&gt;</a>&nbsp;&nbsp;&nbsp;_printf_post_padding
<LI><a href="#[143]">&gt;&gt;</a>&nbsp;&nbsp;&nbsp;_fp_digits
</UL>
<BR>[Called By]<UL><LI><a href="#[141]">&gt;&gt;</a>&nbsp;&nbsp;&nbsp;__0printf
</UL>

<P><STRONG><a name="[146]"></a>_printf_post_padding</STRONG> (Thumb, 36 bytes, Stack size 24 bytes, printfa.o(i._printf_post_padding), UNUSED)
<BR><BR>[Called By]<UL><LI><a href="#[142]">&gt;&gt;</a>&nbsp;&nbsp;&nbsp;_printf_core
</UL>

<P><STRONG><a name="[145]"></a>_printf_pre_padding</STRONG> (Thumb, 46 bytes, Stack size 24 bytes, printfa.o(i._printf_pre_padding), UNUSED)
<BR><BR>[Called By]<UL><LI><a href="#[142]">&gt;&gt;</a>&nbsp;&nbsp;&nbsp;_printf_core
</UL>
<P>
<H3>
Undefined Global Symbols
</H3><HR></body></html>
