Component: ARM Compiler 5.05 update 1 (build 106) Tool: armlink [4d0efa]

==============================================================================

Section Cross References

    startup_stm32f429_439xx.o(RESET) refers to startup_stm32f429_439xx.o(STACK) for __initial_sp
    startup_stm32f429_439xx.o(RESET) refers to startup_stm32f429_439xx.o(.text) for Reset_Handler
    startup_stm32f429_439xx.o(RESET) refers to stm32f4xx_it.o(i.NMI_Handler) for NMI_Handler
    startup_stm32f429_439xx.o(RESET) refers to stm32f4xx_it.o(i.HardFault_Handler) for HardFault_Handler
    startup_stm32f429_439xx.o(RESET) refers to stm32f4xx_it.o(i.MemManage_Handler) for MemManage_Handler
    startup_stm32f429_439xx.o(RESET) refers to stm32f4xx_it.o(i.BusFault_Handler) for BusFault_Handler
    startup_stm32f429_439xx.o(RESET) refers to stm32f4xx_it.o(i.UsageFault_Handler) for UsageFault_Handler
    startup_stm32f429_439xx.o(RESET) refers to stm32f4xx_it.o(i.SVC_Handler) for SVC_Handler
    startup_stm32f429_439xx.o(RESET) refers to stm32f4xx_it.o(i.DebugMon_Handler) for DebugMon_Handler
    startup_stm32f429_439xx.o(RESET) refers to os_cpu_a.o(CODE) for OS_CPU_PendSVHandler
    startup_stm32f429_439xx.o(RESET) refers to os_cpu_c.o(i.OS_CPU_SysTickHandler) for OS_CPU_SysTickHandler
    startup_stm32f429_439xx.o(RESET) refers to stm32f4xx_it.o(i.TIM2_IRQHandler) for TIM2_IRQHandler
    startup_stm32f429_439xx.o(RESET) refers to stm32f4xx_it.o(i.TIM3_IRQHandler) for TIM3_IRQHandler
    startup_stm32f429_439xx.o(RESET) refers to stm32f4xx_it.o(i.TIM4_IRQHandler) for TIM4_IRQHandler
    startup_stm32f429_439xx.o(RESET) refers to stm32f4xx_it.o(i.USART2_IRQHandler) for USART2_IRQHandler
    startup_stm32f429_439xx.o(RESET) refers to stm32f4xx_it.o(i.TIM5_IRQHandler) for TIM5_IRQHandler
    startup_stm32f429_439xx.o(.text) refers to system_stm32f4xx.o(i.SystemInit) for SystemInit
    startup_stm32f429_439xx.o(.text) refers to entry.o(.ARM.Collect$$$$00000000) for __main
    system_stm32f4xx.o(i.SystemCoreClockUpdate) refers to system_stm32f4xx.o(.data) for SystemCoreClock
    system_stm32f4xx.o(i.SystemInit) refers to system_stm32f4xx.o(i.SetSysClock) for SetSysClock
    stm32f4xx_adc.o(i.ADC_DeInit) refers to stm32f4xx_rcc.o(i.RCC_APB2PeriphResetCmd) for RCC_APB2PeriphResetCmd
    stm32f4xx_can.o(i.CAN_DeInit) refers to stm32f4xx_rcc.o(i.RCC_APB1PeriphResetCmd) for RCC_APB1PeriphResetCmd
    stm32f4xx_can.o(i.CAN_GetITStatus) refers to stm32f4xx_can.o(i.CheckITStatus) for CheckITStatus
    stm32f4xx_cryp.o(i.CRYP_DeInit) refers to stm32f4xx_rcc.o(i.RCC_AHB2PeriphResetCmd) for RCC_AHB2PeriphResetCmd
    stm32f4xx_cryp_aes.o(i.CRYP_AES_CBC) refers to stm32f4xx_cryp.o(i.CRYP_KeyStructInit) for CRYP_KeyStructInit
    stm32f4xx_cryp_aes.o(i.CRYP_AES_CBC) refers to stm32f4xx_cryp.o(i.CRYP_FIFOFlush) for CRYP_FIFOFlush
    stm32f4xx_cryp_aes.o(i.CRYP_AES_CBC) refers to stm32f4xx_cryp.o(i.CRYP_Init) for CRYP_Init
    stm32f4xx_cryp_aes.o(i.CRYP_AES_CBC) refers to stm32f4xx_cryp.o(i.CRYP_KeyInit) for CRYP_KeyInit
    stm32f4xx_cryp_aes.o(i.CRYP_AES_CBC) refers to stm32f4xx_cryp.o(i.CRYP_Cmd) for CRYP_Cmd
    stm32f4xx_cryp_aes.o(i.CRYP_AES_CBC) refers to stm32f4xx_cryp.o(i.CRYP_GetFlagStatus) for CRYP_GetFlagStatus
    stm32f4xx_cryp_aes.o(i.CRYP_AES_CBC) refers to stm32f4xx_cryp.o(i.CRYP_IVInit) for CRYP_IVInit
    stm32f4xx_cryp_aes.o(i.CRYP_AES_CBC) refers to stm32f4xx_cryp.o(i.CRYP_GetCmdStatus) for CRYP_GetCmdStatus
    stm32f4xx_cryp_aes.o(i.CRYP_AES_CBC) refers to stm32f4xx_cryp.o(i.CRYP_DataIn) for CRYP_DataIn
    stm32f4xx_cryp_aes.o(i.CRYP_AES_CBC) refers to stm32f4xx_cryp.o(i.CRYP_DataOut) for CRYP_DataOut
    stm32f4xx_cryp_aes.o(i.CRYP_AES_CCM) refers to stm32f4xx_cryp.o(i.CRYP_KeyStructInit) for CRYP_KeyStructInit
    stm32f4xx_cryp_aes.o(i.CRYP_AES_CCM) refers to stm32f4xx_cryp.o(i.CRYP_FIFOFlush) for CRYP_FIFOFlush
    stm32f4xx_cryp_aes.o(i.CRYP_AES_CCM) refers to stm32f4xx_cryp.o(i.CRYP_KeyInit) for CRYP_KeyInit
    stm32f4xx_cryp_aes.o(i.CRYP_AES_CCM) refers to stm32f4xx_cryp.o(i.CRYP_IVInit) for CRYP_IVInit
    stm32f4xx_cryp_aes.o(i.CRYP_AES_CCM) refers to stm32f4xx_cryp.o(i.CRYP_Init) for CRYP_Init
    stm32f4xx_cryp_aes.o(i.CRYP_AES_CCM) refers to stm32f4xx_cryp.o(i.CRYP_PhaseConfig) for CRYP_PhaseConfig
    stm32f4xx_cryp_aes.o(i.CRYP_AES_CCM) refers to stm32f4xx_cryp.o(i.CRYP_DataIn) for CRYP_DataIn
    stm32f4xx_cryp_aes.o(i.CRYP_AES_CCM) refers to stm32f4xx_cryp.o(i.CRYP_Cmd) for CRYP_Cmd
    stm32f4xx_cryp_aes.o(i.CRYP_AES_CCM) refers to stm32f4xx_cryp.o(i.CRYP_GetCmdStatus) for CRYP_GetCmdStatus
    stm32f4xx_cryp_aes.o(i.CRYP_AES_CCM) refers to stm32f4xx_cryp.o(i.CRYP_GetFlagStatus) for CRYP_GetFlagStatus
    stm32f4xx_cryp_aes.o(i.CRYP_AES_CCM) refers to stm32f4xx_cryp.o(i.CRYP_DataOut) for CRYP_DataOut
    stm32f4xx_cryp_aes.o(i.CRYP_AES_CTR) refers to stm32f4xx_cryp.o(i.CRYP_KeyStructInit) for CRYP_KeyStructInit
[...]
    OTG_HS_WKUP_IRQHandler                   0x080001fb   Thumb Code     0  startup_stm32f429_439xx.o(.text)
    PVD_IRQHandler                           0x080001fb   Thumb Code     0  startup_stm32f429_439xx.o(.text)
    RCC_IRQHandler                           0x080001fb   Thumb Code     0  startup_stm32f429_439xx.o(.text)
    RTC_Alarm_IRQHandler                     0x080001fb   Thumb Code     0  startup_stm32f429_439xx.o(.text)
    RTC_WKUP_IRQHandler                      0x080001fb   Thumb Code     0  startup_stm32f429_439xx.o(.text)
    SAI1_IRQHandler                          0x080001fb   Thumb Code     0  startup_stm32f429_439xx.o(.text)
    SDIO_IRQHandler                          0x080001fb   Thumb Code     0  startup_stm32f429_439xx.o(.text)
    SPI1_IRQHandler                          0x080001fb   Thumb Code     0  startup_stm32f429_439xx.o(.text)
    SPI2_IRQHandler                          0x080001fb   Thumb Code     0  startup_stm32f429_439xx.o(.text)
    SPI3_IRQHandler                          0x080001fb   Thumb Code     0  startup_stm32f429_439xx.o(.text)
    SPI4_IRQHandler                          0x080001fb   Thumb Code     0  startup_stm32f429_439xx.o(.text)
    SPI5_IRQHandler                          0x080001fb   Thumb Code     0  startup_stm32f429_439xx.o(.text)
    SPI6_IRQHandler                          0x080001fb   Thumb Code     0  startup_stm32f429_439xx.o(.text)
    TAMP_STAMP_IRQHandler                    0x080001fb   Thumb Code     0  startup_stm32f429_439xx.o(.text)
    TIM1_BRK_TIM9_IRQHandler                 0x080001fb   Thumb Code     0  startup_stm32f429_439xx.o(.text)
    TIM1_CC_IRQHandler                       0x080001fb   Thumb Code     0  startup_stm32f429_439xx.o(.text)
    TIM1_TRG_COM_TIM11_IRQHandler            0x080001fb   Thumb Code     0  startup_stm32f429_439xx.o(.text)
    TIM1_UP_TIM10_IRQHandler                 0x080001fb   Thumb Code     0  startup_stm32f429_439xx.o(.text)
    TIM6_DAC_IRQHandler                      0x080001fb   Thumb Code     0  startup_stm32f429_439xx.o(.text)
    TIM7_IRQHandler                          0x080001fb   Thumb Code     0  startup_stm32f429_439xx.o(.text)
    TIM8_BRK_TIM12_IRQHandler                0x080001fb   Thumb Code     0  startup_stm32f429_439xx.o(.text)
    TIM8_CC_IRQHandler                       0x080001fb   Thumb Code     0  startup_stm32f429_439xx.o(.text)
    TIM8_TRG_COM_TIM14_IRQHandler            0x080001fb   Thumb Code     0  startup_stm32f429_439xx.o(.text)
    TIM8_UP_TIM13_IRQHandler                 0x080001fb   Thumb Code     0  startup_stm32f429_439xx.o(.text)
    UART4_IRQHandler                         0x080001fb   Thumb Code     0  startup_stm32f429_439xx.o(.text)
    UART5_IRQHandler                         0x080001fb   Thumb Code     0  startup_stm32f429_439xx.o(.text)
    UART7_IRQHandler                         0x080001fb   Thumb Code     0  startup_stm32f429_439xx.o(.text)
    UART8_IRQHandler                         0x080001fb   Thumb Code     0  startup_stm32f429_439xx.o(.text)
    USART1_IRQHandler                        0x080001fb   Thumb Code     0  startup_stm32f429_439xx.o(.text)
    USART3_IRQHandler                        0x080001fb   Thumb Code     0  startup_stm32f429_439xx.o(.text)
    USART6_IRQHandler                        0x080001fb   Thumb Code     0  startup_stm32f429_439xx.o(.text)
    WWDG_IRQHandler                          0x080001fb   Thumb Code     0  startup_stm32f429_439xx.o(.text)
    CPU_IntDis                               0x0800020d   Thumb Code     0  cpu_a.o(.text)
    CPU_IntEn                                0x08000211   Thumb Code     0  cpu_a.o(.text)
    CPU_SR_Save                              0x08000215   Thumb Code     0  cpu_a.o(.text)
    CPU_SR_Restore                           0x0800021d   Thumb Code     0  cpu_a.o(.text)
    CPU_WaitForInt                           0x08000223   Thumb Code     0  cpu_a.o(.text)
    CPU_WaitForExcept                        0x08000227   Thumb Code     0  cpu_a.o(.text)
    CPU_CntLeadZeros                         0x0800022b   Thumb Code     0  cpu_a.o(.text)
    CPU_CntTrailZeros                        0x08000231   Thumb Code     0  cpu_a.o(.text)
    CPU_RevBits                              0x0800023b   Thumb Code     0  cpu_a.o(.text)
    __aeabi_uldivmod                         0x08000241   Thumb Code    98  uldiv.o(.text)
    __aeabi_memcpy                           0x080002a3   Thumb Code    36  memcpya.o(.text)
    __aeabi_memcpy4                          0x080002a3   Thumb Code     0  memcpya.o(.text)
    __aeabi_memcpy8                          0x080002a3   Thumb Code     0  memcpya.o(.text)
    __aeabi_dadd                             0x080002c7   Thumb Code   322  dadd.o(.text)
    __aeabi_dsub                             0x08000409   Thumb Code     6  dadd.o(.text)
    __aeabi_drsub                            0x0800040f   Thumb Code     6  dadd.o(.text)
    __aeabi_dmul                             0x08000415   Thumb Code   228  dmul.o(.text)
    __aeabi_f2d                              0x080004f9   Thumb Code    38  f2d.o(.text)
    __aeabi_uidiv                            0x0800051f   Thumb Code     0  uidiv.o(.text)
    __aeabi_uidivmod                         0x0800051f   Thumb Code    44  uidiv.o(.text)
    __aeabi_llsl                             0x0800054b   Thumb Code    30  llshl.o(.text)
    _ll_shift_l                              0x0800054b   Thumb Code     0  llshl.o(.text)
    __aeabi_llsr                             0x08000569   Thumb Code    32  llushr.o(.text)
    _ll_ushift_r                             0x08000569   Thumb Code     0  llushr.o(.text)
    __aeabi_lasr                             0x08000589   Thumb Code    36  llsshr.o(.text)
    _ll_sshift_r                             0x08000589   Thumb Code     0  llsshr.o(.text)
    __I$use$fp                               0x080005ad   Thumb Code     0  iusefp.o(.text)
    _double_round                            0x080005ad   Thumb Code    30  depilogue.o(.text)
    _double_epilogue                         0x080005cb   Thumb Code   156  depilogue.o(.text)
    __aeabi_ddiv                             0x08000667   Thumb Code   222  ddiv.o(.text)
    __aeabi_d2ulz                            0x08000745   Thumb Code    48  dfixul.o(.text)
    __aeabi_cdrcmple                         0x08000775   Thumb Code    48  cdrcmple.o(.text)
    __scatterload                            0x080007a5   Thumb Code    28  init.o(.text)
    __scatterload_rt2                        0x080007a5   Thumb Code     0  init.o(.text)
    __decompress                             0x080007c9   Thumb Code     0  __dczerorl2.o(.text)
    __decompress1                            0x080007c9   Thumb Code    86  __dczerorl2.o(.text)
    OS_CPU_FP_Reg_Push                       0x08000821   Thumb Code     0  os_cpu_a.o(CODE)
    OS_CPU_FP_Reg_Pop                        0x0800083b   Thumb Code     0  os_cpu_a.o(CODE)
    OSStartHighRdy                           0x0800084d   Thumb Code     0  os_cpu_a.o(CODE)
    OSCtxSw                                  0x080008bd   Thumb Code     0  os_cpu_a.o(CODE)
    OSIntCtxSw                               0x080008c7   Thumb Code     0  os_cpu_a.o(CODE)
    OS_CPU_PendSVHandler                     0x080008d1   Thumb Code     0  os_cpu_a.o(CODE)
    ADS1256ReadData                          0x0800092d   Thumb Code   116  ads1256.o(i.ADS1256ReadData)
    ADS1256WREG                              0x080009a9   Thumb Code    62  ads1256.o(i.ADS1256WREG)
    ADS1256_Init                             0x080009f1   Thumb Code   136  ads1256.o(i.ADS1256_Init)
    AD_calibration_c1                        0x08000a81   Thumb Code   314  data_processing_ucos.o(i.AD_calibration_c1)
    AD_calibration_c2                        0x08000bf1   Thumb Code   326  data_processing_ucos.o(i.AD_calibration_c2)
    AD_calibration_c3                        0x08000d6d   Thumb Code   326  data_processing_ucos.o(i.AD_calibration_c3)
    AD_calibration_c4                        0x08000ee9   Thumb Code   326  data_processing_ucos.o(i.AD_calibration_c4)
    BSP_CPU_ClkFreq                          0x0800123d   Thumb Code    14  bsp.o(i.BSP_CPU_ClkFreq)
    BSP_Init                                 0x0800124b   Thumb Code    56  bsp.o(i.BSP_Init)
    BusFault_Handler                         0x08001283   Thumb Code     4  stm32f4xx_it.o(i.BusFault_Handler)
    CPU_Init                                 0x08001287   Thumb Code    12  cpu_core.o(i.CPU_Init)
    CPU_NameClr                              0x08001295   Thumb Code    42  cpu_core.o(i.CPU_NameClr)
    CPU_SW_Exception                         0x080012cd   Thumb Code     4  cpu_core.o(i.CPU_SW_Exception)
    CPU_TS_TmrFreqSet                        0x080012e5   Thumb Code     6  cpu_core.o(i.CPU_TS_TmrFreqSet)
    CPU_TS_TmrInit                           0x080012f1   Thumb Code    44  bsp.o(i.CPU_TS_TmrInit)
    CPU_TS_TmrRd                             0x08001325   Thumb Code     6  bsp.o(i.CPU_TS_TmrRd)
    DEBUG_USART_Config                       0x08001331   Thumb Code   144  bsp_debug_usart.o(i.DEBUG_USART_Config)
    DebugMon_Handler                         0x080013c9   Thumb Code     2  stm32f4xx_it.o(i.DebugMon_Handler)
    Delays1                                  0x080013cb   Thumb Code    12  data_processing_ucos.o(i.Delays1)
    EnterCriticalSection                     0x080013d7   Thumb Code     4  port.o(i.EnterCriticalSection)
    ExitCriticalSection                      0x080013db   Thumb Code     4  port.o(i.ExitCriticalSection)
    GPIO_Init                                0x080013df   Thumb Code   144  stm32f4xx_gpio.o(i.GPIO_Init)
    GPIO_PinAFConfig                         0x0800146f   Thumb Code    70  stm32f4xx_gpio.o(i.GPIO_PinAFConfig)
    GPIO_ReadInputDataBit                    0x080014b5   Thumb Code    18  stm32f4xx_gpio.o(i.GPIO_ReadInputDataBit)
    GPIO_ResetBits                           0x080014c7   Thumb Code     4  stm32f4xx_gpio.o(i.GPIO_ResetBits)
    GPIO_SetBits                             0x080014cb   Thumb Code     4  stm32f4xx_gpio.o(i.GPIO_SetBits)
    HardFault_Handler                        0x080014cf   Thumb Code     4  stm32f4xx_it.o(i.HardFault_Handler)
    Init_ADS1256_GPIO                        0x080014d5   Thumb Code   106  ads1256.o(i.Init_ADS1256_GPIO)
    Key_GPIO_Config                          0x08001549   Thumb Code    72  relay.o(i.Key_GPIO_Config)
    Key_Scan                                 0x0800159d   Thumb Code    24  relay.o(i.Key_Scan)
    LED_Init                                 0x08001619   Thumb Code    38  bsp_led.o(i.LED_Init)
    MemManage_Handler                        0x08001645   Thumb Code     4  stm32f4xx_it.o(i.MemManage_Handler)
    Mem_Clr                                  0x08001649   Thumb Code    18  lib_mem.o(i.Mem_Clr)
    Mem_Init                                 0x0800165d   Thumb Code    54  lib_mem.o(i.Mem_Init)
    Mem_SegCreate                            0x080016a9   Thumb Code    74  lib_mem.o(i.Mem_SegCreate)
    Mem_Set                                  0x08001715   Thumb Code    84  lib_mem.o(i.Mem_Set)
    NMI_Handler                              0x08001769   Thumb Code     2  stm32f4xx_it.o(i.NMI_Handler)
    NVIC_Init                                0x0800176d   Thumb Code   106  misc.o(i.NVIC_Init)
    NVIC_PriorityGroupConfig                 0x080017e5   Thumb Code    10  misc.o(i.NVIC_PriorityGroupConfig)
    OSCfg_Init                               0x080017f9   Thumb Code     2  os_cfg_app.o(i.OSCfg_Init)
    OSIdleTaskHook                           0x080017fd   Thumb Code    16  os_cpu_c.o(i.OSIdleTaskHook)
    OSInit                                   0x08001811   Thumb Code   270  os_core.o(i.OSInit)
    OSInitHook                               0x08001975   Thumb Code    28  os_cpu_c.o(i.OSInitHook)
    OSIntEnter                               0x0800199d   Thumb Code    34  os_core.o(i.OSIntEnter)
    OSIntExit                                0x080019c9   Thumb Code   188  os_core.o(i.OSIntExit)
    OSMutexCreate                            0x08001aa5   Thumb Code   102  os_mutex.o(i.OSMutexCreate)
    OSMutexPend                              0x08001b15   Thumb Code   450  os_mutex.o(i.OSMutexPend)
    OSMutexPost                              0x08001ce5   Thumb Code   384  os_mutex.o(i.OSMutexPost)
    OSSched                                  0x08001e71   Thumb Code   134  os_core.o(i.OSSched)
    OSSchedLock                              0x08001f15   Thumb Code    88  os_core.o(i.OSSchedLock)
    OSSchedUnlock                            0x08001f75   Thumb Code   120  os_core.o(i.OSSchedUnlock)
    OSStart                                  0x08001ff5   Thumb Code    78  os_core.o(i.OSStart)
    OSStatReset                              0x0800205d   Thumb Code   262  os_stat.o(i.OSStatReset)
    OSStatTaskCPUUsageInit                   0x08002185   Thumb Code   212  os_stat.o(i.OSStatTaskCPUUsageInit)
    OSStatTaskHook                           0x08002275   Thumb Code    16  os_cpu_c.o(i.OSStatTaskHook)
    OSTaskCreate                             0x08002289   Thumb Code   382  os_task.o(i.OSTaskCreate)
    OSTaskCreateHook                         0x08002419   Thumb Code    20  os_cpu_c.o(i.OSTaskCreateHook)
    OSTaskDel                                0x08002431   Thumb Code   380  os_task.o(i.OSTaskDel)
    OSTaskDelHook                            0x080025b9   Thumb Code    20  os_cpu_c.o(i.OSTaskDelHook)
    OSTaskResume                             0x080025d1   Thumb Code    80  os_task.o(i.OSTaskResume)
    OSTaskReturnHook                         0x08002625   Thumb Code    20  os_cpu_c.o(i.OSTaskReturnHook)
    OSTaskSemPend                            0x0800263d   Thumb Code   446  os_task.o(i.OSTaskSemPend)
    OSTaskSemPost                            0x08002805   Thumb Code    62  os_task.o(i.OSTaskSemPost)
    OSTaskStkChk                             0x08002845   Thumb Code   188  os_task.o(i.OSTaskStkChk)
    OSTaskStkInit                            0x08002905   Thumb Code   600  os_cpu_c.o(i.OSTaskStkInit)
    OSTaskSuspend                            0x08002bc9   Thumb Code    32  os_task.o(i.OSTaskSuspend)
    OSTaskSwHook                             0x08002bed   Thumb Code   168  os_cpu_c.o(i.OSTaskSwHook)
    OSTimeDly                                0x08002ca5   Thumb Code   156  os_time.o(i.OSTimeDly)
    OSTimeTick                               0x08002d49   Thumb Code    50  os_time.o(i.OSTimeTick)
    OSTimeTickHook                           0x08002d8d   Thumb Code    16  os_cpu_c.o(i.OSTimeTickHook)
    OS_CPU_SysTickHandler                    0x08002da1   Thumb Code    52  os_cpu_c.o(i.OS_CPU_SysTickHandler)
    OS_CPU_SysTickInit                       0x08002dd9   Thumb Code    44  os_cpu_c.o(i.OS_CPU_SysTickInit)
    OS_Dbg_Init                              0x08002e09   Thumb Code   146  os_dbg.o(i.OS_Dbg_Init)
    OS_FlagInit                              0x08002fb1   Thumb Code    14  os_flag.o(i.OS_FlagInit)
    OS_IdleTask                              0x08002fc9   Thumb Code    58  os_core.o(i.OS_IdleTask)
    OS_IdleTaskInit                          0x0800300d   Thumb Code    66  os_core.o(i.OS_IdleTaskInit)
    OS_MemInit                               0x0800307d   Thumb Code    14  os_mem.o(i.OS_MemInit)
    OS_MsgPoolInit                           0x08003095   Thumb Code   110  os_msg.o(i.OS_MsgPoolInit)
    OS_MsgQFreeAll                           0x08003111   Thumb Code    62  os_msg.o(i.OS_MsgQFreeAll)
    OS_MsgQInit                              0x08003155   Thumb Code    14  os_msg.o(i.OS_MsgQInit)
    OS_MutexDbgListAdd                       0x08003165   Thumb Code    38  os_mutex.o(i.OS_MutexDbgListAdd)
    OS_MutexGrpAdd                           0x08003195   Thumb Code     8  os_mutex.o(i.OS_MutexGrpAdd)
    OS_MutexGrpPostAll                       0x0800319d   Thumb Code    96  os_mutex.o(i.OS_MutexGrpPostAll)
    OS_MutexGrpPrioFindHighest               0x080031fd   Thumb Code    44  os_mutex.o(i.OS_MutexGrpPrioFindHighest)
    OS_MutexGrpRemove                        0x08003229   Thumb Code    28  os_mutex.o(i.OS_MutexGrpRemove)
    OS_MutexInit                             0x08003245   Thumb Code    14  os_mutex.o(i.OS_MutexInit)
    OS_Pend                                  0x0800325d   Thumb Code   100  os_core.o(i.OS_Pend)
    OS_PendDataInit                          0x080032c5   Thumb Code    40  os_core.o(i.OS_PendDataInit)
    OS_PendDbgNameAdd                        0x080032ed   Thumb Code    66  os_core.o(i.OS_PendDbgNameAdd)
    OS_PendDbgNameRemove                     0x08003349   Thumb Code    30  os_core.o(i.OS_PendDbgNameRemove)
    OS_PendListChangePrio                    0x0800336d   Thumb Code    58  os_core.o(i.OS_PendListChangePrio)
    OS_PendListInit                          0x080033a7   Thumb Code    10  os_core.o(i.OS_PendListInit)
    OS_PendListInsertPrio                    0x080033b1   Thumb Code   102  os_core.o(i.OS_PendListInsertPrio)
    OS_PendListRemove                        0x08003417   Thumb Code    52  os_core.o(i.OS_PendListRemove)
    OS_PendListRemove1                       0x0800344b   Thumb Code    66  os_core.o(i.OS_PendListRemove1)
    OS_Post                                  0x0800348d   Thumb Code   214  os_core.o(i.OS_Post)
    OS_Post1                                 0x08003563   Thumb Code    44  os_core.o(i.OS_Post1)
    OS_PrioGetHighest                        0x08003591   Thumb Code    36  os_prio.o(i.OS_PrioGetHighest)
    OS_PrioInit                              0x080035b9   Thumb Code    20  os_prio.o(i.OS_PrioInit)
    OS_PrioInsert                            0x080035d1   Thumb Code    32  os_prio.o(i.OS_PrioInsert)
    OS_PrioRemove                            0x080035f5   Thumb Code    32  os_prio.o(i.OS_PrioRemove)
    OS_QInit                                 0x08003619   Thumb Code    14  os_q.o(i.OS_QInit)
    OS_RdyListInit                           0x08003631   Thumb Code    32  os_core.o(i.OS_RdyListInit)
    OS_RdyListInsert                         0x08003655   Thumb Code    40  os_core.o(i.OS_RdyListInsert)
    OS_RdyListInsertHead                     0x08003681   Thumb Code    58  os_core.o(i.OS_RdyListInsertHead)
    OS_RdyListInsertTail                     0x080036c1   Thumb Code    56  os_core.o(i.OS_RdyListInsertTail)
    OS_RdyListRemove                         0x080036fd   Thumb Code    86  os_core.o(i.OS_RdyListRemove)
    OS_SchedLockTimeMeasStart                0x08003759   Thumb Code    20  os_core.o(i.OS_SchedLockTimeMeasStart)
    OS_SchedLockTimeMeasStop                 0x08003775   Thumb Code    44  os_core.o(i.OS_SchedLockTimeMeasStop)
    OS_SemInit                               0x080037b1   Thumb Code    14  os_sem.o(i.OS_SemInit)
    OS_StatTask                              0x080037c9   Thumb Code   684  os_stat.o(i.OS_StatTask)
    OS_StatTaskInit                          0x08003ab1   Thumb Code   136  os_stat.o(i.OS_StatTaskInit)
    OS_TaskBlock                             0x08003b7d   Thumb Code    40  os_core.o(i.OS_TaskBlock)
    OS_TaskChangePrio                        0x08003ba9   Thumb Code   232  os_task.o(i.OS_TaskChangePrio)
    OS_TaskDbgListAdd                        0x08003c95   Thumb Code    42  os_task.o(i.OS_TaskDbgListAdd)
    OS_TaskDbgListRemove                     0x08003cc5   Thumb Code    64  os_task.o(i.OS_TaskDbgListRemove)
    OS_TaskInit                              0x08003d09   Thumb Code    18  os_task.o(i.OS_TaskInit)
    OS_TaskInitTCB                           0x08003d29   Thumb Code   176  os_task.o(i.OS_TaskInitTCB)
    OS_TaskResume                            0x08003de5   Thumb Code   256  os_task.o(i.OS_TaskResume)
    OS_TaskReturn                            0x08003ee5   Thumb Code    20  os_task.o(i.OS_TaskReturn)
    OS_TaskSemPost                           0x08003efd   Thumb Code   448  os_task.o(i.OS_TaskSemPost)
    OS_TaskSuspend                           0x080040c1   Thumb Code   272  os_task.o(i.OS_TaskSuspend)
    OS_TickListInsert                        0x080041d9   Thumb Code   134  os_tick.o(i.OS_TickListInsert)
    OS_TickListInsertDly                     0x08004261   Thumb Code   180  os_tick.o(i.OS_TickListInsertDly)
    OS_TickListRemove                        0x0800431d   Thumb Code    88  os_tick.o(i.OS_TickListRemove)
    OS_TickListResetPeak                     0x08004375   Thumb Code     2  os_tick.o(i.OS_TickListResetPeak)
    OS_TickTask                              0x08004525   Thumb Code    90  os_tick.o(i.OS_TickTask)
    OS_TickTaskInit                          0x08004589   Thumb Code   140  os_tick.o(i.OS_TickTaskInit)
    OS_TmrInit                               0x08004651   Thumb Code   200  os_tmr.o(i.OS_TmrInit)
    OS_TmrResetPeak                          0x0800479d   Thumb Code     2  os_tmr.o(i.OS_TmrResetPeak)
    OS_TmrTask                               0x080047a1   Thumb Code   134  os_tmr.o(i.OS_TmrTask)
    OS_TmrUnlink                             0x08004835   Thumb Code    58  os_tmr.o(i.OS_TmrUnlink)
    RCC_AHB1PeriphClockCmd                   0x0800488d   Thumb Code    26  stm32f4xx_rcc.o(i.RCC_AHB1PeriphClockCmd)
    RCC_APB1PeriphClockCmd                   0x080048ad   Thumb Code    26  stm32f4xx_rcc.o(i.RCC_APB1PeriphClockCmd)
    RCC_APB1PeriphResetCmd                   0x080048cd   Thumb Code    26  stm32f4xx_rcc.o(i.RCC_APB1PeriphResetCmd)
    RCC_APB2PeriphClockCmd                   0x080048ed   Thumb Code    26  stm32f4xx_rcc.o(i.RCC_APB2PeriphClockCmd)
    RCC_APB2PeriphResetCmd                   0x0800490d   Thumb Code    26  stm32f4xx_rcc.o(i.RCC_APB2PeriphResetCmd)
    RCC_GetClocksFreq                        0x0800492d   Thumb Code   214  stm32f4xx_rcc.o(i.RCC_GetClocksFreq)
    Relay_Config                             0x08004a15   Thumb Code   268  relay.o(i.Relay_Config)
    Relay_control                            0x08004b3d   Thumb Code   482  modbus.o(i.Relay_control)
    SPI1_Init                                0x08004d41   Thumb Code   152  ads1256.o(i.SPI1_Init)
    SPI_Cmd                                  0x08004de1   Thumb Code    24  stm32f4xx_spi.o(i.SPI_Cmd)
    SPI_I2S_GetFlagStatus                    0x08004df9   Thumb Code    18  stm32f4xx_spi.o(i.SPI_I2S_GetFlagStatus)
    SPI_I2S_ReceiveData                      0x08004e0b   Thumb Code     6  stm32f4xx_spi.o(i.SPI_I2S_ReceiveData)
    SPI_I2S_SendData                         0x08004e11   Thumb Code     4  stm32f4xx_spi.o(i.SPI_I2S_SendData)
    SPI_Init                                 0x08004e15   Thumb Code    60  stm32f4xx_spi.o(i.SPI_Init)
    SPI_WriteByte                            0x08004e51   Thumb Code    70  ads1256.o(i.SPI_WriteByte)
    SVC_Handler                              0x08004e9d   Thumb Code     2  stm32f4xx_it.o(i.SVC_Handler)
    Setzero_Init                             0x08004fc1   Thumb Code   222  data_processing_ucos.o(i.Setzero_Init)
    Step                                     0x080050b5   Thumb Code   540  new.o(i.Step)
    SystemInit                               0x08005305   Thumb Code    88  system_stm32f4xx.o(i.SystemInit)
    TIM2_IRQHandler                          0x0800536d   Thumb Code    16  stm32f4xx_it.o(i.TIM2_IRQHandler)
    TIM3_IRQHandler                          0x0800537d   Thumb Code    30  stm32f4xx_it.o(i.TIM3_IRQHandler)
    TIM4_IRQHandler                          0x080053a5   Thumb Code    88  stm32f4xx_it.o(i.TIM4_IRQHandler)
    TIM5_IRQHandler                          0x08005411   Thumb Code    12  stm32f4xx_it.o(i.TIM5_IRQHandler)
    TIMERExpiredISR                          0x08005421   Thumb Code    10  porttimer.o(i.TIMERExpiredISR)
    TIM_ARRPreloadConfig                     0x08005431   Thumb Code    24  stm32f4xx_tim.o(i.TIM_ARRPreloadConfig)
    TIM_ClearFlag                            0x08005449   Thumb Code     6  stm32f4xx_tim.o(i.TIM_ClearFlag)
    TIM_ClearITPendingBit                    0x0800544f   Thumb Code     6  stm32f4xx_tim.o(i.TIM_ClearITPendingBit)
    TIM_Cmd                                  0x08005455   Thumb Code    24  stm32f4xx_tim.o(i.TIM_Cmd)
    TIM_DeInit                               0x0800546d   Thumb Code   346  stm32f4xx_tim.o(i.TIM_DeInit)
    TIM_ITConfig                             0x080055fd   Thumb Code    18  stm32f4xx_tim.o(i.TIM_ITConfig)
    TIM_SetCounter                           0x0800565d   Thumb Code     4  stm32f4xx_tim.o(i.TIM_SetCounter)
    TIM_TimeBaseInit                         0x08005661   Thumb Code   104  stm32f4xx_tim.o(i.TIM_TimeBaseInit)
    TIMx_Configuration                       0x080056e5   Thumb Code    12  timer1.o(i.TIMx_Configuration)
    USART2_IRQHandler                        0x0800571d   Thumb Code    58  stm32f4xx_it.o(i.USART2_IRQHandler)
    USART_ClearITPendingBit                  0x0800575d   Thumb Code    30  stm32f4xx_usart.o(i.USART_ClearITPendingBit)
    USART_Cmd                                0x0800577b   Thumb Code    24  stm32f4xx_usart.o(i.USART_Cmd)
    USART_GetFlagStatus                      0x08005793   Thumb Code    26  stm32f4xx_usart.o(i.USART_GetFlagStatus)
    USART_GetITStatus                        0x080057ad   Thumb Code    84  stm32f4xx_usart.o(i.USART_GetITStatus)
    USART_ITConfig                           0x08005801   Thumb Code    74  stm32f4xx_usart.o(i.USART_ITConfig)
    USART_Init                               0x0800584d   Thumb Code   204  stm32f4xx_usart.o(i.USART_Init)
    USART_ReceiveData                        0x08005921   Thumb Code    10  stm32f4xx_usart.o(i.USART_ReceiveData)
    USART_SendData                           0x0800592b   Thumb Code     8  stm32f4xx_usart.o(i.USART_SendData)
    UsageFault_Handler                       0x08005933   Thumb Code     4  stm32f4xx_it.o(i.UsageFault_Handler)
    __0printf                                0x08005939   Thumb Code    22  printfa.o(i.__0printf)
    __1printf                                0x08005939   Thumb Code     0  printfa.o(i.__0printf)
    __2printf                                0x08005939   Thumb Code     0  printfa.o(i.__0printf)
    __c89printf                              0x08005939   Thumb Code     0  printfa.o(i.__0printf)
    printf                                   0x08005939   Thumb Code     0  printfa.o(i.__0printf)
    __scatterload_copy                       0x08005959   Thumb Code    14  handlers.o(i.__scatterload_copy)
    __scatterload_null                       0x08005967   Thumb Code     2  handlers.o(i.__scatterload_null)
    __scatterload_zeroinit                   0x08005969   Thumb Code    14  handlers.o(i.__scatterload_zeroinit)
    caijitongdao                             0x0800620d   Thumb Code  1402  data_processing_ucos.o(i.caijitongdao)
    eMBEnable                                0x080067b5   Thumb Code    32  mb.o(i.eMBEnable)
    eMBFuncReadCoils                         0x080067dd   Thumb Code   174  mbfunccoils.o(i.eMBFuncReadCoils)
    eMBFuncReadDiscreteInputs                0x0800688b   Thumb Code   172  mbfuncdisc.o(i.eMBFuncReadDiscreteInputs)
    eMBFuncReadHoldingRegister               0x08006937   Thumb Code   140  mbfuncholding.o(i.eMBFuncReadHoldingRegister)
    eMBFuncReadInputRegister                 0x080069c3   Thumb Code   140  mbfuncinput.o(i.eMBFuncReadInputRegister)
    eMBFuncReadWriteMultipleHoldingRegister  0x08006a4f   Thumb Code   212  mbfuncholding.o(i.eMBFuncReadWriteMultipleHoldingRegister)
    eMBFuncReportSlaveID                     0x08006b25   Thumb Code    30  mbfuncother.o(i.eMBFuncReportSlaveID)
    eMBFuncWriteCoil                         0x08006b4d   Thumb Code   112  mbfunccoils.o(i.eMBFuncWriteCoil)
    eMBFuncWriteHoldingRegister              0x08006bbd   Thumb Code    66  mbfuncholding.o(i.eMBFuncWriteHoldingRegister)
    eMBFuncWriteMultipleCoils                0x08006bff   Thumb Code   144  mbfunccoils.o(i.eMBFuncWriteMultipleCoils)
    eMBFuncWriteMultipleHoldingRegister      0x08006c8f   Thumb Code   110  mbfuncholding.o(i.eMBFuncWriteMultipleHoldingRegister)
    eMBInit                                  0x08006cfd   Thumb Code   150  mb.o(i.eMBInit)
    eMBPoll                                  0x08006ddd   Thumb Code   268  mb.o(i.eMBPoll)
    eMBRTUInit                               0x08006f15   Thumb Code    76  mbrtu.o(i.eMBRTUInit)
    eMBRTUReceive                            0x08006f65   Thumb Code    70  mbrtu.o(i.eMBRTUReceive)
    eMBRTUSend                               0x08006fb5   Thumb Code   124  mbrtu.o(i.eMBRTUSend)
    eMBRTUStart                              0x08007045   Thumb Code    30  mbrtu.o(i.eMBRTUStart)
    eMBRTUStop                               0x08007069   Thumb Code    24  mbrtu.o(i.eMBRTUStop)
    eMBRegCoilsCB                            0x08007081   Thumb Code   252  modbus.o(i.eMBRegCoilsCB)
    eMBRegDiscreteCB                         0x08007185   Thumb Code   178  modbus.o(i.eMBRegDiscreteCB)
    eMBRegHoldingCB                          0x08007241   Thumb Code   148  modbus.o(i.eMBRegHoldingCB)
    eMBRegInputCB                            0x080072dd   Thumb Code    86  modbus.o(i.eMBRegInputCB)
    fputc                                    0x0800733d   Thumb Code    32  bsp_debug_usart.o(i.fputc)
    main                                     0x08007361   Thumb Code    68  app.o(i.main)
    out_start_stop                           0x080073c1   Thumb Code   458  modbus.o(i.out_start_stop)
    prveMBError2Exception                    0x080075b1   Thumb Code    34  mbutils.o(i.prveMBError2Exception)
    prvvUARTRxISR                            0x080075d5   Thumb Code    10  portserial.o(i.prvvUARTRxISR)
    prvvUARTTxReadyISR                       0x080075e5   Thumb Code    10  portserial.o(i.prvvUARTTxReadyISR)
    relay17_Config                           0x080075f5   Thumb Code    84  data_processing_ucos.o(i.relay17_Config)
    reset                                    0x0800764d   Thumb Code    54  ads1256.o(i.reset)
    set_zero                                 0x0800768d   Thumb Code   328  data_processing_ucos.o(i.set_zero)
    usMBCRC16                                0x080077ed   Thumb Code    48  mbcrc.o(i.usMBCRC16)
    vMBPortSerialEnable                      0x08007825   Thumb Code    68  portserial.o(i.vMBPortSerialEnable)
    vMBPortTimersDisable                     0x0800786d   Thumb Code    32  porttimer.o(i.vMBPortTimersDisable)
    vMBPortTimersEnable                      0x0800788d   Thumb Code    40  porttimer.o(i.vMBPortTimersEnable)
    xMBPortEventGet                          0x080078b5   Thumb Code    26  portevent.o(i.xMBPortEventGet)
    xMBPortEventInit                         0x080078d9   Thumb Code    10  portevent.o(i.xMBPortEventInit)
    xMBPortEventPost                         0x080078e9   Thumb Code    16  portevent.o(i.xMBPortEventPost)
    xMBPortSerialGetByte                     0x08007901   Thumb Code    16  portserial.o(i.xMBPortSerialGetByte)
    xMBPortSerialInit                        0x08007915   Thumb Code   226  portserial.o(i.xMBPortSerialInit)
    xMBPortSerialPutByte                     0x08007a01   Thumb Code    16  portserial.o(i.xMBPortSerialPutByte)
    xMBPortTimersInit                        0x08007a15   Thumb Code   130  porttimer.o(i.xMBPortTimersInit)
    xMBRTUReceiveFSM                         0x08007a99   Thumb Code   122  mbrtu.o(i.xMBRTUReceiveFSM)
    xMBRTUTimerT35Expired                    0x08007b21   Thumb Code    60  mbrtu.o(i.xMBRTUTimerT35Expired)
    xMBRTUTransmitFSM                        0x08007b61   Thumb Code    94  mbrtu.o(i.xMBRTUTransmitFSM)
    xMBUtilGetBits                           0x08007bcd   Thumb Code    42  mbutils.o(i.xMBUtilGetBits)
    xMBUtilSetBits                           0x08007bf7   Thumb Code    96  mbutils.o(i.xMBUtilSetBits)
    OSCfg_IdleTaskStkBasePtr                 0x08007c58   Data           4  os_cfg_app.o(.constdata)
    OSCfg_IdleTaskStkLimit                   0x08007c5c   Data           4  os_cfg_app.o(.constdata)
    OSCfg_IdleTaskStkSize                    0x08007c60   Data           4  os_cfg_app.o(.constdata)
    OSCfg_IdleTaskStkSizeRAM                 0x08007c64   Data           4  os_cfg_app.o(.constdata)
    OSCfg_IntQBasePtr                        0x08007c68   Data           4  os_cfg_app.o(.constdata)
    OSCfg_IntQSize                           0x08007c6c   Data           2  os_cfg_app.o(.constdata)
    OSCfg_IntQSizeRAM                        0x08007c70   Data           4  os_cfg_app.o(.constdata)
    OSCfg_IntQTaskStkBasePtr                 0x08007c74   Data           4  os_cfg_app.o(.constdata)
    OSCfg_IntQTaskStkLimit                   0x08007c78   Data           4  os_cfg_app.o(.constdata)
    OSCfg_IntQTaskStkSize                    0x08007c7c   Data           4  os_cfg_app.o(.constdata)
    OSCfg_IntQTaskStkSizeRAM                 0x08007c80   Data           4  os_cfg_app.o(.constdata)
    OSCfg_ISRStkBasePtr                      0x08007c84   Data           4  os_cfg_app.o(.constdata)
    OSCfg_ISRStkSize                         0x08007c88   Data           4  os_cfg_app.o(.constdata)
    OSCfg_ISRStkSizeRAM                      0x08007c8c   Data           4  os_cfg_app.o(.constdata)
    OSCfg_MsgPoolSize                        0x08007c90   Data           2  os_cfg_app.o(.constdata)
    OSCfg_MsgPoolSizeRAM                     0x08007c94   Data           4  os_cfg_app.o(.constdata)
    OSCfg_MsgPoolBasePtr                     0x08007c98   Data           4  os_cfg_app.o(.constdata)
    OSCfg_StatTaskPrio                       0x08007c9c   Data           1  os_cfg_app.o(.constdata)
    OSCfg_StatTaskRate_Hz                    0x08007ca0   Data           4  os_cfg_app.o(.constdata)
    OSCfg_StatTaskStkBasePtr                 0x08007ca4   Data           4  os_cfg_app.o(.constdata)
    OSCfg_StatTaskStkLimit                   0x08007ca8   Data           4  os_cfg_app.o(.constdata)
    OSCfg_StatTaskStkSize                    0x08007cac   Data           4  os_cfg_app.o(.constdata)
    OSCfg_StatTaskStkSizeRAM                 0x08007cb0   Data           4  os_cfg_app.o(.constdata)
    OSCfg_StkSizeMin                         0x08007cb4   Data           4  os_cfg_app.o(.constdata)
    OSCfg_TickRate_Hz                        0x08007cb8   Data           4  os_cfg_app.o(.constdata)
    OSCfg_TickTaskPrio                       0x08007cbc   Data           1  os_cfg_app.o(.constdata)
    OSCfg_TickTaskStkBasePtr                 0x08007cc0   Data           4  os_cfg_app.o(.constdata)
    OSCfg_TickTaskStkLimit                   0x08007cc4   Data           4  os_cfg_app.o(.constdata)
    OSCfg_TickTaskStkSize                    0x08007cc8   Data           4  os_cfg_app.o(.constdata)
    OSCfg_TickTaskStkSizeRAM                 0x08007ccc   Data           4  os_cfg_app.o(.constdata)
    OSCfg_TmrTaskPrio                        0x08007cd0   Data           1  os_cfg_app.o(.constdata)
    OSCfg_TmrTaskRate_Hz                     0x08007cd4   Data           4  os_cfg_app.o(.constdata)
    OSCfg_TmrTaskStkBasePtr                  0x08007cd8   Data           4  os_cfg_app.o(.constdata)
    OSCfg_TmrTaskStkLimit                    0x08007cdc   Data           4  os_cfg_app.o(.constdata)
    OSCfg_TmrTaskStkSize                     0x08007ce0   Data           4  os_cfg_app.o(.constdata)
    OSCfg_TmrTaskStkSizeRAM                  0x08007ce4   Data           4  os_cfg_app.o(.constdata)
    OSCfg_DataSizeRAM                        0x08007ce8   Data           4  os_cfg_app.o(.constdata)
    OSDbg_DbgEn                              0x08007cec   Data           1  os_dbg.o(.constdata)
    OSDbg_ArgChkEn                           0x08007ced   Data           1  os_dbg.o(.constdata)
    OSDbg_AppHooksEn                         0x08007cee   Data           1  os_dbg.o(.constdata)
    OSDbg_EndiannessTest                     0x08007cf0   Data           4  os_dbg.o(.constdata)
    OSDbg_CalledFromISRChkEn                 0x08007cf4   Data           1  os_dbg.o(.constdata)
    OSDbg_FlagEn                             0x08007cf5   Data           1  os_dbg.o(.constdata)
    OSDbg_FlagGrp                            0x08007cf8   Data          40  os_dbg.o(.constdata)
    OSDbg_FlagDelEn                          0x08007d20   Data           1  os_dbg.o(.constdata)
    OSDbg_FlagModeClrEn                      0x08007d21   Data           1  os_dbg.o(.constdata)
    OSDbg_FlagPendAbortEn                    0x08007d22   Data           1  os_dbg.o(.constdata)
    OSDbg_FlagGrpSize                        0x08007d24   Data           2  os_dbg.o(.constdata)
    OSDbg_FlagWidth                          0x08007d26   Data           2  os_dbg.o(.constdata)
    OSDbg_IntQ                               0x08007d28   Data           2  os_dbg.o(.constdata)
    OSDbg_ISRPostDeferredEn                  0x08007d2a   Data           1  os_dbg.o(.constdata)
    OSDbg_Mem                                0x08007d2c   Data          32  os_dbg.o(.constdata)
    OSDbg_MemEn                              0x08007d4c   Data           1  os_dbg.o(.constdata)
    OSDbg_MemSize                            0x08007d4e   Data           2  os_dbg.o(.constdata)
    OSDbg_MsgEn                              0x08007d50   Data           1  os_dbg.o(.constdata)
    OSDbg_MsgSize                            0x08007d52   Data           2  os_dbg.o(.constdata)
    OSDbg_MsgPoolSize                        0x08007d54   Data           2  os_dbg.o(.constdata)
    OSDbg_MsgQSize                           0x08007d56   Data           2  os_dbg.o(.constdata)
    OSDbg_Mutex                              0x08007d58   Data          48  os_dbg.o(.constdata)
    OSDbg_MutexEn                            0x08007d88   Data           1  os_dbg.o(.constdata)
    OSDbg_MutexDelEn                         0x08007d89   Data           1  os_dbg.o(.constdata)
    OSDbg_MutexPendAbortEn                   0x08007d8a   Data           1  os_dbg.o(.constdata)
    OSDbg_MutexSize                          0x08007d8c   Data           2  os_dbg.o(.constdata)
    OSDbg_ObjTypeChkEn                       0x08007d8e   Data           1  os_dbg.o(.constdata)
    OSDbg_PendMultiEn                        0x08007d8f   Data           1  os_dbg.o(.constdata)
    OSDbg_PendDataSize                       0x08007d90   Data           2  os_dbg.o(.constdata)
    OSDbg_PendListSize                       0x08007d92   Data           2  os_dbg.o(.constdata)
    OSDbg_PendObjSize                        0x08007d94   Data           2  os_dbg.o(.constdata)
    OSDbg_PrioMax                            0x08007d96   Data           2  os_dbg.o(.constdata)
    OSDbg_PrioTblSize                        0x08007d98   Data           2  os_dbg.o(.constdata)
    OSDbg_PtrSize                            0x08007d9a   Data           2  os_dbg.o(.constdata)
    OSDbg_Q                                  0x08007d9c   Data          48  os_dbg.o(.constdata)
    OSDbg_QEn                                0x08007dcc   Data           1  os_dbg.o(.constdata)
    OSDbg_QDelEn                             0x08007dcd   Data           1  os_dbg.o(.constdata)
    OSDbg_QFlushEn                           0x08007dce   Data           1  os_dbg.o(.constdata)
    OSDbg_QPendAbortEn                       0x08007dcf   Data           1  os_dbg.o(.constdata)
    OSDbg_QSize                              0x08007dd0   Data           2  os_dbg.o(.constdata)
    OSDbg_SchedRoundRobinEn                  0x08007dd2   Data           1  os_dbg.o(.constdata)
    OSDbg_Sem                                0x08007dd4   Data          40  os_dbg.o(.constdata)
    OSDbg_SemEn                              0x08007dfc   Data           1  os_dbg.o(.constdata)
    OSDbg_SemDelEn                           0x08007dfd   Data           1  os_dbg.o(.constdata)
    OSDbg_SemPendAbortEn                     0x08007dfe   Data           1  os_dbg.o(.constdata)
    OSDbg_SemSetEn                           0x08007dff   Data           1  os_dbg.o(.constdata)
    OSDbg_SemSize                            0x08007e00   Data           2  os_dbg.o(.constdata)
    OSDbg_RdyList                            0x08007e02   Data           2  os_dbg.o(.constdata)
    OSDbg_RdyListSize                        0x08007e04   Data           4  os_dbg.o(.constdata)
    OSDbg_StkWidth                           0x08007e08   Data           1  os_dbg.o(.constdata)
    OSDbg_StatTaskEn                         0x08007e09   Data           1  os_dbg.o(.constdata)
    OSDbg_StatTaskStkChkEn                   0x08007e0a   Data           1  os_dbg.o(.constdata)
    OSDbg_TaskChangePrioEn                   0x08007e0b   Data           1  os_dbg.o(.constdata)
    OSDbg_TaskDelEn                          0x08007e0c   Data           1  os_dbg.o(.constdata)
    OSDbg_TaskQEn                            0x08007e0d   Data           1  os_dbg.o(.constdata)
    OSDbg_TaskQPendAbortEn                   0x08007e0e   Data           1  os_dbg.o(.constdata)
    OSDbg_TaskProfileEn                      0x08007e0f   Data           1  os_dbg.o(.constdata)
    OSDbg_TaskRegTblSize                     0x08007e10   Data           2  os_dbg.o(.constdata)
    OSDbg_TaskSemPendAbortEn                 0x08007e12   Data           1  os_dbg.o(.constdata)
    OSDbg_TaskSuspendEn                      0x08007e13   Data           1  os_dbg.o(.constdata)
    OSDbg_TCBSize                            0x08007e14   Data           2  os_dbg.o(.constdata)
    OSDbg_TickListSize                       0x08007e16   Data           2  os_dbg.o(.constdata)
    OSDbg_TimeDlyHMSMEn                      0x08007e18   Data           1  os_dbg.o(.constdata)
    OSDbg_TimeDlyResumeEn                    0x08007e19   Data           1  os_dbg.o(.constdata)
    OSDbg_TLS_TblSize                        0x08007e1a   Data           2  os_dbg.o(.constdata)
    OSDbg_Tmr                                0x08007e1c   Data          48  os_dbg.o(.constdata)
    OSDbg_TmrEn                              0x08007e4c   Data           1  os_dbg.o(.constdata)
    OSDbg_TmrDelEn                           0x08007e4d   Data           1  os_dbg.o(.constdata)
    OSDbg_TmrSize                            0x08007e4e   Data           2  os_dbg.o(.constdata)
    OSDbg_VersionNbr                         0x08007e50   Data           2  os_dbg.o(.constdata)
    OSDbg_DataSize                           0x08007e54   Data           4  os_dbg.o(.constdata)
    Region$$Table$$Base                      0x08008058   Number         0  anon$$obj.o(Region$$Table)
    Region$$Table$$Limit                     0x08008078   Number         0  anon$$obj.o(Region$$Table)
    CPU_TS_TmrFreq_Hz                        0x20000010   Data           4  cpu_core.o(.data)
    Mem_SegHeadPtr                           0x20000014   Data           4  lib_mem.o(.data)
    OSPrioTbl                                0x20000018   Data           8  os_prio.o(.data)
    OS_AppTaskCreateHookPtr                  0x20000020   Data           4  os_var.o(.data)
    OS_AppTaskDelHookPtr                     0x20000024   Data           4  os_var.o(.data)
    OS_AppTaskReturnHookPtr                  0x20000028   Data           4  os_var.o(.data)
    OS_AppIdleTaskHookPtr                    0x2000002c   Data           4  os_var.o(.data)
    OS_AppStatTaskHookPtr                    0x20000030   Data           4  os_var.o(.data)
    OS_AppTaskSwHookPtr                      0x20000034   Data           4  os_var.o(.data)
    OS_AppTimeTickHookPtr                    0x20000038   Data           4  os_var.o(.data)
    OSIdleTaskCtr                            0x2000003c   Data           4  os_var.o(.data)
    OSIntNestingCtr                          0x20000040   Data           1  os_var.o(.data)
    OSRunning                                0x20000041   Data           1  os_var.o(.data)
    OSFlagDbgListPtr                         0x20000044   Data           4  os_var.o(.data)
    OSFlagQty                                0x20000048   Data           2  os_var.o(.data)
    OSMemDbgListPtr                          0x2000004c   Data           4  os_var.o(.data)
    OSMemQty                                 0x20000050   Data           2  os_var.o(.data)
    OSMutexDbgListPtr                        0x20000054   Data           4  os_var.o(.data)
    OSMutexQty                               0x20000058   Data           2  os_var.o(.data)
    OSPrioCur                                0x2000005a   Data           1  os_var.o(.data)
    OSPrioHighRdy                            0x2000005b   Data           1  os_var.o(.data)
    OSPrioSaved                              0x2000005c   Data           1  os_var.o(.data)
    OSQDbgListPtr                            0x20000060   Data           4  os_var.o(.data)
    OSQQty                                   0x20000064   Data           2  os_var.o(.data)
    OSSchedLockTimeBegin                     0x20000068   Data           4  os_var.o(.data)
    OSSchedLockTimeMax                       0x2000006c   Data           4  os_var.o(.data)
    OSSchedLockTimeMaxCur                    0x20000070   Data           4  os_var.o(.data)
    OSSchedLockNestingCtr                    0x20000074   Data           1  os_var.o(.data)
    OSSemDbgListPtr                          0x20000078   Data           4  os_var.o(.data)
    OSSemQty                                 0x2000007c   Data           2  os_var.o(.data)
    OSStatResetFlag                          0x2000007e   Data           1  os_var.o(.data)
    OSStatTaskCPUUsage                       0x20000080   Data           2  os_var.o(.data)
    OSStatTaskCPUUsageMax                    0x20000082   Data           2  os_var.o(.data)
    OSStatTaskCtr                            0x20000084   Data           4  os_var.o(.data)
    OSStatTaskCtrMax                         0x20000088   Data           4  os_var.o(.data)
    OSStatTaskCtrRun                         0x2000008c   Data           4  os_var.o(.data)
    OSStatTaskRdy                            0x20000090   Data           1  os_var.o(.data)
    OSStatTaskTimeMax                        0x20000094   Data           4  os_var.o(.data)
    OSTaskCtxSwCtr                           0x20000098   Data           4  os_var.o(.data)
    OSTaskDbgListPtr                         0x2000009c   Data           4  os_var.o(.data)
    OSTaskQty                                0x200000a0   Data           2  os_var.o(.data)
    OSTaskRegNextAvailID                     0x200000a2   Data           1  os_var.o(.data)
    OSTickCtr                                0x200000a4   Data           4  os_var.o(.data)
    OSTickTaskTimeMax                        0x200000a8   Data           4  os_var.o(.data)
    OSTickListDly                            0x200000ac   Data           8  os_var.o(.data)
    OSTickListTimeout                        0x200000b4   Data           8  os_var.o(.data)
    OSTmrDbgListPtr                          0x200000bc   Data           4  os_var.o(.data)
    OSTmrListEntries                         0x200000c0   Data           2  os_var.o(.data)
    OSTmrListPtr                             0x200000c4   Data           4  os_var.o(.data)
    OSTmrQty                                 0x200000c8   Data           2  os_var.o(.data)
    OSTmrTaskTimeMax                         0x200000cc   Data           4  os_var.o(.data)
    OSTmrTickCtr                             0x200000d0   Data           4  os_var.o(.data)
    OSTmrUpdateCnt                           0x200000d4   Data           4  os_var.o(.data)
    OSTmrUpdateCtr                           0x200000d8   Data           4  os_var.o(.data)
    OSTCBCurPtr                              0x200000dc   Data           4  os_var.o(.data)
    OSTCBHighRdyPtr                          0x200000e0   Data           4  os_var.o(.data)
    OS_CPU_ExceptStkBase                     0x200000e4   Data           4  os_cpu_c.o(.data)
    biaozun_AD1                              0x200000e8   Data           4  data_processing_ucos.o(.data)
    quyanggeshu                              0x200000ec   Data           1  data_processing_ucos.o(.data)
    AD_10_c1                                 0x200000f0   Data           4  data_processing_ucos.o(.data)
    AD_100_c1                                0x200000f4   Data           4  data_processing_ucos.o(.data)
    biaozun_AD_c1                            0x200000f8   Data           4  data_processing_ucos.o(.data)
    AD_10_c2                                 0x200000fc   Data           4  data_processing_ucos.o(.data)
    AD_100_c2                                0x20000100   Data           4  data_processing_ucos.o(.data)
    biaozun_AD_c2                            0x20000104   Data           4  data_processing_ucos.o(.data)
    AD_10_c3                                 0x20000108   Data           4  data_processing_ucos.o(.data)
    AD_100_c3                                0x2000010c   Data           4  data_processing_ucos.o(.data)
    biaozun_AD_c3                            0x20000110   Data           4  data_processing_ucos.o(.data)
    AD_10_c4                                 0x20000114   Data           4  data_processing_ucos.o(.data)
    AD_100_c4                                0x20000118   Data           4  data_processing_ucos.o(.data)
    biaozun_AD_c4                            0x2000011c   Data           4  data_processing_ucos.o(.data)
    liangcheng_1001_c1                       0x20000120   Data           4  data_processing_ucos.o(.data)
    liangcheng_101_c1                        0x20000124   Data           4  data_processing_ucos.o(.data)
    fenzixishu1_c1                           0x20000128   Data           4  data_processing_ucos.o(.data)
    liangcheng_1001_c2                       0x2000012c   Data           4  data_processing_ucos.o(.data)
    liangcheng_101_c2                        0x20000130   Data           4  data_processing_ucos.o(.data)
    fenzixishu1_c2                           0x20000134   Data           4  data_processing_ucos.o(.data)
    liangcheng_1001_c3                       0x20000138   Data           4  data_processing_ucos.o(.data)
    liangcheng_101_c3                        0x2000013c   Data           4  data_processing_ucos.o(.data)
    fenzixishu1_c3                           0x20000140   Data           4  data_processing_ucos.o(.data)
    liangcheng_1001_c4                       0x20000144   Data           4  data_processing_ucos.o(.data)
    liangcheng_101_c4                        0x20000148   Data           4  data_processing_ucos.o(.data)
    fenzixishu1_c4                           0x2000014c   Data           4  data_processing_ucos.o(.data)
    tesye                                    0x20000150   Data           4  data_processing_ucos.o(.data)
    liangcheng_101                           0x20000154   Data           4  data_processing_ucos.o(.data)
    fenzixishu1                              0x20000158   Data           4  data_processing_ucos.o(.data)
    test_data1                               0x2000015c   Data           4  data_processing_ucos.o(.data)
    test_data20                              0x20000160   Data           4  data_processing_ucos.o(.data)
    test_data21                              0x20000164   Data           4  data_processing_ucos.o(.data)
    test_data22                              0x20000168   Data           4  data_processing_ucos.o(.data)
    test_data23                              0x2000016c   Data           4  data_processing_ucos.o(.data)
    test_data24                              0x20000170   Data           4  data_processing_ucos.o(.data)
    test_data25                              0x20000174   Data           4  data_processing_ucos.o(.data)
    test_data26                              0x20000178   Data           4  data_processing_ucos.o(.data)
    test_data28                              0x2000017c   Data           4  data_processing_ucos.o(.data)
    channel_2_baoya                          0x20000180   Data           4  data_processing_ucos.o(.data)
    channel_3_baoya                          0x20000184   Data           4  data_processing_ucos.o(.data)
    channel_4_baoya                          0x20000188   Data           4  data_processing_ucos.o(.data)
    channel_2_presser                        0x2000018c   Data           4  data_processing_ucos.o(.data)
    channel_3_presser                        0x20000190   Data           4  data_processing_ucos.o(.data)
    channel_4_presser                        0x20000194   Data           4  data_processing_ucos.o(.data)
    Timer5_cout                              0x20000198   Data           4  modbus.o(.data)
    Timer4_cout                              0x2000019c   Data           4  modbus.o(.data)
    Timer3_cout                              0x200001a0   Data           4  modbus.o(.data)
    Timer1_cout                              0x200001a4   Data           4  modbus.o(.data)
    GS_Flag                                  0x200001a8   Data           2  modbus.o(.data)
    usSDiscInStart                           0x200001aa   Data           2  modbus.o(.data)
    ucSDiscInBuf                             0x200001ac   Data           2  modbus.o(.data)
    usSCoilStart                             0x200001ae   Data           2  modbus.o(.data)
    usSRegInStart                            0x200001b0   Data           2  modbus.o(.data)
    usSRegHoldStart                          0x200001b2   Data           2  modbus.o(.data)
    TIMER5_flag                              0x200001b4   Data           1  modbus.o(.data)
    test_data2                               0x200001b8   Data           4  modbus.o(.data)
    test_data3                               0x200001bc   Data           4  modbus.o(.data)
    test_data4                               0x200001c0   Data           4  modbus.o(.data)
    test_data5                               0x200001c4   Data           4  modbus.o(.data)
    test_data6                               0x200001c8   Data           4  modbus.o(.data)
    test_data7                               0x200001cc   Data           4  modbus.o(.data)
    test_data8                               0x200001d0   Data           4  modbus.o(.data)
    test_data14                              0x200001d4   Data           4  modbus.o(.data)
    test_data27                              0x200001d8   Data           4  modbus.o(.data)
    Leakage                                  0x200001dc   Data           4  modbus.o(.data)
    Leakage_c2                               0x200001e0   Data           4  modbus.o(.data)
    Leakage_c3                               0x200001e4   Data           4  modbus.o(.data)
    Leakage_c4                               0x200001e8   Data           4  modbus.o(.data)
    pxMBFrameCBByteReceived                  0x20000214   Data           4  mb.o(.data)
    pxMBFrameCBTransmitterEmpty              0x20000218   Data           4  mb.o(.data)
    pxMBPortCBTimerExpired                   0x2000021c   Data           4  mb.o(.data)
    pxMBFrameCBReceiveFSMCur                 0x20000220   Data           4  mb.o(.data)
    pxMBFrameCBTransmitFSMCur                0x20000224   Data           4  mb.o(.data)
    __stdout                                 0x200002b4   Data           4  stdout.o(.data)
    CPU_Name                                 0x200016f8   Data          16  cpu_core.o(.bss)
    Mem_Heap                                 0x20001708   Data        3072  lib_mem.o(.bss)
    Mem_SegHeap                              0x20002308   Data          20  lib_mem.o(.bss)
    OSCfg_IdleTaskStk                        0x2000231c   Data         256  os_cfg_app.o(.bss)
    OSCfg_ISRStk                             0x2000241c   Data         400  os_cfg_app.o(.bss)
    OSCfg_MsgPool                            0x200025ac   Data        1600  os_cfg_app.o(.bss)
    OSCfg_StatTaskStk                        0x20002bec   Data         400  os_cfg_app.o(.bss)
    OSCfg_TickTaskStk                        0x20002d7c   Data         400  os_cfg_app.o(.bss)
    OSCfg_TmrTaskStk                         0x20002f0c   Data         400  os_cfg_app.o(.bss)
    OSIdleTaskTCB                            0x2000309c   Data         192  os_var.o(.bss)
    OSMsgPool                                0x2000315c   Data          12  os_var.o(.bss)
    OSRdyList                                0x20003168   Data         768  os_var.o(.bss)
    OSStatTaskTCB                            0x20003468   Data         192  os_var.o(.bss)
    OSTickTaskTCB                            0x20003528   Data         192  os_var.o(.bss)
    OSTmrMutex                               0x200035e8   Data          48  os_var.o(.bss)
    OSTmrTaskTCB                             0x20003618   Data         192  os_var.o(.bss)
    Adc                                      0x200036d8   Data          16  data_processing_ucos.o(.bss)
    pianyiliang                              0x200036e8   Data          16  data_processing_ucos.o(.bss)
    channel                                  0x200036f8   Data         384  data_processing_ucos.o(.bss)
    ucSCoilBuf                               0x20003878   Data          14  modbus.o(.bss)
    usSRegInBuf                              0x20003886   Data         200  modbus.o(.bss)
    usSRegHoldBuf                            0x2000394e   Data         500  modbus.o(.bss)
    ucRTUBuf                                 0x20003b62   Data         256  mbrtu.o(.bss)
    __initial_sp                             0x20004c68   Data           0  startup_stm32f429_439xx.o(STACK)



==============================================================================

Memory Map of the image

  Image Entry point : 0x080001ad

  Load Region LR_IROM1 (Base: 0x08000000, Size: 0x00008330, Max: 0x00100000, ABSOLUTE, COMPRESSED[0x000080e0])

    Execution Region ER_IROM1 (Base: 0x08000000, Size: 0x00008078, Max: 0x00100000, ABSOLUTE)

    Base Addr    Size         Type   Attr      Idx    E Section Name        Object

    0x08000000   0x000001ac   Data   RO            3    RESET               startup_stm32f429_439xx.o
    0x080001ac   0x00000000   Code   RO         8420  * .ARM.Collect$$$$00000000  mc_w.l(entry.o)
    0x080001ac   0x00000004   Code   RO         8698    .ARM.Collect$$$$00000001  mc_w.l(entry2.o)
    0x080001b0   0x00000004   Code   RO         8701    .ARM.Collect$$$$00000004  mc_w.l(entry5.o)
    0x080001b4   0x00000000   Code   RO         8703    .ARM.Collect$$$$00000008  mc_w.l(entry7b.o)
    0x080001b4   0x00000000   Code   RO         8705    .ARM.Collect$$$$0000000A  mc_w.l(entry8b.o)
    0x080001b4   0x00000008   Code   RO         8706    .ARM.Collect$$$$0000000B  mc_w.l(entry9a.o)
    0x080001bc   0x00000000   Code   RO         8708    .ARM.Collect$$$$0000000D  mc_w.l(entry10a.o)
    0x080001bc   0x00000000   Code   RO         8710    .ARM.Collect$$$$0000000F  mc_w.l(entry11a.o)
    0x080001bc   0x00000004   Code   RO         8699    .ARM.Collect$$$$00002712  mc_w.l(entry2.o)
    0x080001c0   0x0000004c   Code   RO            4    .text               startup_stm32f429_439xx.o
    0x0800020c   0x00000034   Code   RO         5845    .text               cpu_a.o
    0x08000240   0x00000062   Code   RO         8423    .text               mc_w.l(uldiv.o)
    0x080002a2   0x00000024   Code   RO         8425    .text               mc_w.l(memcpya.o)
    0x080002c6   0x0000014e   Code   RO         8690    .text               mf_w.l(dadd.o)
    0x08000414   0x000000e4   Code   RO         8692    .text               mf_w.l(dmul.o)
    0x080004f8   0x00000026   Code   RO         8696    .text               mf_w.l(f2d.o)
    0x0800051e   0x0000002c   Code   RO         8713    .text               mc_w.l(uidiv.o)
    0x0800054a   0x0000001e   Code   RO         8715    .text               mc_w.l(llshl.o)
    0x08000568   0x00000020   Code   RO         8717    .text               mc_w.l(llushr.o)
    0x08000588   0x00000024   Code   RO         8719    .text               mc_w.l(llsshr.o)
    0x080005ac   0x00000000   Code   RO         8721    .text               mc_w.l(iusefp.o)
    0x080005ac   0x000000ba   Code   RO         8722    .text               mf_w.l(depilogue.o)
    0x08000666   0x000000de   Code   RO         8724    .text               mf_w.l(ddiv.o)
    0x08000744   0x00000030   Code   RO         8726    .text               mf_w.l(dfixul.o)
    0x08000774   0x00000030   Code   RO         8728    .text               mf_w.l(cdrcmple.o)
    0x080007a4   0x00000024   Code   RO         8730    .text               mc_w.l(init.o)
    0x080007c8   0x00000056   Code   RO         8740    .text               mc_w.l(__dczerorl2.o)
    0x0800081e   0x00000002   PAD
    0x08000820   0x0000010c   Code   RO         7469    CODE                os_cpu_a.o
    0x0800092c   0x0000007c   Code   RO         7560    i.ADS1256ReadData   ads1256.o
    0x080009a8   0x00000048   Code   RO         7561    i.ADS1256WREG       ads1256.o
    0x080009f0   0x00000090   Code   RO         7562    i.ADS1256_Init      ads1256.o
    0x08000a80   0x00000170   Code   RO         7623    i.AD_calibration_c1  data_processing_ucos.o
    0x08000bf0   0x0000017c   Code   RO         7624    i.AD_calibration_c2  data_processing_ucos.o
    0x08000d6c   0x0000017c   Code   RO         7625    i.AD_calibration_c3  data_processing_ucos.o
    0x08000ee8   0x0000017c   Code   RO         7626    i.AD_calibration_c4  data_processing_ucos.o
    0x08001064   0x00000024   Code   RO         5397    i.AppTaskLed1       app.o
    0x08001088   0x000000dc   Code   RO         5398    i.AppTaskLed2       app.o
    0x08001164   0x000000d8   Code   RO         5399    i.AppTaskStart      app.o
    0x0800123c   0x0000000e   Code   RO         5538    i.BSP_CPU_ClkFreq   bsp.o
    0x0800124a   0x00000038   Code   RO         5539    i.BSP_Init          bsp.o
    0x08001282   0x00000004   Code   RO         5161    i.BusFault_Handler  stm32f4xx_it.o
    0x08001286   0x0000000c   Code   RO         5727    i.CPU_Init          cpu_core.o
    0x08001292   0x00000002   PAD
    0x08001294   0x00000030   Code   RO         5728    i.CPU_NameClr       cpu_core.o
    0x080012c4   0x00000008   Code   RO         5730    i.CPU_NameInit      cpu_core.o
    0x080012cc   0x00000004   Code   RO         5732    i.CPU_SW_Exception  cpu_core.o
    0x080012d0   0x00000014   Code   RO         5734    i.CPU_TS_Init       cpu_core.o
    0x080012e4   0x0000000c   Code   RO         5736    i.CPU_TS_TmrFreqSet  cpu_core.o
    0x080012f0   0x00000034   Code   RO         5542    i.CPU_TS_TmrInit    bsp.o
    0x08001324   0x0000000c   Code   RO         5543    i.CPU_TS_TmrRd      bsp.o
    0x08001330   0x00000098   Code   RO         5686    i.DEBUG_USART_Config  bsp_debug_usart.o
    0x080013c8   0x00000002   Code   RO         5162    i.DebugMon_Handler  stm32f4xx_it.o
    0x080013ca   0x0000000c   Code   RO         7627    i.Delays1           data_processing_ucos.o
    0x080013d6   0x00000004   Code   RO         8402    i.EnterCriticalSection  port.o
    0x080013da   0x00000004   Code   RO         8403    i.ExitCriticalSection  port.o
    0x080013de   0x00000090   Code   RO         2046    i.GPIO_Init         stm32f4xx_gpio.o
    0x0800146e   0x00000046   Code   RO         2047    i.GPIO_PinAFConfig  stm32f4xx_gpio.o
    0x080014b4   0x00000012   Code   RO         2050    i.GPIO_ReadInputDataBit  stm32f4xx_gpio.o
    0x080014c6   0x00000004   Code   RO         2053    i.GPIO_ResetBits    stm32f4xx_gpio.o
    0x080014ca   0x00000004   Code   RO         2054    i.GPIO_SetBits      stm32f4xx_gpio.o
    0x080014ce   0x00000004   Code   RO         5163    i.HardFault_Handler  stm32f4xx_it.o
    0x080014d2   0x00000002   PAD
    0x080014d4   0x00000074   Code   RO         7563    i.Init_ADS1256_GPIO  ads1256.o
    0x08001548   0x00000054   Code   RO         8215    i.Key_GPIO_Config   relay.o
    0x0800159c   0x00000018   Code   RO         8216    i.Key_Scan          relay.o
    0x080015b4   0x00000064   Code   RO         5614    i.LED_GPIO_Config   bsp_led.o
    0x08001618   0x0000002c   Code   RO         5615    i.LED_Init          bsp_led.o
    0x08001644   0x00000004   Code   RO         5164    i.MemManage_Handler  stm32f4xx_it.o
    0x08001648   0x00000012   Code   RO         6047    i.Mem_Clr           lib_mem.o
    0x0800165a   0x00000002   PAD
    0x0800165c   0x0000004c   Code   RO         6057    i.Mem_Init          lib_mem.o
    0x080016a8   0x0000004a   Code   RO         6070    i.Mem_SegCreate     lib_mem.o
    0x080016f2   0x00000002   PAD
    0x080016f4   0x00000020   Code   RO         6071    i.Mem_SegCreateCritical  lib_mem.o
    0x08001714   0x00000054   Code   RO         6074    i.Mem_Set           lib_mem.o
    0x08001768   0x00000002   Code   RO         5165    i.NMI_Handler       stm32f4xx_it.o
    0x0800176a   0x00000002   PAD
    0x0800176c   0x00000078   Code   RO          164    i.NVIC_Init         misc.o
    0x080017e4   0x00000014   Code   RO          165    i.NVIC_PriorityGroupConfig  misc.o
    0x080017f8   0x00000002   Code   RO         6382    i.OSCfg_Init        os_cfg_app.o
    0x080017fa   0x00000002   PAD
    0x080017fc   0x00000014   Code   RO         7472    i.OSIdleTaskHook    os_cpu_c.o
    0x08001810   0x00000164   Code   RO         6405    i.OSInit            os_core.o
    0x08001974   0x00000028   Code   RO         7473    i.OSInitHook        os_cpu_c.o
    0x0800199c   0x0000002c   Code   RO         6406    i.OSIntEnter        os_core.o
    0x080019c8   0x000000dc   Code   RO         6407    i.OSIntExit         os_core.o
    0x08001aa4   0x00000070   Code   RO         6798    i.OSMutexCreate     os_mutex.o
    0x08001b14   0x000001d0   Code   RO         6800    i.OSMutexPend       os_mutex.o
    0x08001ce4   0x0000018c   Code   RO         6802    i.OSMutexPost       os_mutex.o
    0x08001e70   0x000000a4   Code   RO         6408    i.OSSched           os_core.o
    0x08001f14   0x00000060   Code   RO         6409    i.OSSchedLock       os_core.o
    0x08001f74   0x00000080   Code   RO         6410    i.OSSchedUnlock     os_core.o
    0x08001ff4   0x00000068   Code   RO         6411    i.OSStart           os_core.o
    0x0800205c   0x00000128   Code   RO         7069    i.OSStatReset       os_stat.o
    0x08002184   0x000000f0   Code   RO         7070    i.OSStatTaskCPUUsageInit  os_stat.o
    0x08002274   0x00000014   Code   RO         7474    i.OSStatTaskHook    os_cpu_c.o
    0x08002288   0x00000190   Code   RO         7100    i.OSTaskCreate      os_task.o
    0x08002418   0x00000018   Code   RO         7475    i.OSTaskCreateHook  os_cpu_c.o
    0x08002430   0x00000188   Code   RO         7101    i.OSTaskDel         os_task.o
    0x080025b8   0x00000018   Code   RO         7476    i.OSTaskDelHook     os_cpu_c.o
    0x080025d0   0x00000054   Code   RO         7109    i.OSTaskResume      os_task.o
    0x08002624   0x00000018   Code   RO         7477    i.OSTaskReturnHook  os_cpu_c.o
    0x0800263c   0x000001c8   Code   RO         7110    i.OSTaskSemPend     os_task.o
    0x08002804   0x0000003e   Code   RO         7112    i.OSTaskSemPost     os_task.o
    0x08002842   0x00000002   PAD
    0x08002844   0x000000c0   Code   RO         7114    i.OSTaskStkChk      os_task.o
    0x08002904   0x000002c4   Code   RO         7478    i.OSTaskStkInit     os_cpu_c.o
    0x08002bc8   0x00000024   Code   RO         7115    i.OSTaskSuspend     os_task.o
    0x08002bec   0x000000b8   Code   RO         7479    i.OSTaskSwHook      os_cpu_c.o
    0x08002ca4   0x000000a4   Code   RO         7319    i.OSTimeDly         os_time.o
    0x08002d48   0x00000044   Code   RO         7324    i.OSTimeTick        os_time.o
    0x08002d8c   0x00000014   Code   RO         7480    i.OSTimeTickHook    os_cpu_c.o
    0x08002da0   0x00000038   Code   RO         7481    i.OS_CPU_SysTickHandler  os_cpu_c.o
    0x08002dd8   0x00000030   Code   RO         7482    i.OS_CPU_SysTickInit  os_cpu_c.o
    0x08002e08   0x000001a8   Code   RO         6621    i.OS_Dbg_Init       os_dbg.o
    0x08002fb0   0x00000018   Code   RO         6646    i.OS_FlagInit       os_flag.o
    0x08002fc8   0x00000044   Code   RO         6413    i.OS_IdleTask       os_core.o
    0x0800300c   0x00000070   Code   RO         6414    i.OS_IdleTaskInit   os_core.o
    0x0800307c   0x00000018   Code   RO         6730    i.OS_MemInit        os_mem.o
    0x08003094   0x0000007c   Code   RO         6762    i.OS_MsgPoolInit    os_msg.o
    0x08003110   0x00000044   Code   RO         6763    i.OS_MsgQFreeAll    os_msg.o
    0x08003154   0x0000000e   Code   RO         6765    i.OS_MsgQInit       os_msg.o
    0x08003162   0x00000002   PAD
    0x08003164   0x00000030   Code   RO         6804    i.OS_MutexDbgListAdd  os_mutex.o
    0x08003194   0x00000008   Code   RO         6806    i.OS_MutexGrpAdd    os_mutex.o
    0x0800319c   0x00000060   Code   RO         6807    i.OS_MutexGrpPostAll  os_mutex.o
    0x080031fc   0x0000002c   Code   RO         6808    i.OS_MutexGrpPrioFindHighest  os_mutex.o
    0x08003228   0x0000001c   Code   RO         6809    i.OS_MutexGrpRemove  os_mutex.o
    0x08003244   0x00000018   Code   RO         6810    i.OS_MutexInit      os_mutex.o
    0x0800325c   0x00000068   Code   RO         6415    i.OS_Pend           os_core.o
    0x080032c4   0x00000028   Code   RO         6418    i.OS_PendDataInit   os_core.o
    0x080032ec   0x0000005c   Code   RO         6419    i.OS_PendDbgNameAdd  os_core.o
    0x08003348   0x00000024   Code   RO         6420    i.OS_PendDbgNameRemove  os_core.o
    0x0800336c   0x0000003a   Code   RO         6421    i.OS_PendListChangePrio  os_core.o
    0x080033a6   0x0000000a   Code   RO         6422    i.OS_PendListInit   os_core.o
    0x080033b0   0x00000066   Code   RO         6424    i.OS_PendListInsertPrio  os_core.o
    0x08003416   0x00000034   Code   RO         6425    i.OS_PendListRemove  os_core.o
    0x0800344a   0x00000042   Code   RO         6426    i.OS_PendListRemove1  os_core.o
    0x0800348c   0x000000d6   Code   RO         6429    i.OS_Post           os_core.o
    0x08003562   0x0000002c   Code   RO         6430    i.OS_Post1          os_core.o
    0x0800358e   0x00000002   PAD
    0x08003590   0x00000028   Code   RO         6888    i.OS_PrioGetHighest  os_prio.o
    0x080035b8   0x00000018   Code   RO         6889    i.OS_PrioInit       os_prio.o
    0x080035d0   0x00000024   Code   RO         6890    i.OS_PrioInsert     os_prio.o
    0x080035f4   0x00000024   Code   RO         6891    i.OS_PrioRemove     os_prio.o
    0x08003618   0x00000018   Code   RO         6934    i.OS_QInit          os_q.o
    0x08003630   0x00000024   Code   RO         6431    i.OS_RdyListInit    os_core.o
    0x08003654   0x0000002c   Code   RO         6432    i.OS_RdyListInsert  os_core.o
    0x08003680   0x00000040   Code   RO         6433    i.OS_RdyListInsertHead  os_core.o
    0x080036c0   0x0000003c   Code   RO         6434    i.OS_RdyListInsertTail  os_core.o
    0x080036fc   0x0000005c   Code   RO         6436    i.OS_RdyListRemove  os_core.o
    0x08003758   0x0000001c   Code   RO         6437    i.OS_SchedLockTimeMeasStart  os_core.o
    0x08003774   0x0000003c   Code   RO         6438    i.OS_SchedLockTimeMeasStop  os_core.o
    0x080037b0   0x00000018   Code   RO         7006    i.OS_SemInit        os_sem.o
    0x080037c8   0x000002e8   Code   RO         7071    i.OS_StatTask       os_stat.o
    0x08003ab0   0x000000cc   Code   RO         7072    i.OS_StatTaskInit   os_stat.o
    0x08003b7c   0x0000002c   Code   RO         6439    i.OS_TaskBlock      os_core.o
    0x08003ba8   0x000000ec   Code   RO         7116    i.OS_TaskChangePrio  os_task.o
    0x08003c94   0x00000030   Code   RO         7117    i.OS_TaskDbgListAdd  os_task.o
    0x08003cc4   0x00000044   Code   RO         7118    i.OS_TaskDbgListRemove  os_task.o
    0x08003d08   0x00000020   Code   RO         7119    i.OS_TaskInit       os_task.o
    0x08003d28   0x000000bc   Code   RO         7120    i.OS_TaskInitTCB    os_task.o
    0x08003de4   0x00000100   Code   RO         7122    i.OS_TaskResume     os_task.o
    0x08003ee4   0x00000018   Code   RO         7123    i.OS_TaskReturn     os_task.o
    0x08003efc   0x000001c4   Code   RO         7124    i.OS_TaskSemPost    os_task.o
    0x080040c0   0x00000118   Code   RO         7125    i.OS_TaskSuspend    os_task.o
    0x080041d8   0x00000086   Code   RO         7267    i.OS_TickListInsert  os_tick.o
    0x0800425e   0x00000002   PAD
    0x08004260   0x000000bc   Code   RO         7268    i.OS_TickListInsertDly  os_tick.o
    0x0800431c   0x00000058   Code   RO         7269    i.OS_TickListRemove  os_tick.o
    0x08004374   0x00000002   Code   RO         7270    i.OS_TickListResetPeak  os_tick.o
    0x08004376   0x00000002   PAD
    0x08004378   0x00000098   Code   RO         7271    i.OS_TickListUpdateDly  os_tick.o
    0x08004410   0x00000114   Code   RO         7272    i.OS_TickListUpdateTimeout  os_tick.o
    0x08004524   0x00000064   Code   RO         7273    i.OS_TickTask       os_tick.o
    0x08004588   0x000000c8   Code   RO         7274    i.OS_TickTaskInit   os_tick.o
    0x08004650   0x00000134   Code   RO         7370    i.OS_TmrInit        os_tmr.o
    0x08004784   0x00000018   Code   RO         7371    i.OS_TmrLock        os_tmr.o
    0x0800479c   0x00000002   Code   RO         7372    i.OS_TmrResetPeak   os_tmr.o
    0x0800479e   0x00000002   PAD
    0x080047a0   0x00000094   Code   RO         7373    i.OS_TmrTask        os_tmr.o
    0x08004834   0x00000044   Code   RO         7374    i.OS_TmrUnlink      os_tmr.o
    0x08004878   0x00000014   Code   RO         7375    i.OS_TmrUnlock      os_tmr.o
    0x0800488c   0x00000020   Code   RO         2960    i.RCC_AHB1PeriphClockCmd  stm32f4xx_rcc.o
    0x080048ac   0x00000020   Code   RO         2969    i.RCC_APB1PeriphClockCmd  stm32f4xx_rcc.o
    0x080048cc   0x00000020   Code   RO         2971    i.RCC_APB1PeriphResetCmd  stm32f4xx_rcc.o
    0x080048ec   0x00000020   Code   RO         2972    i.RCC_APB2PeriphClockCmd  stm32f4xx_rcc.o
    0x0800490c   0x00000020   Code   RO         2974    i.RCC_APB2PeriphResetCmd  stm32f4xx_rcc.o
    0x0800492c   0x000000e8   Code   RO         2981    i.RCC_GetClocksFreq  stm32f4xx_rcc.o
    0x08004a14   0x00000128   Code   RO         8217    i.Relay_Config      relay.o
    0x08004b3c   0x00000204   Code   RO         7742    i.Relay_control     modbus.o
    0x08004d40   0x000000a0   Code   RO         7564    i.SPI1_Init         ads1256.o
    0x08004de0   0x00000018   Code   RO         4115    i.SPI_Cmd           stm32f4xx_spi.o
    0x08004df8   0x00000012   Code   RO         4123    i.SPI_I2S_GetFlagStatus  stm32f4xx_spi.o
    0x08004e0a   0x00000006   Code   RO         4126    i.SPI_I2S_ReceiveData  stm32f4xx_spi.o
    0x08004e10   0x00000004   Code   RO         4127    i.SPI_I2S_SendData  stm32f4xx_spi.o
    0x08004e14   0x0000003c   Code   RO         4128    i.SPI_Init          stm32f4xx_spi.o
    0x08004e50   0x0000004c   Code   RO         7565    i.SPI_WriteByte     ads1256.o
    0x08004e9c   0x00000002   Code   RO         5167    i.SVC_Handler       stm32f4xx_it.o
    0x08004e9e   0x00000002   PAD
    0x08004ea0   0x00000120   Code   RO           13    i.SetSysClock       system_stm32f4xx.o
    0x08004fc0   0x000000f4   Code   RO         7628    i.Setzero_Init      data_processing_ucos.o
    0x080050b4   0x00000250   Code   RO         7816    i.Step              new.o
    0x08005304   0x00000068   Code   RO           15    i.SystemInit        system_stm32f4xx.o
    0x0800536c   0x00000010   Code   RO         5169    i.TIM2_IRQHandler   stm32f4xx_it.o
    0x0800537c   0x00000028   Code   RO         5170    i.TIM3_IRQHandler   stm32f4xx_it.o
    0x080053a4   0x0000006c   Code   RO         5171    i.TIM4_IRQHandler   stm32f4xx_it.o
    0x08005410   0x00000010   Code   RO         5172    i.TIM5_IRQHandler   stm32f4xx_it.o
    0x08005420   0x00000010   Code   RO         8356    i.TIMERExpiredISR   porttimer.o
    0x08005430   0x00000018   Code   RO         4341    i.TIM_ARRPreloadConfig  stm32f4xx_tim.o
    0x08005448   0x00000006   Code   RO         4347    i.TIM_ClearFlag     stm32f4xx_tim.o
    0x0800544e   0x00000006   Code   RO         4348    i.TIM_ClearITPendingBit  stm32f4xx_tim.o
    0x08005454   0x00000018   Code   RO         4353    i.TIM_Cmd           stm32f4xx_tim.o
    0x0800546c   0x00000190   Code   RO         4358    i.TIM_DeInit        stm32f4xx_tim.o
    0x080055fc   0x00000012   Code   RO         4378    i.TIM_ITConfig      stm32f4xx_tim.o
    0x0800560e   0x00000002   PAD
    0x08005610   0x0000004c   Code   RO         8168    i.TIM_Mode_Config   timer1.o
    0x0800565c   0x00000004   Code   RO         4419    i.TIM_SetCounter    stm32f4xx_tim.o
    0x08005660   0x00000084   Code   RO         4425    i.TIM_TimeBaseInit  stm32f4xx_tim.o
    0x080056e4   0x0000000c   Code   RO         8169    i.TIMx_Configuration  timer1.o
    0x080056f0   0x0000002a   Code   RO         8170    i.TIMx_NVIC_Configuration  timer1.o
    0x0800571a   0x00000002   PAD
    0x0800571c   0x00000040   Code   RO         5173    i.USART2_IRQHandler  stm32f4xx_it.o
    0x0800575c   0x0000001e   Code   RO         4904    i.USART_ClearITPendingBit  stm32f4xx_usart.o
    0x0800577a   0x00000018   Code   RO         4907    i.USART_Cmd         stm32f4xx_usart.o
    0x08005792   0x0000001a   Code   RO         4910    i.USART_GetFlagStatus  stm32f4xx_usart.o
    0x080057ac   0x00000054   Code   RO         4911    i.USART_GetITStatus  stm32f4xx_usart.o
    0x08005800   0x0000004a   Code   RO         4913    i.USART_ITConfig    stm32f4xx_usart.o
    0x0800584a   0x00000002   PAD
    0x0800584c   0x000000d4   Code   RO         4914    i.USART_Init        stm32f4xx_usart.o
    0x08005920   0x0000000a   Code   RO         4921    i.USART_ReceiveData  stm32f4xx_usart.o
    0x0800592a   0x00000008   Code   RO         4924    i.USART_SendData    stm32f4xx_usart.o
    0x08005932   0x00000004   Code   RO         5174    i.UsageFault_Handler  stm32f4xx_it.o
    0x08005936   0x00000002   PAD
    0x08005938   0x00000020   Code   RO         8662    i.__0printf         mc_w.l(printfa.o)
    0x08005958   0x0000000e   Code   RO         8734    i.__scatterload_copy  mc_w.l(handlers.o)
    0x08005966   0x00000002   Code   RO         8735    i.__scatterload_null  mc_w.l(handlers.o)
    0x08005968   0x0000000e   Code   RO         8736    i.__scatterload_zeroinit  mc_w.l(handlers.o)
    0x08005976   0x00000002   PAD
    0x08005978   0x00000164   Code   RO         8669    i._fp_digits        mc_w.l(printfa.o)
    0x08005adc   0x000006dc   Code   RO         8670    i._printf_core      mc_w.l(printfa.o)
    0x080061b8   0x00000024   Code   RO         8671    i._printf_post_padding  mc_w.l(printfa.o)
    0x080061dc   0x0000002e   Code   RO         8672    i._printf_pre_padding  mc_w.l(printfa.o)
    0x0800620a   0x00000002   PAD
    0x0800620c   0x000005a8   Code   RO         7629    i.caijitongdao      data_processing_ucos.o
    0x080067b4   0x00000028   Code   RO         8080    i.eMBEnable         mb.o
    0x080067dc   0x000000ae   Code   RO         7847    i.eMBFuncReadCoils  mbfunccoils.o
    0x0800688a   0x000000ac   Code   RO         7889    i.eMBFuncReadDiscreteInputs  mbfuncdisc.o
    0x08006936   0x0000008c   Code   RO         7901    i.eMBFuncReadHoldingRegister  mbfuncholding.o
    0x080069c2   0x0000008c   Code   RO         7931    i.eMBFuncReadInputRegister  mbfuncinput.o
    0x08006a4e   0x000000d4   Code   RO         7902    i.eMBFuncReadWriteMultipleHoldingRegister  mbfuncholding.o
    0x08006b22   0x00000002   PAD
    0x08006b24   0x00000028   Code   RO         7943    i.eMBFuncReportSlaveID  mbfuncother.o
    0x08006b4c   0x00000070   Code   RO         7848    i.eMBFuncWriteCoil  mbfunccoils.o
    0x08006bbc   0x00000042   Code   RO         7903    i.eMBFuncWriteHoldingRegister  mbfuncholding.o
    0x08006bfe   0x00000090   Code   RO         7849    i.eMBFuncWriteMultipleCoils  mbfunccoils.o
    0x08006c8e   0x0000006e   Code   RO         7904    i.eMBFuncWriteMultipleHoldingRegister  mbfuncholding.o
    0x08006cfc   0x000000e0   Code   RO         8081    i.eMBInit           mb.o
    0x08006ddc   0x00000138   Code   RO         8082    i.eMBPoll           mb.o
    0x08006f14   0x00000050   Code   RO         8005    i.eMBRTUInit        mbrtu.o
    0x08006f64   0x00000050   Code   RO         8006    i.eMBRTUReceive     mbrtu.o
    0x08006fb4   0x00000090   Code   RO         8007    i.eMBRTUSend        mbrtu.o
    0x08007044   0x00000024   Code   RO         8008    i.eMBRTUStart       mbrtu.o
    0x08007068   0x00000018   Code   RO         8009    i.eMBRTUStop        mbrtu.o
    0x08007080   0x00000104   Code   RO         7744    i.eMBRegCoilsCB     modbus.o
    0x08007184   0x000000bc   Code   RO         7745    i.eMBRegDiscreteCB  modbus.o
    0x08007240   0x0000009c   Code   RO         7746    i.eMBRegHoldingCB   modbus.o
    0x080072dc   0x00000060   Code   RO         7747    i.eMBRegInputCB     modbus.o
    0x0800733c   0x00000024   Code   RO         5688    i.fputc             bsp_debug_usart.o
    0x08007360   0x00000060   Code   RO         5400    i.main              app.o
    0x080073c0   0x000001f0   Code   RO         7748    i.out_start_stop    modbus.o
    0x080075b0   0x00000022   Code   RO         7964    i.prveMBError2Exception  mbutils.o
    0x080075d2   0x00000002   PAD
    0x080075d4   0x00000010   Code   RO         8302    i.prvvUARTRxISR     portserial.o
    0x080075e4   0x00000010   Code   RO         8303    i.prvvUARTTxReadyISR  portserial.o
    0x080075f4   0x00000058   Code   RO         7632    i.relay17_Config    data_processing_ucos.o
    0x0800764c   0x00000040   Code   RO         7566    i.reset             ads1256.o
    0x0800768c   0x00000160   Code   RO         7633    i.set_zero          data_processing_ucos.o
    0x080077ec   0x00000038   Code   RO         7988    i.usMBCRC16         mbcrc.o
    0x08007824   0x00000048   Code   RO         8304    i.vMBPortSerialEnable  portserial.o
    0x0800786c   0x00000020   Code   RO         8357    i.vMBPortTimersDisable  porttimer.o
    0x0800788c   0x00000028   Code   RO         8358    i.vMBPortTimersEnable  porttimer.o
    0x080078b4   0x00000024   Code   RO         8251    i.xMBPortEventGet   portevent.o
    0x080078d8   0x00000010   Code   RO         8252    i.xMBPortEventInit  portevent.o
    0x080078e8   0x00000018   Code   RO         8253    i.xMBPortEventPost  portevent.o
    0x08007900   0x00000014   Code   RO         8305    i.xMBPortSerialGetByte  portserial.o
    0x08007914   0x000000ec   Code   RO         8306    i.xMBPortSerialInit  portserial.o
    0x08007a00   0x00000014   Code   RO         8307    i.xMBPortSerialPutByte  portserial.o
    0x08007a14   0x00000082   Code   RO         8359    i.xMBPortTimersInit  porttimer.o
    0x08007a96   0x00000002   PAD
    0x08007a98   0x00000088   Code   RO         8010    i.xMBRTUReceiveFSM  mbrtu.o
    0x08007b20   0x00000040   Code   RO         8011    i.xMBRTUTimerT35Expired  mbrtu.o
    0x08007b60   0x0000006c   Code   RO         8012    i.xMBRTUTransmitFSM  mbrtu.o
    0x08007bcc   0x0000002a   Code   RO         7965    i.xMBUtilGetBits    mbutils.o
    0x08007bf6   0x00000060   Code   RO         7966    i.xMBUtilSetBits    mbutils.o
    0x08007c56   0x00000002   PAD
    0x08007c58   0x00000094   Data   RO         6384    .constdata          os_cfg_app.o
    0x08007cec   0x0000016c   Data   RO         6622    .constdata          os_dbg.o
    0x08007e58   0x00000200   Data   RO         7989    .constdata          mbcrc.o
    0x08008058   0x00000020   Data   RO         8732    Region$$Table       anon$$obj.o


    Execution Region RW_IRAM1 (Base: 0x20000000, Size: 0x00004c68, Max: 0x00030000, ABSOLUTE, COMPRESSED[0x00000068])

    Base Addr    Size         Type   Attr      Idx    E Section Name        Object

    0x20000000   0x00000010   Data   RW         3013    .data               stm32f4xx_rcc.o
    0x20000010   0x00000004   Data   RW         5740    .data               cpu_core.o
    0x20000014   0x00000004   Data   RW         6076    .data               lib_mem.o
    0x20000018   0x00000008   Data   RW         6892    .data               os_prio.o
    0x20000020   0x000000c4   Data   RW         7456    .data               os_var.o
    0x200000e4   0x00000004   Data   RW         7483    .data               os_cpu_c.o
    0x200000e8   0x000000b0   Data   RW         7636    .data               data_processing_ucos.o
    0x20000198   0x00000054   Data   RW         7750    .data               modbus.o
    0x200001ec   0x00000002   Data   RW         7946    .data               mbfuncother.o
    0x200001ee   0x00000002   PAD
    0x200001f0   0x0000000c   Data   RW         8014    .data               mbrtu.o
    0x200001fc   0x000000b5   Data   RW         8084    .data               mb.o
    0x200002b1   0x00000002   Data   RW         8254    .data               portevent.o
    0x200002b3   0x00000001   PAD
    0x200002b4   0x00000004   Data   RW         8712    .data               mc_w.l(stdout.o)
    0x200002b8   0x00001440   Zero   RW         5401    .bss                app.o
    0x200016f8   0x00000010   Zero   RW         5738    .bss                cpu_core.o
    0x20001708   0x00000c14   Zero   RW         6075    .bss                lib_mem.o
    0x2000231c   0x00000d80   Zero   RW         6383    .bss                os_cfg_app.o
    0x2000309c   0x0000063c   Zero   RW         7455    .bss                os_var.o
    0x200036d8   0x000001a0   Zero   RW         7634    .bss                data_processing_ucos.o
    0x20003878   0x000002ca   Zero   RW         7749    .bss                modbus.o
    0x20003b42   0x00000020   Zero   RW         7945    .bss                mbfuncother.o
    0x20003b62   0x00000100   Zero   RW         8013    .bss                mbrtu.o
    0x20003c62   0x00000006   PAD
    0x20003c68   0x00001000   Zero   RW            1    STACK               startup_stm32f429_439xx.o


==============================================================================

Image component sizes


      Code (inc. data)   RO Data    RW Data    ZI Data      Debug   Object Name

       756         60          0          0          0       4835   ads1256.o
       568        106          0          0       5184      30998   app.o
       134         14          0          0          0       2389   bsp.o
       188         12          0          0          0       1413   bsp_debug_usart.o
       144         12          0          0          0       1191   bsp_led.o
         0          0          0          0          0       1228   bsp_rs232_usart.o
        52          0          0          0          0        388   cpu_a.o
         0          0          0          0          0       7852   cpu_c.o
       104         18          0          4         16       5636   cpu_core.o
      3652        512          0        176        416      17834   data_processing_ucos.o
       284         26          0          4       3092      15737   lib_mem.o
       576        126          0        181          0       4756   mb.o
        56          8        512          0          0       1488   mbcrc.o
       430          0          0          0          0       6254   mbfunccoils.o
       172          0          0          0          0       1800   mbfuncdisc.o
       528          0          0          0          0       5543   mbfuncholding.o
       140          0          0          0          0       1759   mbfuncinput.o
        40         10          0          2         32       1659   mbfuncother.o
       672         72          0         12        256       7279   mbrtu.o
       172          0          0          0          0       3002   mbutils.o
       140         24          0          0          0       1987   misc.o
      1712        108          0         84        714      12687   modbus.o
       592         52          0          0          0        815   new.o
         2          0        148          0       3456      19527   os_cfg_app.o
      2538        352          0          0          0      21278   os_core.o
       268         14          0          0          0        476   os_cpu_a.o
      1168        168          0          4          0      27923   os_cpu_c.o
       424        278        364          0          0       4969   os_dbg.o
        24         10          0          0          0       1026   os_flag.o
        24         10          0          0          0       1033   os_mem.o
       206         20          0          0          0       2648   os_msg.o
      1220         56          0          0          0       7851   os_mutex.o
       136         16          0          8          0       3354   os_prio.o
        24         10          0          0          0       1027   os_q.o
        24         10          0          0          0       1025   os_sem.o
      1484        190          0          0          0       4303   os_stat.o
      3206        164          0          0          0      14893   os_task.o
      1140         88          0          0          0       7030   os_tick.o
       232         26          0          0          0       1865   os_time.o
       570        142          0          0          0       4575   os_tmr.o
         0          0          0        196       1596      18004   os_var.o
         8          0          0          0          0       1101   port.o
        76         24          0          2          0       4237   portevent.o
       380         34          0          0          0       4809   portserial.o
       218          6          0          0          0       2623   porttimer.o
       404         40          0          0          0       2480   relay.o
        76         16        428          0       4096       1056   startup_stm32f429_439xx.o
       240          0          0          0          0       4359   stm32f4xx_gpio.o
       266         40          0          0          0      46930   stm32f4xx_it.o
       392         48          0         16          0       6905   stm32f4xx_rcc.o
       112          0          0          0          0       4330   stm32f4xx_spi.o
       614         82          0          0          0       6677   stm32f4xx_tim.o
       468          8          0          0          0       7347   stm32f4xx_usart.o
       392         32          0          0          0     305145   system_stm32f4xx.o
       130          6          0          0          0       1773   timer1.o

    ----------------------------------------------------------------------
     27620       3050       1484        692      18864     681109   Object Totals
         0          0         32          0          0          0   (incl. Generated)
        42          0          0          3          6          0   (incl. Padding)

    ----------------------------------------------------------------------

      Code (inc. data)   RO Data    RW Data    ZI Data      Debug   Library Member Name

        86          0          0          0          0          0   __dczerorl2.o
         0          0          0          0          0          0   entry.o
         0          0          0          0          0          0   entry10a.o
         0          0          0          0          0          0   entry11a.o
         8          4          0          0          0          0   entry2.o
         4          0          0          0          0          0   entry5.o
         0          0          0          0          0          0   entry7b.o
         0          0          0          0          0          0   entry8b.o
         8          4          0          0          0          0   entry9a.o
        30          0          0          0          0          0   handlers.o
        36          8          0          0          0         68   init.o
         0          0          0          0          0          0   iusefp.o
        30          0          0          0          0         68   llshl.o
        36          0          0          0          0         68   llsshr.o
        32          0          0          0          0         68   llushr.o
        36          0          0          0          0         68   memcpya.o
      2226         90          0          0          0        444   printfa.o
         0          0          0          4          0          0   stdout.o
        44          0          0          0          0         80   uidiv.o
        98          0          0          0          0         92   uldiv.o
        48          0          0          0          0         68   cdrcmple.o
       334          0          0          0          0        148   dadd.o
       222          0          0          0          0        100   ddiv.o
       186          0          0          0          0        176   depilogue.o
        48          0          0          0          0         68   dfixul.o
       228          0          0          0          0         96   dmul.o
        38          0          0          0          0         68   f2d.o

    ----------------------------------------------------------------------
      3784        106          0          4          0       1680   Library Totals
         6          0          0          0          0          0   (incl. Padding)

    ----------------------------------------------------------------------

      Code (inc. data)   RO Data    RW Data    ZI Data      Debug   Library Name

      2674        106          0          4          0        956   mc_w.l
      1104          0          0          0          0        724   mf_w.l

    ----------------------------------------------------------------------
      3784        106          0          4          0       1680   Library Totals

    ----------------------------------------------------------------------

==============================================================================


      Code (inc. data)   RO Data    RW Data    ZI Data      Debug   

     31404       3156       1484        696      18864     659141   Grand Totals
     31404       3156       1484        104      18864     659141   ELF Image Totals (compressed)
     31404       3156       1484        104          0          0   ROM Totals

==============================================================================

    Total RO  Size (Code + RO Data)                32888 (  32.12kB)
    Total RW  Size (RW Data + ZI Data)             19560 (  19.10kB)
    Total ROM Size (Code + RO Data + RW Data)      32992 (  32.22kB)

==============================================================================

